  Identification des projets ├á restaurer...
  Tous les projets sont ├á jour pour la restauration.
D:\Users\nair\Bureau\medcompa1, avant refactoring\MedCompanion\Dialogs\CreateLetterWithAIDialog.xaml.cs(35,45): warning CS8625: Impossible de convertir un litt├®ral ayant une valeur null en type r├®f├®rence non-nullable. [D:\Users\nair\Bureau\medcompa1, avant refactoring\MedCompanion\MedCompanion_j3wndi1g_wpftmp.csproj]
D:\Users\nair\Bureau\medcompa1, avant refactoring\MedCompanion\Models\MCCMatchResult.cs(82,45): warning CS8625: Impossible de convertir un litt├®ral ayant une valeur null en type r├®f├®rence non-nullable. [D:\Users\nair\Bureau\medcompa1, avant refactoring\MedCompanion\MedCompanion_j3wndi1g_wpftmp.csproj]
D:\Users\nair\Bureau\medcompa1, avant refactoring\MedCompanion\Models\MCCMatchResult.cs(106,32): warning CS8625: Impossible de convertir un litt├®ral ayant une valeur null en type r├®f├®rence non-nullable. [D:\Users\nair\Bureau\medcompa1, avant refactoring\MedCompanion\MedCompanion_j3wndi1g_wpftmp.csproj]
D:\Users\nair\Bureau\medcompa1, avant refactoring\MedCompanion\Views\BusyOverlay.xaml.cs(53,21): warning CS0108: 'BusyOverlayViewModel.IsBusy' masque le membre h├®rit├® 'ViewModelBase.IsBusy'. Utilisez le mot cl├® new si le masquage est intentionnel. [D:\Users\nair\Bureau\medcompa1, avant refactoring\MedCompanion\MedCompanion_j3wndi1g_wpftmp.csproj]
D:\Users\nair\Bureau\medcompa1, avant refactoring\MedCompanion\Services\MCCMatchingService.cs(219,45): warning CS8625: Impossible de convertir un litt├®ral ayant une valeur null en type r├®f├®rence non-nullable. [D:\Users\nair\Bureau\medcompa1, avant refactoring\MedCompanion\MedCompanion_j3wndi1g_wpftmp.csproj]
D:\Users\nair\Bureau\medcompa1, avant refactoring\MedCompanion\Services\MCCMatchingService.cs(220,47): warning CS8625: Impossible de convertir un litt├®ral ayant une valeur null en type r├®f├®rence non-nullable. [D:\Users\nair\Bureau\medcompa1, avant refactoring\MedCompanion\MedCompanion_j3wndi1g_wpftmp.csproj]
D:\Users\nair\Bureau\medcompa1, avant refactoring\MedCompanion\Services\PromptReformulationService.cs(109,52): warning CS8625: Impossible de convertir un litt├®ral ayant une valeur null en type r├®f├®rence non-nullable. [D:\Users\nair\Bureau\medcompa1, avant refactoring\MedCompanion\MedCompanion_j3wndi1g_wpftmp.csproj]
D:\Users\nair\Bureau\medcompa1, avant refactoring\MedCompanion\Services\TemplateLibraryService.cs(34,84): warning CS8625: Impossible de convertir un litt├®ral ayant une valeur null en type r├®f├®rence non-nullable. [D:\Users\nair\Bureau\medcompa1, avant refactoring\MedCompanion\MedCompanion_j3wndi1g_wpftmp.csproj]
D:\Users\nair\Bureau\medcompa1, avant refactoring\MedCompanion\LetterService.cs(37,16): warning CS8618: Le champ ┬½┬á_promptConfig┬á┬╗ non-nullable doit contenir une valeur autre que Null lors de la fermeture du constructeur. Envisagez dÔÇÖajouter le modificateur ┬½┬árequired┬á┬╗ ou de d├®clarer le champ comme pouvant accepter la valeur Null. [D:\Users\nair\Bureau\medcompa1, avant refactoring\MedCompanion\MedCompanion_j3wndi1g_wpftmp.csproj]
D:\Users\nair\Bureau\medcompa1, avant refactoring\MedCompanion\LetterService.cs(37,16): warning CS8618: Le champ ┬½┬á_cachedSystemPrompt┬á┬╗ non-nullable doit contenir une valeur autre que Null lors de la fermeture du constructeur. Envisagez dÔÇÖajouter le modificateur ┬½┬árequired┬á┬╗ ou de d├®clarer le champ comme pouvant accepter la valeur Null. [D:\Users\nair\Bureau\medcompa1, avant refactoring\MedCompanion\MedCompanion_j3wndi1g_wpftmp.csproj]
D:\Users\nair\Bureau\medcompa1, avant refactoring\MedCompanion\LetterService.cs(37,16): warning CS8618: Le champ ┬½┬á_cachedLetterWithContextPrompt┬á┬╗ non-nullable doit contenir une valeur autre que Null lors de la fermeture du constructeur. Envisagez dÔÇÖajouter le modificateur ┬½┬árequired┬á┬╗ ou de d├®clarer le champ comme pouvant accepter la valeur Null. [D:\Users\nair\Bureau\medcompa1, avant refactoring\MedCompanion\MedCompanion_j3wndi1g_wpftmp.csproj]
D:\Users\nair\Bureau\medcompa1, avant refactoring\MedCompanion\LetterService.cs(37,16): warning CS8618: Le champ ┬½┬á_cachedLetterNoContextPrompt┬á┬╗ non-nullable doit contenir une valeur autre que Null lors de la fermeture du constructeur. Envisagez dÔÇÖajouter le modificateur ┬½┬árequired┬á┬╗ ou de d├®clarer le champ comme pouvant accepter la valeur Null. [D:\Users\nair\Bureau\medcompa1, avant refactoring\MedCompanion\MedCompanion_j3wndi1g_wpftmp.csproj]
D:\Users\nair\Bureau\medcompa1, avant refactoring\MedCompanion\LetterService.cs(37,16): warning CS8618: Le champ ┬½┬á_cachedTemplateAdaptationPrompt┬á┬╗ non-nullable doit contenir une valeur autre que Null lors de la fermeture du constructeur. Envisagez dÔÇÖajouter le modificateur ┬½┬árequired┬á┬╗ ou de d├®clarer le champ comme pouvant accepter la valeur Null. [D:\Users\nair\Bureau\medcompa1, avant refactoring\MedCompanion\MedCompanion_j3wndi1g_wpftmp.csproj]
D:\Users\nair\Bureau\medcompa1, avant refactoring\MedCompanion\Converters\ValueConverters.cs(114,24): warning CS8603: Existence possible d'un retour de r├®f├®rence null. [D:\Users\nair\Bureau\medcompa1, avant refactoring\MedCompanion\MedCompanion_j3wndi1g_wpftmp.csproj]
D:\Users\nair\Bureau\medcompa1, avant refactoring\MedCompanion\Dialogs\CreateLetterWithAIDialog.xaml.cs(16,25): warning CS8618: Le propri├®t├® ┬½┬áSelectedMCC┬á┬╗ non-nullable doit contenir une valeur autre que Null lors de la fermeture du constructeur. Envisagez dÔÇÖajouter le modificateur ┬½┬árequired┬á┬╗ ou de d├®clarer le propri├®t├® comme pouvant accepter la valeur Null. [D:\Users\nair\Bureau\medcompa1, avant refactoring\MedCompanion\MedCompanion_j3wndi1g_wpftmp.csproj]
D:\Users\nair\Bureau\medcompa1, avant refactoring\MedCompanion\Dialogs\CreateLetterWithAIDialog.xaml.cs(17,23): warning CS8618: Le propri├®t├® ┬½┬áUserRequest┬á┬╗ non-nullable doit contenir une valeur autre que Null lors de la fermeture du constructeur. Envisagez dÔÇÖajouter le modificateur ┬½┬árequired┬á┬╗ ou de d├®clarer le propri├®t├® comme pouvant accepter la valeur Null. [D:\Users\nair\Bureau\medcompa1, avant refactoring\MedCompanion\MedCompanion_j3wndi1g_wpftmp.csproj]
D:\Users\nair\Bureau\medcompa1, avant refactoring\MedCompanion\Dialogs\CreateLetterWithAIDialog.xaml.cs(18,37): warning CS8618: Le propri├®t├® ┬½┬áAnalysis┬á┬╗ non-nullable doit contenir une valeur autre que Null lors de la fermeture du constructeur. Envisagez dÔÇÖajouter le modificateur ┬½┬árequired┬á┬╗ ou de d├®clarer le propri├®t├® comme pouvant accepter la valeur Null. [D:\Users\nair\Bureau\medcompa1, avant refactoring\MedCompanion\MedCompanion_j3wndi1g_wpftmp.csproj]
D:\Users\nair\Bureau\medcompa1, avant refactoring\MedCompanion\Dialogs\CreateLetterWithAIDialog.xaml.cs(20,40): warning CS8618: Le propri├®t├® ┬½┬áOptions┬á┬╗ non-nullable doit contenir une valeur autre que Null lors de la fermeture du constructeur. Envisagez dÔÇÖajouter le modificateur ┬½┬árequired┬á┬╗ ou de d├®clarer le propri├®t├® comme pouvant accepter la valeur Null. [D:\Users\nair\Bureau\medcompa1, avant refactoring\MedCompanion\MedCompanion_j3wndi1g_wpftmp.csproj]
D:\Users\nair\Bureau\medcompa1, avant refactoring\MedCompanion\Dialogs\CreateLetterWithAIDialog.xaml.cs(128,32): warning CS8600: Conversion de litt├®ral ayant une valeur null ou d'une ├®ventuelle valeur null en type non-nullable. [D:\Users\nair\Bureau\medcompa1, avant refactoring\MedCompanion\MedCompanion_j3wndi1g_wpftmp.csproj]
D:\Users\nair\Bureau\medcompa1, avant refactoring\MedCompanion\Dialogs\CreateLetterWithAIDialog.xaml.cs(131,29): warning CS8600: Conversion de litt├®ral ayant une valeur null ou d'une ├®ventuelle valeur null en type non-nullable. [D:\Users\nair\Bureau\medcompa1, avant refactoring\MedCompanion\MedCompanion_j3wndi1g_wpftmp.csproj]
D:\Users\nair\Bureau\medcompa1, avant refactoring\MedCompanion\Dialogs\CreateLetterWithAIDialog.xaml.cs(139,33): warning CS8600: Conversion de litt├®ral ayant une valeur null ou d'une ├®ventuelle valeur null en type non-nullable. [D:\Users\nair\Bureau\medcompa1, avant refactoring\MedCompanion\MedCompanion_j3wndi1g_wpftmp.csproj]
D:\Users\nair\Bureau\medcompa1, avant refactoring\MedCompanion\Dialogs\CreateLetterWithAIDialog.xaml.cs(142,33): warning CS8601: Existence possible d'une assignation de r├®f├®rence null. [D:\Users\nair\Bureau\medcompa1, avant refactoring\MedCompanion\MedCompanion_j3wndi1g_wpftmp.csproj]
D:\Users\nair\Bureau\medcompa1, avant refactoring\MedCompanion\Dialogs\CreateLetterWithAIDialog.xaml.cs(144,28): warning CS8601: Existence possible d'une assignation de r├®f├®rence null. [D:\Users\nair\Bureau\medcompa1, avant refactoring\MedCompanion\MedCompanion_j3wndi1g_wpftmp.csproj]
D:\Users\nair\Bureau\medcompa1, avant refactoring\MedCompanion\Dialogs\CreateLetterWithAIDialog.xaml.cs(145,30): warning CS8601: Existence possible d'une assignation de r├®f├®rence null. [D:\Users\nair\Bureau\medcompa1, avant refactoring\MedCompanion\MedCompanion_j3wndi1g_wpftmp.csproj]
D:\Users\nair\Bureau\medcompa1, avant refactoring\MedCompanion\Dialogs\CreateLetterWithAIDialog.xaml.cs(146,30): warning CS8601: Existence possible d'une assignation de r├®f├®rence null. [D:\Users\nair\Bureau\medcompa1, avant refactoring\MedCompanion\MedCompanion_j3wndi1g_wpftmp.csproj]
D:\Users\nair\Bureau\medcompa1, avant refactoring\MedCompanion\Dialogs\CreateLetterWithAIDialog.xaml.cs(147,37): warning CS8601: Existence possible d'une assignation de r├®f├®rence null. [D:\Users\nair\Bureau\medcompa1, avant refactoring\MedCompanion\MedCompanion_j3wndi1g_wpftmp.csproj]
D:\Users\nair\Bureau\medcompa1, avant refactoring\MedCompanion\Dialogs\CreateLetterWithAIDialog.xaml.cs(148,31): warning CS8601: Existence possible d'une assignation de r├®f├®rence null. [D:\Users\nair\Bureau\medcompa1, avant refactoring\MedCompanion\MedCompanion_j3wndi1g_wpftmp.csproj]
D:\Users\nair\Bureau\medcompa1, avant refactoring\MedCompanion\Dialogs\CreateLetterWithAIDialog.xaml.cs(199,35): warning CS8625: Impossible de convertir un litt├®ral ayant une valeur null en type r├®f├®rence non-nullable. [D:\Users\nair\Bureau\medcompa1, avant refactoring\MedCompanion\MedCompanion_j3wndi1g_wpftmp.csproj]
D:\Users\nair\Bureau\medcompa1, avant refactoring\MedCompanion\Dialogs\CreateLetterWithAIDialog.xaml.cs(201,32): warning CS8625: Impossible de convertir un litt├®ral ayant une valeur null en type r├®f├®rence non-nullable. [D:\Users\nair\Bureau\medcompa1, avant refactoring\MedCompanion\MedCompanion_j3wndi1g_wpftmp.csproj]
D:\Users\nair\Bureau\medcompa1, avant refactoring\MedCompanion\Dialogs\CreateLetterWithAIDialog.xaml.cs(247,44): warning CS8600: Conversion de litt├®ral ayant une valeur null ou d'une ├®ventuelle valeur null en type non-nullable. [D:\Users\nair\Bureau\medcompa1, avant refactoring\MedCompanion\MedCompanion_j3wndi1g_wpftmp.csproj]
D:\Users\nair\Bureau\medcompa1, avant refactoring\MedCompanion\Dialogs\CreateLetterWithAIDialog.xaml.cs(422,39): warning CS8625: Impossible de convertir un litt├®ral ayant une valeur null en type r├®f├®rence non-nullable. [D:\Users\nair\Bureau\medcompa1, avant refactoring\MedCompanion\MedCompanion_j3wndi1g_wpftmp.csproj]
D:\Users\nair\Bureau\medcompa1, avant refactoring\MedCompanion\Dialogs\CreateLetterWithAIDialog.xaml.cs(466,35): warning CS8625: Impossible de convertir un litt├®ral ayant une valeur null en type r├®f├®rence non-nullable. [D:\Users\nair\Bureau\medcompa1, avant refactoring\MedCompanion\MedCompanion_j3wndi1g_wpftmp.csproj]
D:\Users\nair\Bureau\medcompa1, avant refactoring\MedCompanion\MainWindow.LLM.cs(199,76): warning CS8604: Existence possible d'un argument de r├®f├®rence null pour le param├¿tre 'providerName' dans 'Task<(bool success, string message)> LLMServiceFactory.SwitchProviderAsync(string providerName, string? modelName = null)'. [D:\Users\nair\Bureau\medcompa1, avant refactoring\MedCompanion\MedCompanion_j3wndi1g_wpftmp.csproj]
D:\Users\nair\Bureau\medcompa1, avant refactoring\MedCompanion\OpenAIService.cs(28,16): warning CS8618: Le champ ┬½┬á_promptConfig┬á┬╗ non-nullable doit contenir une valeur autre que Null lors de la fermeture du constructeur. Envisagez dÔÇÖajouter le modificateur ┬½┬árequired┬á┬╗ ou de d├®clarer le champ comme pouvant accepter la valeur Null. [D:\Users\nair\Bureau\medcompa1, avant refactoring\MedCompanion\MedCompanion_j3wndi1g_wpftmp.csproj]
D:\Users\nair\Bureau\medcompa1, avant refactoring\MedCompanion\OpenAIService.cs(28,16): warning CS8618: Le champ ┬½┬á_cachedSystemPrompt┬á┬╗ non-nullable doit contenir une valeur autre que Null lors de la fermeture du constructeur. Envisagez dÔÇÖajouter le modificateur ┬½┬árequired┬á┬╗ ou de d├®clarer le champ comme pouvant accepter la valeur Null. [D:\Users\nair\Bureau\medcompa1, avant refactoring\MedCompanion\MedCompanion_j3wndi1g_wpftmp.csproj]
D:\Users\nair\Bureau\medcompa1, avant refactoring\MedCompanion\OpenAIService.cs(28,16): warning CS8618: Le champ ┬½┬á_cachedNoteStructurationPrompt┬á┬╗ non-nullable doit contenir une valeur autre que Null lors de la fermeture du constructeur. Envisagez dÔÇÖajouter le modificateur ┬½┬árequired┬á┬╗ ou de d├®clarer le champ comme pouvant accepter la valeur Null. [D:\Users\nair\Bureau\medcompa1, avant refactoring\MedCompanion\MedCompanion_j3wndi1g_wpftmp.csproj]
D:\Users\nair\Bureau\medcompa1, avant refactoring\MedCompanion\OpenAIService.cs(28,16): warning CS8618: Le champ ┬½┬á_cachedChatInteractionPrompt┬á┬╗ non-nullable doit contenir une valeur autre que Null lors de la fermeture du constructeur. Envisagez dÔÇÖajouter le modificateur ┬½┬árequired┬á┬╗ ou de d├®clarer le champ comme pouvant accepter la valeur Null. [D:\Users\nair\Bureau\medcompa1, avant refactoring\MedCompanion\MedCompanion_j3wndi1g_wpftmp.csproj]
D:\Users\nair\Bureau\medcompa1, avant refactoring\MedCompanion\Models\SemanticAnalysis.cs(181,24): warning CS8618: Le champ ┬½┬á_semanticConfidence┬á┬╗ non-nullable doit contenir une valeur autre que Null lors de la fermeture du constructeur. Envisagez dÔÇÖajouter le modificateur ┬½┬árequired┬á┬╗ ou de d├®clarer le champ comme pouvant accepter la valeur Null. [D:\Users\nair\Bureau\medcompa1, avant refactoring\MedCompanion\MedCompanion_j3wndi1g_wpftmp.csproj]
D:\Users\nair\Bureau\medcompa1, avant refactoring\MedCompanion\Models\SemanticAnalysis.cs(219,23): warning CS8618: Le propri├®t├® ┬½┬áDetectedLanguage┬á┬╗ non-nullable doit contenir une valeur autre que Null lors de la fermeture du constructeur. Envisagez dÔÇÖajouter le modificateur ┬½┬árequired┬á┬╗ ou de d├®clarer le propri├®t├® comme pouvant accepter la valeur Null. [D:\Users\nair\Bureau\medcompa1, avant refactoring\MedCompanion\MedCompanion_j3wndi1g_wpftmp.csproj]
D:\Users\nair\Bureau\medcompa1, avant refactoring\MedCompanion\Models\SemanticAnalysis.cs(225,23): warning CS8618: Le propri├®t├® ┬½┬áSource┬á┬╗ non-nullable doit contenir une valeur autre que Null lors de la fermeture du constructeur. Envisagez dÔÇÖajouter le modificateur ┬½┬árequired┬á┬╗ ou de d├®clarer le propri├®t├® comme pouvant accepter la valeur Null. [D:\Users\nair\Bureau\medcompa1, avant refactoring\MedCompanion\MedCompanion_j3wndi1g_wpftmp.csproj]
D:\Users\nair\Bureau\medcompa1, avant refactoring\MedCompanion\Models\SemanticAnalysis.cs(144,23): warning CS8618: Le propri├®t├® ┬½┬áLongueur┬á┬╗ non-nullable doit contenir une valeur autre que Null lors de la fermeture du constructeur. Envisagez dÔÇÖajouter le modificateur ┬½┬árequired┬á┬╗ ou de d├®clarer le propri├®t├® comme pouvant accepter la valeur Null. [D:\Users\nair\Bureau\medcompa1, avant refactoring\MedCompanion\MedCompanion_j3wndi1g_wpftmp.csproj]
D:\Users\nair\Bureau\medcompa1, avant refactoring\MedCompanion\Models\SemanticAnalysis.cs(146,24): warning CS8618: Le champ ┬½┬á_phrasesMoyennes┬á┬╗ non-nullable doit contenir une valeur autre que Null lors de la fermeture du constructeur. Envisagez dÔÇÖajouter le modificateur ┬½┬árequired┬á┬╗ ou de d├®clarer le champ comme pouvant accepter la valeur Null. [D:\Users\nair\Bureau\medcompa1, avant refactoring\MedCompanion\MedCompanion_j3wndi1g_wpftmp.csproj]
D:\Users\nair\Bureau\medcompa1, avant refactoring\MedCompanion\Models\SemanticAnalysis.cs(167,23): warning CS8618: Le propri├®t├® ┬½┬áPhrasesMoyennes┬á┬╗ non-nullable doit contenir une valeur autre que Null lors de la fermeture du constructeur. Envisagez dÔÇÖajouter le modificateur ┬½┬árequired┬á┬╗ ou de d├®clarer le propri├®t├® comme pouvant accepter la valeur Null. [D:\Users\nair\Bureau\medcompa1, avant refactoring\MedCompanion\MedCompanion_j3wndi1g_wpftmp.csproj]
D:\Users\nair\Bureau\medcompa1, avant refactoring\MedCompanion\Models\SemanticAnalysis.cs(173,23): warning CS8618: Le propri├®t├® ┬½┬áStructureRichesse┬á┬╗ non-nullable doit contenir une valeur autre que Null lors de la fermeture du constructeur. Envisagez dÔÇÖajouter le modificateur ┬½┬árequired┬á┬╗ ou de d├®clarer le propri├®t├® comme pouvant accepter la valeur Null. [D:\Users\nair\Bureau\medcompa1, avant refactoring\MedCompanion\MedCompanion_j3wndi1g_wpftmp.csproj]
D:\Users\nair\Bureau\medcompa1, avant refactoring\MedCompanion\Models\SemanticAnalysis.cs(101,16): warning CS8618: Le propri├®t├® ┬½┬áDocType┬á┬╗ non-nullable doit contenir une valeur autre que Null lors de la fermeture du constructeur. Envisagez dÔÇÖajouter le modificateur ┬½┬árequired┬á┬╗ ou de d├®clarer le propri├®t├® comme pouvant accepter la valeur Null. [D:\Users\nair\Bureau\medcompa1, avant refactoring\MedCompanion\MedCompanion_j3wndi1g_wpftmp.csproj]
D:\Users\nair\Bureau\medcompa1, avant refactoring\MedCompanion\Models\SemanticAnalysis.cs(101,16): warning CS8618: Le propri├®t├® ┬½┬áPublic┬á┬╗ non-nullable doit contenir une valeur autre que Null lors de la fermeture du constructeur. Envisagez dÔÇÖajouter le modificateur ┬½┬árequired┬á┬╗ ou de d├®clarer le propri├®t├® comme pouvant accepter la valeur Null. [D:\Users\nair\Bureau\medcompa1, avant refactoring\MedCompanion\MedCompanion_j3wndi1g_wpftmp.csproj]
D:\Users\nair\Bureau\medcompa1, avant refactoring\MedCompanion\Models\SemanticAnalysis.cs(101,16): warning CS8618: Le propri├®t├® ┬½┬áTone┬á┬╗ non-nullable doit contenir une valeur autre que Null lors de la fermeture du constructeur. Envisagez dÔÇÖajouter le modificateur ┬½┬árequired┬á┬╗ ou de d├®clarer le propri├®t├® comme pouvant accepter la valeur Null. [D:\Users\nair\Bureau\medcompa1, avant refactoring\MedCompanion\MedCompanion_j3wndi1g_wpftmp.csproj]
D:\Users\nair\Bureau\medcompa1, avant refactoring\MedCompanion\Models\SemanticAnalysis.cs(101,16): warning CS8618: Le propri├®t├® ┬½┬áAgeGroup┬á┬╗ non-nullable doit contenir une valeur autre que Null lors de la fermeture du constructeur. Envisagez dÔÇÖajouter le modificateur ┬½┬árequired┬á┬╗ ou de d├®clarer le propri├®t├® comme pouvant accepter la valeur Null. [D:\Users\nair\Bureau\medcompa1, avant refactoring\MedCompanion\MedCompanion_j3wndi1g_wpftmp.csproj]
D:\Users\nair\Bureau\medcompa1, avant refactoring\MedCompanion\Models\SemanticAnalysis.cs(101,16): warning CS8618: Le propri├®t├® ┬½┬áDetailLevel┬á┬╗ non-nullable doit contenir une valeur autre que Null lors de la fermeture du constructeur. Envisagez dÔÇÖajouter le modificateur ┬½┬árequired┬á┬╗ ou de d├®clarer le propri├®t├® comme pouvant accepter la valeur Null. [D:\Users\nair\Bureau\medcompa1, avant refactoring\MedCompanion\MedCompanion_j3wndi1g_wpftmp.csproj]
D:\Users\nair\Bureau\medcompa1, avant refactoring\MedCompanion\Models\SemanticAnalysis.cs(101,16): warning CS8618: Le propri├®t├® ┬½┬áContextSummary┬á┬╗ non-nullable doit contenir une valeur autre que Null lors de la fermeture du constructeur. Envisagez dÔÇÖajouter le modificateur ┬½┬árequired┬á┬╗ ou de d├®clarer le propri├®t├® comme pouvant accepter la valeur Null. [D:\Users\nair\Bureau\medcompa1, avant refactoring\MedCompanion\MedCompanion_j3wndi1g_wpftmp.csproj]
D:\Users\nair\Bureau\medcompa1, avant refactoring\MedCompanion\OpenAIService.cs(424,21): warning CS8620: Impossible d'utiliser l'argument de type '(string, string? userPrompt)' pour le param├¿tre 'item' de type '(string role, string content)' dans 'void List<(string role, string content)>.Add((string role, string content) item)'. En effet, il existe des diff├®rences dans l'acceptation des valeurs null par les types r├®f├®rence. [D:\Users\nair\Bureau\medcompa1, avant refactoring\MedCompanion\MedCompanion_j3wndi1g_wpftmp.csproj]
D:\Users\nair\Bureau\medcompa1, avant refactoring\MedCompanion\OpenAIService.cs(426,75): warning CS8604: Existence possible d'un argument de r├®f├®rence null pour le param├¿tre 'systemPrompt' dans 'Task<(bool success, string result, string? error)> ILLMService.ChatAsync(string systemPrompt, List<(string role, string content)> messages, int maxTokens = 1500)'. [D:\Users\nair\Bureau\medcompa1, avant refactoring\MedCompanion\MedCompanion_j3wndi1g_wpftmp.csproj]
D:\Users\nair\Bureau\medcompa1, avant refactoring\MedCompanion\MarkdownFlowDocumentConverter.cs(507,18): warning CS8602: D├®r├®f├®rencement d'une ├®ventuelle r├®f├®rence null. [D:\Users\nair\Bureau\medcompa1, avant refactoring\MedCompanion\MedCompanion_j3wndi1g_wpftmp.csproj]
D:\Users\nair\Bureau\medcompa1, avant refactoring\MedCompanion\MarkdownFlowDocumentConverter.cs(560,24): warning CS8603: Existence possible d'un retour de r├®f├®rence null. [D:\Users\nair\Bureau\medcompa1, avant refactoring\MedCompanion\MedCompanion_j3wndi1g_wpftmp.csproj]
D:\Users\nair\Bureau\medcompa1, avant refactoring\MedCompanion\Dialogs\ScannedFormImportDialog.xaml.cs(95,45): error CS1729: 'FormulaireAssistantService' ne contient pas de constructeur qui accepte des arguments 6 [D:\Users\nair\Bureau\medcompa1, avant refactoring\MedCompanion\MedCompanion_j3wndi1g_wpftmp.csproj]
D:\Users\nair\Bureau\medcompa1, avant refactoring\MedCompanion\Dialogs\MCCLibraryDialog.xaml.cs(183,13): warning CS8602: D├®r├®f├®rencement d'une ├®ventuelle r├®f├®rence null. [D:\Users\nair\Bureau\medcompa1, avant refactoring\MedCompanion\MedCompanion_j3wndi1g_wpftmp.csproj]
D:\Users\nair\Bureau\medcompa1, avant refactoring\MedCompanion\Dialogs\MCCSelectionDialog.xaml.cs(20,16): warning CS8618: Le propri├®t├® ┬½┬áSelectedMCC┬á┬╗ non-nullable doit contenir une valeur autre que Null lors de la fermeture du constructeur. Envisagez dÔÇÖajouter le modificateur ┬½┬árequired┬á┬╗ ou de d├®clarer le propri├®t├® comme pouvant accepter la valeur Null. [D:\Users\nair\Bureau\medcompa1, avant refactoring\MedCompanion\MedCompanion_j3wndi1g_wpftmp.csproj]
D:\Users\nair\Bureau\medcompa1, avant refactoring\MedCompanion\ViewModels\AttestationViewModel.cs(359,26): warning CS0219: La variable 'dialogAccepted' est assign├®e, mais sa valeur n'est jamais utilis├®e [D:\Users\nair\Bureau\medcompa1, avant refactoring\MedCompanion\MedCompanion_j3wndi1g_wpftmp.csproj]
D:\Users\nair\Bureau\medcompa1, avant refactoring\MedCompanion\ViewModels\AttestationViewModel.cs(333,28): warning CS1998: Cette m├®thode async n'a pas d'op├®rateur 'await' et elle s'ex├®cutera de fa├ºon synchrone. Utilisez l'op├®rateur 'await' pour attendre les appels d'API non bloquants ou 'await Task.Run(ÔÇª)' pour effectuer un travail utilisant le processeur sur un thread d'arri├¿re-plan. [D:\Users\nair\Bureau\medcompa1, avant refactoring\MedCompanion\MedCompanion_j3wndi1g_wpftmp.csproj]
D:\Users\nair\Bureau\medcompa1, avant refactoring\MedCompanion\Dialogs\MCCSelectionDialog.xaml.cs(297,27): warning CS8625: Impossible de convertir un litt├®ral ayant une valeur null en type r├®f├®rence non-nullable. [D:\Users\nair\Bureau\medcompa1, avant refactoring\MedCompanion\MedCompanion_j3wndi1g_wpftmp.csproj]
D:\Users\nair\Bureau\medcompa1, avant refactoring\MedCompanion\Models\GenerationFeedback.cs(54,16): warning CS8618: Le propri├®t├® ┬½┬áGenerationId┬á┬╗ non-nullable doit contenir une valeur autre que Null lors de la fermeture du constructeur. Envisagez dÔÇÖajouter le modificateur ┬½┬árequired┬á┬╗ ou de d├®clarer le propri├®t├® comme pouvant accepter la valeur Null. [D:\Users\nair\Bureau\medcompa1, avant refactoring\MedCompanion\MedCompanion_j3wndi1g_wpftmp.csproj]
D:\Users\nair\Bureau\medcompa1, avant refactoring\MedCompanion\Models\GenerationFeedback.cs(54,16): warning CS8618: Le propri├®t├® ┬½┬áMCCUsed┬á┬╗ non-nullable doit contenir une valeur autre que Null lors de la fermeture du constructeur. Envisagez dÔÇÖajouter le modificateur ┬½┬árequired┬á┬╗ ou de d├®clarer le propri├®t├® comme pouvant accepter la valeur Null. [D:\Users\nair\Bureau\medcompa1, avant refactoring\MedCompanion\MedCompanion_j3wndi1g_wpftmp.csproj]
D:\Users\nair\Bureau\medcompa1, avant refactoring\MedCompanion\Models\GenerationFeedback.cs(54,16): warning CS8618: Le propri├®t├® ┬½┬áComment┬á┬╗ non-nullable doit contenir une valeur autre que Null lors de la fermeture du constructeur. Envisagez dÔÇÖajouter le modificateur ┬½┬árequired┬á┬╗ ou de d├®clarer le propri├®t├® comme pouvant accepter la valeur Null. [D:\Users\nair\Bureau\medcompa1, avant refactoring\MedCompanion\MedCompanion_j3wndi1g_wpftmp.csproj]
D:\Users\nair\Bureau\medcompa1, avant refactoring\MedCompanion\Models\GenerationFeedback.cs(54,16): warning CS8618: Le propri├®t├® ┬½┬áPatientContext┬á┬╗ non-nullable doit contenir une valeur autre que Null lors de la fermeture du constructeur. Envisagez dÔÇÖajouter le modificateur ┬½┬árequired┬á┬╗ ou de d├®clarer le propri├®t├® comme pouvant accepter la valeur Null. [D:\Users\nair\Bureau\medcompa1, avant refactoring\MedCompanion\MedCompanion_j3wndi1g_wpftmp.csproj]
D:\Users\nair\Bureau\medcompa1, avant refactoring\MedCompanion\Models\GenerationFeedback.cs(63,16): warning CS8618: Le propri├®t├® ┬½┬áComment┬á┬╗ non-nullable doit contenir une valeur autre que Null lors de la fermeture du constructeur. Envisagez dÔÇÖajouter le modificateur ┬½┬árequired┬á┬╗ ou de d├®clarer le propri├®t├® comme pouvant accepter la valeur Null. [D:\Users\nair\Bureau\medcompa1, avant refactoring\MedCompanion\MedCompanion_j3wndi1g_wpftmp.csproj]
D:\Users\nair\Bureau\medcompa1, avant refactoring\MedCompanion\Models\GenerationFeedback.cs(63,16): warning CS8618: Le propri├®t├® ┬½┬áPatientContext┬á┬╗ non-nullable doit contenir une valeur autre que Null lors de la fermeture du constructeur. Envisagez dÔÇÖajouter le modificateur ┬½┬árequired┬á┬╗ ou de d├®clarer le propri├®t├® comme pouvant accepter la valeur Null. [D:\Users\nair\Bureau\medcompa1, avant refactoring\MedCompanion\MedCompanion_j3wndi1g_wpftmp.csproj]
D:\Users\nair\Bureau\medcompa1, avant refactoring\MedCompanion\Services\TemplateLibraryService.cs(68,20): warning CS8603: Existence possible d'un retour de r├®f├®rence null. [D:\Users\nair\Bureau\medcompa1, avant refactoring\MedCompanion\MedCompanion_j3wndi1g_wpftmp.csproj]
D:\Users\nair\Bureau\medcompa1, avant refactoring\MedCompanion\ViewModels\AttestationViewModel.cs(552,28): warning CS1998: Cette m├®thode async n'a pas d'op├®rateur 'await' et elle s'ex├®cutera de fa├ºon synchrone. Utilisez l'op├®rateur 'await' pour attendre les appels d'API non bloquants ou 'await Task.Run(ÔÇª)' pour effectuer un travail utilisant le processeur sur un thread d'arri├¿re-plan. [D:\Users\nair\Bureau\medcompa1, avant refactoring\MedCompanion\MedCompanion_j3wndi1g_wpftmp.csproj]
D:\Users\nair\Bureau\medcompa1, avant refactoring\MedCompanion\MainWindow.xaml.cs(131,9): warning CS4014: Dans la mesure o├╣ cet appel n'est pas attendu, l'ex├®cution de la m├®thode actuelle continue avant la fin de l'appel. Envisagez d'appliquer l'op├®rateur 'await' au r├®sultat de l'appel. [D:\Users\nair\Bureau\medcompa1, avant refactoring\MedCompanion\MedCompanion_j3wndi1g_wpftmp.csproj]
D:\Users\nair\Bureau\medcompa1, avant refactoring\MedCompanion\MainWindow.xaml.cs(106,44): warning CS8604: Existence possible d'un argument de r├®f├®rence null pour le param├¿tre 'anonymizationService' dans 'SimplePhase3TestDialog.SimplePhase3TestDialog(AnonymizationService anonymizationService)'. [D:\Users\nair\Bureau\medcompa1, avant refactoring\MedCompanion\MedCompanion_j3wndi1g_wpftmp.csproj]
D:\Users\nair\Bureau\medcompa1, avant refactoring\MedCompanion\MainWindow.xaml.cs(215,47): warning CS8622: La nullabilit├® des types r├®f├®rence dans le type du param├¿tre 'sender' de 'void MainWindow.OnNoteStatusChanged(object sender, string message)' ne correspond pas au d├®l├®gu├® cible 'EventHandler<string>' (probablement en raison des attributs de nullabilit├®). [D:\Users\nair\Bureau\medcompa1, avant refactoring\MedCompanion\MedCompanion_j3wndi1g_wpftmp.csproj]
D:\Users\nair\Bureau\medcompa1, avant refactoring\MedCompanion\MainWindow.xaml.cs(216,44): warning CS8622: La nullabilit├® des types r├®f├®rence dans le type du param├¿tre 'sender' de 'void MainWindow.OnNoteContentLoaded(object sender, (string filePath, string content) data)' ne correspond pas au d├®l├®gu├® cible 'EventHandler<(string filePath, string content)>' (probablement en raison des attributs de nullabilit├®). [D:\Users\nair\Bureau\medcompa1, avant refactoring\MedCompanion\MedCompanion_j3wndi1g_wpftmp.csproj]
D:\Users\nair\Bureau\medcompa1, avant refactoring\MedCompanion\MainWindow.xaml.cs(217,41): warning CS8622: La nullabilit├® des types r├®f├®rence dans le type du param├¿tre 'sender' de 'void MainWindow.OnNoteStructured(object sender, string markdown)' ne correspond pas au d├®l├®gu├® cible 'EventHandler<string>' (probablement en raison des attributs de nullabilit├®). [D:\Users\nair\Bureau\medcompa1, avant refactoring\MedCompanion\MedCompanion_j3wndi1g_wpftmp.csproj]
D:\Users\nair\Bureau\medcompa1, avant refactoring\MedCompanion\MainWindow.xaml.cs(218,44): warning CS8622: La nullabilit├® des types r├®f├®rence dans le type du param├¿tre 'sender' de 'void MainWindow.OnNoteSaveRequested(object sender, string? filePath)' ne correspond pas au d├®l├®gu├® cible 'EventHandler<string?>' (probablement en raison des attributs de nullabilit├®). [D:\Users\nair\Bureau\medcompa1, avant refactoring\MedCompanion\MedCompanion_j3wndi1g_wpftmp.csproj]
D:\Users\nair\Bureau\medcompa1, avant refactoring\MedCompanion\MainWindow.xaml.cs(219,46): warning CS8622: La nullabilit├® des types r├®f├®rence dans le type du param├¿tre 'sender' de 'void MainWindow.OnNoteDeleteRequested(object sender, string filePath)' ne correspond pas au d├®l├®gu├® cible 'EventHandler<string>' (probablement en raison des attributs de nullabilit├®). [D:\Users\nair\Bureau\medcompa1, avant refactoring\MedCompanion\MedCompanion_j3wndi1g_wpftmp.csproj]
D:\Users\nair\Bureau\medcompa1, avant refactoring\MedCompanion\MainWindow.xaml.cs(220,47): warning CS8622: La nullabilit├® des types r├®f├®rence dans le type du param├¿tre 'sender' de 'void MainWindow.OnNoteClearedAfterSave(object sender, EventArgs e)' ne correspond pas au d├®l├®gu├® cible 'EventHandler' (probablement en raison des attributs de nullabilit├®). [D:\Users\nair\Bureau\medcompa1, avant refactoring\MedCompanion\MedCompanion_j3wndi1g_wpftmp.csproj]
D:\Users\nair\Bureau\medcompa1, avant refactoring\MedCompanion\MainWindow.xaml.cs(221,54): warning CS8622: La nullabilit├® des types r├®f├®rence dans le type du param├¿tre 'sender' de 'void MainWindow.OnPatientListRefreshRequested(object sender, EventArgs e)' ne correspond pas au d├®l├®gu├® cible 'EventHandler' (probablement en raison des attributs de nullabilit├®). [D:\Users\nair\Bureau\medcompa1, avant refactoring\MedCompanion\MedCompanion_j3wndi1g_wpftmp.csproj]
D:\Users\nair\Bureau\medcompa1, avant refactoring\MedCompanion\MainWindow.xaml.cs(222,36): warning CS8622: La nullabilit├® des types r├®f├®rence dans le type du param├¿tre 'sender' de 'void MainWindow.OnNoteSaved(object sender, EventArgs e)' ne correspond pas au d├®l├®gu├® cible 'EventHandler' (probablement en raison des attributs de nullabilit├®). [D:\Users\nair\Bureau\medcompa1, avant refactoring\MedCompanion\MedCompanion_j3wndi1g_wpftmp.csproj]
D:\Users\nair\Bureau\medcompa1, avant refactoring\MedCompanion\MainWindow.xaml.cs(226,42): warning CS8622: La nullabilit├® des types r├®f├®rence dans le type du param├¿tre 'sender' de 'void MainWindow.NoteViewModel_PropertyChanged(object sender, PropertyChangedEventArgs e)' ne correspond pas au d├®l├®gu├® cible 'PropertyChangedEventHandler' (probablement en raison des attributs de nullabilit├®). [D:\Users\nair\Bureau\medcompa1, avant refactoring\MedCompanion\MedCompanion_j3wndi1g_wpftmp.csproj]
D:\Users\nair\Bureau\medcompa1, avant refactoring\MedCompanion\Services\TemplateExtractorService.cs(200,24): warning CS8619: La nullabilit├® des types r├®f├®rence dans la valeur de type '(bool, SemanticAnalysis?, string)' ne correspond pas au type cible '(bool success, SemanticAnalysis analysis, string error)'. [D:\Users\nair\Bureau\medcompa1, avant refactoring\MedCompanion\MedCompanion_j3wndi1g_wpftmp.csproj]
D:\Users\nair\Bureau\medcompa1, avant refactoring\MedCompanion\Services\TemplateExtractorService.cs(283,28): warning CS8619: La nullabilit├® des types r├®f├®rence dans la valeur de type '(bool, SemanticAnalysis?, string result)' ne correspond pas au type cible '(bool success, SemanticAnalysis analysis, string error)'. [D:\Users\nair\Bureau\medcompa1, avant refactoring\MedCompanion\MedCompanion_j3wndi1g_wpftmp.csproj]
D:\Users\nair\Bureau\medcompa1, avant refactoring\MedCompanion\Services\TemplateExtractorService.cs(312,28): warning CS8619: La nullabilit├® des types r├®f├®rence dans la valeur de type '(bool, SemanticAnalysis?, string)' ne correspond pas au type cible '(bool success, SemanticAnalysis analysis, string error)'. [D:\Users\nair\Bureau\medcompa1, avant refactoring\MedCompanion\MedCompanion_j3wndi1g_wpftmp.csproj]
D:\Users\nair\Bureau\medcompa1, avant refactoring\MedCompanion\Services\TemplateExtractorService.cs(319,24): warning CS8619: La nullabilit├® des types r├®f├®rence dans la valeur de type '(bool, SemanticAnalysis?, string)' ne correspond pas au type cible '(bool success, SemanticAnalysis analysis, string error)'. [D:\Users\nair\Bureau\medcompa1, avant refactoring\MedCompanion\MedCompanion_j3wndi1g_wpftmp.csproj]
D:\Users\nair\Bureau\medcompa1, avant refactoring\MedCompanion\Services\TemplateExtractorService.cs(323,24): warning CS8619: La nullabilit├® des types r├®f├®rence dans la valeur de type '(bool, SemanticAnalysis?, string)' ne correspond pas au type cible '(bool success, SemanticAnalysis analysis, string error)'. [D:\Users\nair\Bureau\medcompa1, avant refactoring\MedCompanion\MedCompanion_j3wndi1g_wpftmp.csproj]
D:\Users\nair\Bureau\medcompa1, avant refactoring\MedCompanion\Services\TemplateExtractorService.cs(337,24): warning CS8619: La nullabilit├® des types r├®f├®rence dans la valeur de type '(bool, Dictionary<string, string>?, string)' ne correspond pas au type cible '(bool success, Dictionary<string, string> sections, string error)'. [D:\Users\nair\Bureau\medcompa1, avant refactoring\MedCompanion\MedCompanion_j3wndi1g_wpftmp.csproj]
D:\Users\nair\Bureau\medcompa1, avant refactoring\MedCompanion\Services\TemplateExtractorService.cs(386,28): warning CS8619: La nullabilit├® des types r├®f├®rence dans la valeur de type '(bool, Dictionary<string, string>?, string result)' ne correspond pas au type cible '(bool success, Dictionary<string, string> sections, string error)'. [D:\Users\nair\Bureau\medcompa1, avant refactoring\MedCompanion\MedCompanion_j3wndi1g_wpftmp.csproj]
D:\Users\nair\Bureau\medcompa1, avant refactoring\MedCompanion\Services\TemplateExtractorService.cs(424,28): warning CS8619: La nullabilit├® des types r├®f├®rence dans la valeur de type '(bool, Dictionary<string, string>?, string)' ne correspond pas au type cible '(bool success, Dictionary<string, string> sections, string error)'. [D:\Users\nair\Bureau\medcompa1, avant refactoring\MedCompanion\MedCompanion_j3wndi1g_wpftmp.csproj]
D:\Users\nair\Bureau\medcompa1, avant refactoring\MedCompanion\Services\TemplateExtractorService.cs(431,24): warning CS8619: La nullabilit├® des types r├®f├®rence dans la valeur de type '(bool, Dictionary<string, string>?, string)' ne correspond pas au type cible '(bool success, Dictionary<string, string> sections, string error)'. [D:\Users\nair\Bureau\medcompa1, avant refactoring\MedCompanion\MedCompanion_j3wndi1g_wpftmp.csproj]
D:\Users\nair\Bureau\medcompa1, avant refactoring\MedCompanion\Services\TemplateExtractorService.cs(435,24): warning CS8619: La nullabilit├® des types r├®f├®rence dans la valeur de type '(bool, Dictionary<string, string>?, string)' ne correspond pas au type cible '(bool success, Dictionary<string, string> sections, string error)'. [D:\Users\nair\Bureau\medcompa1, avant refactoring\MedCompanion\MedCompanion_j3wndi1g_wpftmp.csproj]
D:\Users\nair\Bureau\medcompa1, avant refactoring\MedCompanion\Services\AnonymizationService.cs(152,82): warning CS1998: Cette m├®thode async n'a pas d'op├®rateur 'await' et elle s'ex├®cutera de fa├ºon synchrone. Utilisez l'op├®rateur 'await' pour attendre les appels d'API non bloquants ou 'await Task.Run(ÔÇª)' pour effectuer un travail utilisant le processeur sur un thread d'arri├¿re-plan. [D:\Users\nair\Bureau\medcompa1, avant refactoring\MedCompanion\MedCompanion_j3wndi1g_wpftmp.csproj]
D:\Users\nair\Bureau\medcompa1, avant refactoring\MedCompanion\Services\TemplateExtractorService.cs(448,24): warning CS8619: La nullabilit├® des types r├®f├®rence dans la valeur de type '(bool, MCCModel?, string)' ne correspond pas au type cible '(bool success, MCCModel mcc, string error)'. [D:\Users\nair\Bureau\medcompa1, avant refactoring\MedCompanion\MedCompanion_j3wndi1g_wpftmp.csproj]
D:\Users\nair\Bureau\medcompa1, avant refactoring\MedCompanion\Services\TemplateExtractorService.cs(460,28): warning CS8619: La nullabilit├® des types r├®f├®rence dans la valeur de type '(bool, MCCModel?, string)' ne correspond pas au type cible '(bool success, MCCModel mcc, string error)'. [D:\Users\nair\Bureau\medcompa1, avant refactoring\MedCompanion\MedCompanion_j3wndi1g_wpftmp.csproj]
D:\Users\nair\Bureau\medcompa1, avant refactoring\MedCompanion\Services\TemplateExtractorService.cs(470,28): warning CS8619: La nullabilit├® des types r├®f├®rence dans la valeur de type '(bool, MCCModel?, string)' ne correspond pas au type cible '(bool success, MCCModel mcc, string error)'. [D:\Users\nair\Bureau\medcompa1, avant refactoring\MedCompanion\MedCompanion_j3wndi1g_wpftmp.csproj]
D:\Users\nair\Bureau\medcompa1, avant refactoring\MedCompanion\Services\TemplateExtractorService.cs(480,28): warning CS8619: La nullabilit├® des types r├®f├®rence dans la valeur de type '(bool, MCCModel?, string)' ne correspond pas au type cible '(bool success, MCCModel mcc, string error)'. [D:\Users\nair\Bureau\medcompa1, avant refactoring\MedCompanion\MedCompanion_j3wndi1g_wpftmp.csproj]
D:\Users\nair\Bureau\medcompa1, avant refactoring\MedCompanion\Services\TemplateExtractorService.cs(508,24): warning CS8619: La nullabilit├® des types r├®f├®rence dans la valeur de type '(bool, MCCModel?, string)' ne correspond pas au type cible '(bool success, MCCModel mcc, string error)'. [D:\Users\nair\Bureau\medcompa1, avant refactoring\MedCompanion\MedCompanion_j3wndi1g_wpftmp.csproj]
D:\Users\nair\Bureau\medcompa1, avant refactoring\MedCompanion\Models\MCCModel.cs(120,16): warning CS8618: Le propri├®t├® ┬½┬áId┬á┬╗ non-nullable doit contenir une valeur autre que Null lors de la fermeture du constructeur. Envisagez dÔÇÖajouter le modificateur ┬½┬árequired┬á┬╗ ou de d├®clarer le propri├®t├® comme pouvant accepter la valeur Null. [D:\Users\nair\Bureau\medcompa1, avant refactoring\MedCompanion\MedCompanion_j3wndi1g_wpftmp.csproj]
D:\Users\nair\Bureau\medcompa1, avant refactoring\MedCompanion\Models\MCCModel.cs(120,16): warning CS8618: Le propri├®t├® ┬½┬áName┬á┬╗ non-nullable doit contenir une valeur autre que Null lors de la fermeture du constructeur. Envisagez dÔÇÖajouter le modificateur ┬½┬árequired┬á┬╗ ou de d├®clarer le propri├®t├® comme pouvant accepter la valeur Null. [D:\Users\nair\Bureau\medcompa1, avant refactoring\MedCompanion\MedCompanion_j3wndi1g_wpftmp.csproj]
D:\Users\nair\Bureau\medcompa1, avant refactoring\MedCompanion\Models\MCCModel.cs(120,16): warning CS8618: Le propri├®t├® ┬½┬áSemantic┬á┬╗ non-nullable doit contenir une valeur autre que Null lors de la fermeture du constructeur. Envisagez dÔÇÖajouter le modificateur ┬½┬árequired┬á┬╗ ou de d├®clarer le propri├®t├® comme pouvant accepter la valeur Null. [D:\Users\nair\Bureau\medcompa1, avant refactoring\MedCompanion\MedCompanion_j3wndi1g_wpftmp.csproj]
D:\Users\nair\Bureau\medcompa1, avant refactoring\MedCompanion\Models\MCCMatchResult.cs(31,25): warning CS8618: Le propri├®t├® ┬½┬áSelectedMCC┬á┬╗ non-nullable doit contenir une valeur autre que Null lors de la fermeture du constructeur. Envisagez dÔÇÖajouter le modificateur ┬½┬árequired┬á┬╗ ou de d├®clarer le propri├®t├® comme pouvant accepter la valeur Null. [D:\Users\nair\Bureau\medcompa1, avant refactoring\MedCompanion\MedCompanion_j3wndi1g_wpftmp.csproj]
D:\Users\nair\Bureau\medcompa1, avant refactoring\MedCompanion\Models\MCCMatchResult.cs(51,37): warning CS8618: Le propri├®t├® ┬½┬áAnalysis┬á┬╗ non-nullable doit contenir une valeur autre que Null lors de la fermeture du constructeur. Envisagez dÔÇÖajouter le modificateur ┬½┬árequired┬á┬╗ ou de d├®clarer le propri├®t├® comme pouvant accepter la valeur Null. [D:\Users\nair\Bureau\medcompa1, avant refactoring\MedCompanion\MedCompanion_j3wndi1g_wpftmp.csproj]
D:\Users\nair\Bureau\medcompa1, avant refactoring\MedCompanion\Models\MCCMatchResult.cs(71,23): warning CS8618: Le propri├®t├® ┬½┬áFailureReason┬á┬╗ non-nullable doit contenir une valeur autre que Null lors de la fermeture du constructeur. Envisagez dÔÇÖajouter le modificateur ┬½┬árequired┬á┬╗ ou de d├®clarer le propri├®t├® comme pouvant accepter la valeur Null. [D:\Users\nair\Bureau\medcompa1, avant refactoring\MedCompanion\MedCompanion_j3wndi1g_wpftmp.csproj]
D:\Users\nair\Bureau\medcompa1, avant refactoring\MedCompanion\Models\MCCMatchResult.cs(12,25): warning CS8618: Le propri├®t├® ┬½┬áMCC┬á┬╗ non-nullable doit contenir une valeur autre que Null lors de la fermeture du constructeur. Envisagez dÔÇÖajouter le modificateur ┬½┬árequired┬á┬╗ ou de d├®clarer le propri├®t├® comme pouvant accepter la valeur Null. [D:\Users\nair\Bureau\medcompa1, avant refactoring\MedCompanion\MedCompanion_j3wndi1g_wpftmp.csproj]
D:\Users\nair\Bureau\medcompa1, avant refactoring\MedCompanion\Models\MCCMatchResult.cs(15,43): warning CS8618: Le propri├®t├® ┬½┬áScoreBreakdown┬á┬╗ non-nullable doit contenir une valeur autre que Null lors de la fermeture du constructeur. Envisagez dÔÇÖajouter le modificateur ┬½┬árequired┬á┬╗ ou de d├®clarer le propri├®t├® comme pouvant accepter la valeur Null. [D:\Users\nair\Bureau\medcompa1, avant refactoring\MedCompanion\MedCompanion_j3wndi1g_wpftmp.csproj]
D:\Users\nair\Bureau\medcompa1, avant refactoring\MedCompanion\Services\AttestationService.cs(31,16): warning CS8618: Le champ ┬½┬á_cachedAttestationPrompt┬á┬╗ non-nullable doit contenir une valeur autre que Null lors de la fermeture du constructeur. Envisagez dÔÇÖajouter le modificateur ┬½┬árequired┬á┬╗ ou de d├®clarer le champ comme pouvant accepter la valeur Null. [D:\Users\nair\Bureau\medcompa1, avant refactoring\MedCompanion\MedCompanion_j3wndi1g_wpftmp.csproj]
D:\Users\nair\Bureau\medcompa1, avant refactoring\MedCompanion\Services\AttestationService.cs(31,16): warning CS8618: Le champ ┬½┬á_cachedSystemPrompt┬á┬╗ non-nullable doit contenir une valeur autre que Null lors de la fermeture du constructeur. Envisagez dÔÇÖajouter le modificateur ┬½┬árequired┬á┬╗ ou de d├®clarer le champ comme pouvant accepter la valeur Null. [D:\Users\nair\Bureau\medcompa1, avant refactoring\MedCompanion\MedCompanion_j3wndi1g_wpftmp.csproj]
D:\Users\nair\Bureau\medcompa1, avant refactoring\MedCompanion\MainWindow.xaml.cs(1055,16): warning CS8602: D├®r├®f├®rencement d'une ├®ventuelle r├®f├®rence null. [D:\Users\nair\Bureau\medcompa1, avant refactoring\MedCompanion\MedCompanion_j3wndi1g_wpftmp.csproj]
D:\Users\nair\Bureau\medcompa1, avant refactoring\MedCompanion\MainWindow.xaml.cs(1167,42): warning CS8602: D├®r├®f├®rencement d'une ├®ventuelle r├®f├®rence null. [D:\Users\nair\Bureau\medcompa1, avant refactoring\MedCompanion\MedCompanion_j3wndi1g_wpftmp.csproj]
D:\Users\nair\Bureau\medcompa1, avant refactoring\MedCompanion\MainWindow.xaml.cs(1187,68): warning CS8604: Existence possible d'un argument de r├®f├®rence null pour le param├¿tre 'text' dans 'string AnonymizationService.Deanonymize(string text, AnonymizationContext context)'. [D:\Users\nair\Bureau\medcompa1, avant refactoring\MedCompanion\MedCompanion_j3wndi1g_wpftmp.csproj]
D:\Users\nair\Bureau\medcompa1, avant refactoring\MedCompanion\MainWindow.xaml.cs(1213,28): warning CS8601: Existence possible d'une assignation de r├®f├®rence null. [D:\Users\nair\Bureau\medcompa1, avant refactoring\MedCompanion\MedCompanion_j3wndi1g_wpftmp.csproj]
D:\Users\nair\Bureau\medcompa1, avant refactoring\MedCompanion\MainWindow.xaml.cs(1214,37): warning CS8601: Existence possible d'une assignation de r├®f├®rence null. [D:\Users\nair\Bureau\medcompa1, avant refactoring\MedCompanion\MedCompanion_j3wndi1g_wpftmp.csproj]
D:\Users\nair\Bureau\medcompa1, avant refactoring\MedCompanion\MainWindow.xaml.cs(1221,28): warning CS8601: Existence possible d'une assignation de r├®f├®rence null. [D:\Users\nair\Bureau\medcompa1, avant refactoring\MedCompanion\MedCompanion_j3wndi1g_wpftmp.csproj]
D:\Users\nair\Bureau\medcompa1, avant refactoring\MedCompanion\MainWindow.xaml.cs(1222,37): warning CS8601: Existence possible d'une assignation de r├®f├®rence null. [D:\Users\nair\Bureau\medcompa1, avant refactoring\MedCompanion\MedCompanion_j3wndi1g_wpftmp.csproj]
D:\Users\nair\Bureau\medcompa1, avant refactoring\MedCompanion\Services\AttestationService.cs(626,32): warning CS8602: D├®r├®f├®rencement d'une ├®ventuelle r├®f├®rence null. [D:\Users\nair\Bureau\medcompa1, avant refactoring\MedCompanion\MedCompanion_j3wndi1g_wpftmp.csproj]
D:\Users\nair\Bureau\medcompa1, avant refactoring\MedCompanion\Dialogs\PAIAssistantDialog.xaml.cs(67,26): warning CS8601: Existence possible d'une assignation de r├®f├®rence null. [D:\Users\nair\Bureau\medcompa1, avant refactoring\MedCompanion\MedCompanion_j3wndi1g_wpftmp.csproj]
D:\Users\nair\Bureau\medcompa1, avant refactoring\MedCompanion\Services\BDPMService.cs(47,55): warning CS1998: Cette m├®thode async n'a pas d'op├®rateur 'await' et elle s'ex├®cutera de fa├ºon synchrone. Utilisez l'op├®rateur 'await' pour attendre les appels d'API non bloquants ou 'await Task.Run(ÔÇª)' pour effectuer un travail utilisant le processeur sur un thread d'arri├¿re-plan. [D:\Users\nair\Bureau\medcompa1, avant refactoring\MedCompanion\MedCompanion_j3wndi1g_wpftmp.csproj]
D:\Users\nair\Bureau\medcompa1, avant refactoring\MedCompanion\Dialogs\MDPHAssistantDialog.xaml.cs(1077,38): warning CS8604: Existence possible d'un argument de r├®f├®rence null pour le param├¿tre 'item' dans 'void List<string>.Add(string item)'. [D:\Users\nair\Bureau\medcompa1, avant refactoring\MedCompanion\MedCompanion_j3wndi1g_wpftmp.csproj]
D:\Users\nair\Bureau\medcompa1, avant refactoring\MedCompanion\Dialogs\ScannedFormEditorDialog.xaml.cs(1524,30): warning CS0618: 'XUnit.implicit operator XUnit(double)' est obsol├¿te┬á: 'In PDFsharp 6.1 implicit conversion from double is marked obsolete, because it led to misunderstandings and unexpected behavior. Provide the unit by XUnit.FromPoint() or use the new class XUnitPt instead.' [D:\Users\nair\Bureau\medcompa1, avant refactoring\MedCompanion\MedCompanion_j3wndi1g_wpftmp.csproj]
D:\Users\nair\Bureau\medcompa1, avant refactoring\MedCompanion\Dialogs\ScannedFormEditorDialog.xaml.cs(1525,31): warning CS0618: 'XUnit.implicit operator XUnit(double)' est obsol├¿te┬á: 'In PDFsharp 6.1 implicit conversion from double is marked obsolete, because it led to misunderstandings and unexpected behavior. Provide the unit by XUnit.FromPoint() or use the new class XUnitPt instead.' [D:\Users\nair\Bureau\medcompa1, avant refactoring\MedCompanion\MedCompanion_j3wndi1g_wpftmp.csproj]
D:\Users\nair\Bureau\medcompa1, avant refactoring\MedCompanion\Dialogs\ParametresDialog.xaml.cs(271,28): warning CS1998: Cette m├®thode async n'a pas d'op├®rateur 'await' et elle s'ex├®cutera de fa├ºon synchrone. Utilisez l'op├®rateur 'await' pour attendre les appels d'API non bloquants ou 'await Task.Run(ÔÇª)' pour effectuer un travail utilisant le processeur sur un thread d'arri├¿re-plan. [D:\Users\nair\Bureau\medcompa1, avant refactoring\MedCompanion\MedCompanion_j3wndi1g_wpftmp.csproj]
D:\Users\nair\Bureau\medcompa1, avant refactoring\MedCompanion\Views\Documents\DocumentsControl.xaml.cs(684,28): warning CS1998: Cette m├®thode async n'a pas d'op├®rateur 'await' et elle s'ex├®cutera de fa├ºon synchrone. Utilisez l'op├®rateur 'await' pour attendre les appels d'API non bloquants ou 'await Task.Run(ÔÇª)' pour effectuer un travail utilisant le processeur sur un thread d'arri├¿re-plan. [D:\Users\nair\Bureau\medcompa1, avant refactoring\MedCompanion\MedCompanion_j3wndi1g_wpftmp.csproj]
D:\Users\nair\Bureau\medcompa1, avant refactoring\MedCompanion\Services\DocxToPdfService.cs(14,16): warning CS8618: Le champ ┬½┬á_libreOfficePath┬á┬╗ non-nullable doit contenir une valeur autre que Null lors de la fermeture du constructeur. Envisagez dÔÇÖajouter le modificateur ┬½┬árequired┬á┬╗ ou de d├®clarer le champ comme pouvant accepter la valeur Null. [D:\Users\nair\Bureau\medcompa1, avant refactoring\MedCompanion\MedCompanion_j3wndi1g_wpftmp.csproj]
D:\Users\nair\Bureau\medcompa1, avant refactoring\MedCompanion\Services\FormulaireAssistantService.cs(60,43): warning CS8601: Existence possible d'une assignation de r├®f├®rence null. [D:\Users\nair\Bureau\medcompa1, avant refactoring\MedCompanion\MedCompanion_j3wndi1g_wpftmp.csproj]
D:\Users\nair\Bureau\medcompa1, avant refactoring\MedCompanion\Services\MarkdownToPdfService.cs(26,75): warning CS1998: Cette m├®thode async n'a pas d'op├®rateur 'await' et elle s'ex├®cutera de fa├ºon synchrone. Utilisez l'op├®rateur 'await' pour attendre les appels d'API non bloquants ou 'await Task.Run(ÔÇª)' pour effectuer un travail utilisant le processeur sur un thread d'arri├¿re-plan. [D:\Users\nair\Bureau\medcompa1, avant refactoring\MedCompanion\MedCompanion_j3wndi1g_wpftmp.csproj]
D:\Users\nair\Bureau\medcompa1, avant refactoring\MedCompanion\Services\FormulaireAssistantService.cs(130,61): error CS0103: Le nom '_promptConfigService' n'existe pas dans le contexte actuel [D:\Users\nair\Bureau\medcompa1, avant refactoring\MedCompanion\MedCompanion_j3wndi1g_wpftmp.csproj]
D:\Users\nair\Bureau\medcompa1, avant refactoring\MedCompanion\Services\FormulaireAssistantService.cs(130,22): error CS8130: Impossible de d├®duire le type de la variable de d├®construction implicitement typ├®e 'anonymizedPrompt'. [D:\Users\nair\Bureau\medcompa1, avant refactoring\MedCompanion\MedCompanion_j3wndi1g_wpftmp.csproj]
D:\Users\nair\Bureau\medcompa1, avant refactoring\MedCompanion\Services\FormulaireAssistantService.cs(130,40): error CS8130: Impossible de d├®duire le type de la variable de d├®construction implicitement typ├®e 'anonContext'. [D:\Users\nair\Bureau\medcompa1, avant refactoring\MedCompanion\MedCompanion_j3wndi1g_wpftmp.csproj]
D:\Users\nair\Bureau\medcompa1, avant refactoring\MedCompanion\Services\LLM\LLMServiceFactory.cs(29,40): warning CS1998: Cette m├®thode async n'a pas d'op├®rateur 'await' et elle s'ex├®cutera de fa├ºon synchrone. Utilisez l'op├®rateur 'await' pour attendre les appels d'API non bloquants ou 'await Task.Run(ÔÇª)' pour effectuer un travail utilisant le processeur sur un thread d'arri├¿re-plan. [D:\Users\nair\Bureau\medcompa1, avant refactoring\MedCompanion\MedCompanion_j3wndi1g_wpftmp.csproj]
D:\Users\nair\Bureau\medcompa1, avant refactoring\MedCompanion\Dialogs\PatientListDialog.xaml.cs(165,28): warning CS1998: Cette m├®thode async n'a pas d'op├®rateur 'await' et elle s'ex├®cutera de fa├ºon synchrone. Utilisez l'op├®rateur 'await' pour attendre les appels d'API non bloquants ou 'await Task.Run(ÔÇª)' pour effectuer un travail utilisant le processeur sur un thread d'arri├¿re-plan. [D:\Users\nair\Bureau\medcompa1, avant refactoring\MedCompanion\MedCompanion_j3wndi1g_wpftmp.csproj]
D:\Users\nair\Bureau\medcompa1, avant refactoring\MedCompanion\Services\MarkdownToPdfService.cs(116,21): warning CS0618: 'ImageExtensions.Image(IContainer, string, ImageScaling)' est obsol├¿te┬á: 'This element has been changed since version 2023.5. Please use the Image method overload that returns the ImageDescriptor object.' [D:\Users\nair\Bureau\medcompa1, avant refactoring\MedCompanion\MedCompanion_j3wndi1g_wpftmp.csproj]
D:\Users\nair\Bureau\medcompa1, avant refactoring\MedCompanion\Services\MCCLibraryService.cs(153,20): warning CS8603: Existence possible d'un retour de r├®f├®rence null. [D:\Users\nair\Bureau\medcompa1, avant refactoring\MedCompanion\MedCompanion_j3wndi1g_wpftmp.csproj]
D:\Users\nair\Bureau\medcompa1, avant refactoring\MedCompanion\Services\MCCLibraryService.cs(251,28): warning CS8603: Existence possible d'un retour de r├®f├®rence null. [D:\Users\nair\Bureau\medcompa1, avant refactoring\MedCompanion\MedCompanion_j3wndi1g_wpftmp.csproj]
D:\Users\nair\Bureau\medcompa1, avant refactoring\MedCompanion\Services\MCCLibraryService.cs(272,24): warning CS8603: Existence possible d'un retour de r├®f├®rence null. [D:\Users\nair\Bureau\medcompa1, avant refactoring\MedCompanion\MedCompanion_j3wndi1g_wpftmp.csproj]
D:\Users\nair\Bureau\medcompa1, avant refactoring\MedCompanion\Services\MCCLibraryService.cs(277,24): warning CS8603: Existence possible d'un retour de r├®f├®rence null. [D:\Users\nair\Bureau\medcompa1, avant refactoring\MedCompanion\MedCompanion_j3wndi1g_wpftmp.csproj]
D:\Users\nair\Bureau\medcompa1, avant refactoring\MedCompanion\Services\LLMGatewayService.cs(181,59): warning CS8604: Existence possible d'un argument de r├®f├®rence null pour le param├¿tre 'systemPrompt' dans 'Task<(bool success, string result, string? error)> ILLMService.ChatAsync(string systemPrompt, List<(string role, string content)> messages, int maxTokens = 1500)'. [D:\Users\nair\Bureau\medcompa1, avant refactoring\MedCompanion\MedCompanion_j3wndi1g_wpftmp.csproj]
D:\Users\nair\Bureau\medcompa1, avant refactoring\MedCompanion\Services\LLMGatewayService.cs(193,89): warning CS8604: Existence possible d'un argument de r├®f├®rence null pour le param├¿tre 'text' dans 'Task<(string anonymizedText, AnonymizationContext context)> LLMGatewayService.AnonymizeInputAsync(string text, string? patientName)'. [D:\Users\nair\Bureau\medcompa1, avant refactoring\MedCompanion\MedCompanion_j3wndi1g_wpftmp.csproj]
D:\Users\nair\Bureau\medcompa1, avant refactoring\MedCompanion\Services\LLMGatewayService.cs(227,60): warning CS8604: Existence possible d'un argument de r├®f├®rence null pour le param├¿tre 'text' dans 'string LLMGatewayService.DeanonymizeOutput(string text, AnonymizationContext? context)'. [D:\Users\nair\Bureau\medcompa1, avant refactoring\MedCompanion\MedCompanion_j3wndi1g_wpftmp.csproj]
D:\Users\nair\Bureau\medcompa1, avant refactoring\MedCompanion\Services\PromptReformulationService.cs(115,24): warning CS8619: La nullabilit├® des types r├®f├®rence dans la valeur de type '(bool, LetterAnalysisResult?, string)' ne correspond pas au type cible '(bool success, LetterAnalysisResult result, string? error)'. [D:\Users\nair\Bureau\medcompa1, avant refactoring\MedCompanion\MedCompanion_j3wndi1g_wpftmp.csproj]
D:\Users\nair\Bureau\medcompa1, avant refactoring\MedCompanion\Services\PromptReformulationService.cs(202,28): warning CS8619: La nullabilit├® des types r├®f├®rence dans la valeur de type '(bool, LetterAnalysisResult?, string)' ne correspond pas au type cible '(bool success, LetterAnalysisResult result, string? error)'. [D:\Users\nair\Bureau\medcompa1, avant refactoring\MedCompanion\MedCompanion_j3wndi1g_wpftmp.csproj]
D:\Users\nair\Bureau\medcompa1, avant refactoring\MedCompanion\Services\PromptReformulationService.cs(220,32): warning CS8619: La nullabilit├® des types r├®f├®rence dans la valeur de type '(bool, LetterAnalysisResult?, string)' ne correspond pas au type cible '(bool success, LetterAnalysisResult result, string? error)'. [D:\Users\nair\Bureau\medcompa1, avant refactoring\MedCompanion\MedCompanion_j3wndi1g_wpftmp.csproj]
D:\Users\nair\Bureau\medcompa1, avant refactoring\MedCompanion\Services\PromptReformulationService.cs(245,24): warning CS8619: La nullabilit├® des types r├®f├®rence dans la valeur de type '(bool, LetterAnalysisResult?, string)' ne correspond pas au type cible '(bool success, LetterAnalysisResult result, string? error)'. [D:\Users\nair\Bureau\medcompa1, avant refactoring\MedCompanion\MedCompanion_j3wndi1g_wpftmp.csproj]
D:\Users\nair\Bureau\medcompa1, avant refactoring\MedCompanion\Services\MCCMatchingService.cs(246,25): warning CS8604: Existence possible d'un argument de r├®f├®rence null pour le param├¿tre 'patientContext' dans 'Task<(bool success, LetterAnalysisResult result, string? error)> PromptReformulationService.AnalyzeLetterRequestAsync(string userRequest, PatientContext patientContext = null, string? pseudonym = null, AnonymizationContext? anonContext = null, string? explicitRecipient = null)'. [D:\Users\nair\Bureau\medcompa1, avant refactoring\MedCompanion\MedCompanion_j3wndi1g_wpftmp.csproj]
D:\Users\nair\Bureau\medcompa1, avant refactoring\MedCompanion\Services\MCCMatchingService.cs(254,28): warning CS8619: La nullabilit├® des types r├®f├®rence dans la valeur de type '(bool, MCCMatchResult?, string)' ne correspond pas au type cible '(bool success, MCCMatchResult result, string error)'. [D:\Users\nair\Bureau\medcompa1, avant refactoring\MedCompanion\MedCompanion_j3wndi1g_wpftmp.csproj]
D:\Users\nair\Bureau\medcompa1, avant refactoring\MedCompanion\Services\MCCMatchingService.cs(311,28): warning CS8619: La nullabilit├® des types r├®f├®rence dans la valeur de type '(bool, MCCMatchResult, string?)' ne correspond pas au type cible '(bool success, MCCMatchResult result, string error)'. [D:\Users\nair\Bureau\medcompa1, avant refactoring\MedCompanion\MedCompanion_j3wndi1g_wpftmp.csproj]
D:\Users\nair\Bureau\medcompa1, avant refactoring\MedCompanion\Services\MCCMatchingService.cs(364,28): warning CS8619: La nullabilit├® des types r├®f├®rence dans la valeur de type '(bool, MCCMatchResult, string?)' ne correspond pas au type cible '(bool success, MCCMatchResult result, string error)'. [D:\Users\nair\Bureau\medcompa1, avant refactoring\MedCompanion\MedCompanion_j3wndi1g_wpftmp.csproj]
D:\Users\nair\Bureau\medcompa1, avant refactoring\MedCompanion\Services\MCCMatchingService.cs(378,28): warning CS8619: La nullabilit├® des types r├®f├®rence dans la valeur de type '(bool, MCCMatchResult, string?)' ne correspond pas au type cible '(bool success, MCCMatchResult result, string error)'. [D:\Users\nair\Bureau\medcompa1, avant refactoring\MedCompanion\MedCompanion_j3wndi1g_wpftmp.csproj]
D:\Users\nair\Bureau\medcompa1, avant refactoring\MedCompanion\Services\MCCMatchingService.cs(391,24): warning CS8619: La nullabilit├® des types r├®f├®rence dans la valeur de type '(bool, MCCMatchResult?, string)' ne correspond pas au type cible '(bool success, MCCMatchResult result, string error)'. [D:\Users\nair\Bureau\medcompa1, avant refactoring\MedCompanion\MedCompanion_j3wndi1g_wpftmp.csproj]
D:\Users\nair\Bureau\medcompa1, avant refactoring\MedCompanion\Services\PDFFormFillerService.cs(572,56): warning CS0618: 'PdfDocumentOpenMode.ReadOnly' est obsol├¿te┬á: 'ReadOnly is not implemented, use Import instead.' [D:\Users\nair\Bureau\medcompa1, avant refactoring\MedCompanion\MedCompanion_j3wndi1g_wpftmp.csproj]
D:\Users\nair\Bureau\medcompa1, avant refactoring\MedCompanion\Services\PDFFormFillerService.cs(664,69): warning CS8602: D├®r├®f├®rencement d'une ├®ventuelle r├®f├®rence null. [D:\Users\nair\Bureau\medcompa1, avant refactoring\MedCompanion\MedCompanion_j3wndi1g_wpftmp.csproj]
D:\Users\nair\Bureau\medcompa1, avant refactoring\MedCompanion\Services\PDFFormFillerService.cs(664,119): warning CS8602: D├®r├®f├®rencement d'une ├®ventuelle r├®f├®rence null. [D:\Users\nair\Bureau\medcompa1, avant refactoring\MedCompanion\MedCompanion_j3wndi1g_wpftmp.csproj]
D:\Users\nair\Bureau\medcompa1, avant refactoring\MedCompanion\ViewModels\CourriersViewModel.cs(44,44): warning CS0067: L'├®v├®nement 'CourriersViewModel.ShowInExplorerRequested' n'est jamais utilis├® [D:\Users\nair\Bureau\medcompa1, avant refactoring\MedCompanion\MedCompanion_j3wndi1g_wpftmp.csproj]
D:\Users\nair\Bureau\medcompa1, avant refactoring\MedCompanion\ViewModels\CourriersViewModel.cs(42,44): warning CS0067: L'├®v├®nement 'CourriersViewModel.FileOpenRequested' n'est jamais utilis├® [D:\Users\nair\Bureau\medcompa1, avant refactoring\MedCompanion\MedCompanion_j3wndi1g_wpftmp.csproj]
D:\Users\nair\Bureau\medcompa1, avant refactoring\MedCompanion\ViewModels\CourriersViewModel.cs(38,36): warning CS0067: L'├®v├®nement 'CourriersViewModel.LetterListRefreshRequested' n'est jamais utilis├® [D:\Users\nair\Bureau\medcompa1, avant refactoring\MedCompanion\MedCompanion_j3wndi1g_wpftmp.csproj]

├ëCHEC de la build.

D:\Users\nair\Bureau\medcompa1, avant refactoring\MedCompanion\Dialogs\CreateLetterWithAIDialog.xaml.cs(35,45): warning CS8625: Impossible de convertir un litt├®ral ayant une valeur null en type r├®f├®rence non-nullable. [D:\Users\nair\Bureau\medcompa1, avant refactoring\MedCompanion\MedCompanion_j3wndi1g_wpftmp.csproj]
D:\Users\nair\Bureau\medcompa1, avant refactoring\MedCompanion\Models\MCCMatchResult.cs(82,45): warning CS8625: Impossible de convertir un litt├®ral ayant une valeur null en type r├®f├®rence non-nullable. [D:\Users\nair\Bureau\medcompa1, avant refactoring\MedCompanion\MedCompanion_j3wndi1g_wpftmp.csproj]
D:\Users\nair\Bureau\medcompa1, avant refactoring\MedCompanion\Models\MCCMatchResult.cs(106,32): warning CS8625: Impossible de convertir un litt├®ral ayant une valeur null en type r├®f├®rence non-nullable. [D:\Users\nair\Bureau\medcompa1, avant refactoring\MedCompanion\MedCompanion_j3wndi1g_wpftmp.csproj]
D:\Users\nair\Bureau\medcompa1, avant refactoring\MedCompanion\Views\BusyOverlay.xaml.cs(53,21): warning CS0108: 'BusyOverlayViewModel.IsBusy' masque le membre h├®rit├® 'ViewModelBase.IsBusy'. Utilisez le mot cl├® new si le masquage est intentionnel. [D:\Users\nair\Bureau\medcompa1, avant refactoring\MedCompanion\MedCompanion_j3wndi1g_wpftmp.csproj]
D:\Users\nair\Bureau\medcompa1, avant refactoring\MedCompanion\Services\MCCMatchingService.cs(219,45): warning CS8625: Impossible de convertir un litt├®ral ayant une valeur null en type r├®f├®rence non-nullable. [D:\Users\nair\Bureau\medcompa1, avant refactoring\MedCompanion\MedCompanion_j3wndi1g_wpftmp.csproj]
D:\Users\nair\Bureau\medcompa1, avant refactoring\MedCompanion\Services\MCCMatchingService.cs(220,47): warning CS8625: Impossible de convertir un litt├®ral ayant une valeur null en type r├®f├®rence non-nullable. [D:\Users\nair\Bureau\medcompa1, avant refactoring\MedCompanion\MedCompanion_j3wndi1g_wpftmp.csproj]
D:\Users\nair\Bureau\medcompa1, avant refactoring\MedCompanion\Services\PromptReformulationService.cs(109,52): warning CS8625: Impossible de convertir un litt├®ral ayant une valeur null en type r├®f├®rence non-nullable. [D:\Users\nair\Bureau\medcompa1, avant refactoring\MedCompanion\MedCompanion_j3wndi1g_wpftmp.csproj]
D:\Users\nair\Bureau\medcompa1, avant refactoring\MedCompanion\Services\TemplateLibraryService.cs(34,84): warning CS8625: Impossible de convertir un litt├®ral ayant une valeur null en type r├®f├®rence non-nullable. [D:\Users\nair\Bureau\medcompa1, avant refactoring\MedCompanion\MedCompanion_j3wndi1g_wpftmp.csproj]
D:\Users\nair\Bureau\medcompa1, avant refactoring\MedCompanion\LetterService.cs(37,16): warning CS8618: Le champ ┬½┬á_promptConfig┬á┬╗ non-nullable doit contenir une valeur autre que Null lors de la fermeture du constructeur. Envisagez dÔÇÖajouter le modificateur ┬½┬árequired┬á┬╗ ou de d├®clarer le champ comme pouvant accepter la valeur Null. [D:\Users\nair\Bureau\medcompa1, avant refactoring\MedCompanion\MedCompanion_j3wndi1g_wpftmp.csproj]
D:\Users\nair\Bureau\medcompa1, avant refactoring\MedCompanion\LetterService.cs(37,16): warning CS8618: Le champ ┬½┬á_cachedSystemPrompt┬á┬╗ non-nullable doit contenir une valeur autre que Null lors de la fermeture du constructeur. Envisagez dÔÇÖajouter le modificateur ┬½┬árequired┬á┬╗ ou de d├®clarer le champ comme pouvant accepter la valeur Null. [D:\Users\nair\Bureau\medcompa1, avant refactoring\MedCompanion\MedCompanion_j3wndi1g_wpftmp.csproj]
D:\Users\nair\Bureau\medcompa1, avant refactoring\MedCompanion\LetterService.cs(37,16): warning CS8618: Le champ ┬½┬á_cachedLetterWithContextPrompt┬á┬╗ non-nullable doit contenir une valeur autre que Null lors de la fermeture du constructeur. Envisagez dÔÇÖajouter le modificateur ┬½┬árequired┬á┬╗ ou de d├®clarer le champ comme pouvant accepter la valeur Null. [D:\Users\nair\Bureau\medcompa1, avant refactoring\MedCompanion\MedCompanion_j3wndi1g_wpftmp.csproj]
D:\Users\nair\Bureau\medcompa1, avant refactoring\MedCompanion\LetterService.cs(37,16): warning CS8618: Le champ ┬½┬á_cachedLetterNoContextPrompt┬á┬╗ non-nullable doit contenir une valeur autre que Null lors de la fermeture du constructeur. Envisagez dÔÇÖajouter le modificateur ┬½┬árequired┬á┬╗ ou de d├®clarer le champ comme pouvant accepter la valeur Null. [D:\Users\nair\Bureau\medcompa1, avant refactoring\MedCompanion\MedCompanion_j3wndi1g_wpftmp.csproj]
D:\Users\nair\Bureau\medcompa1, avant refactoring\MedCompanion\LetterService.cs(37,16): warning CS8618: Le champ ┬½┬á_cachedTemplateAdaptationPrompt┬á┬╗ non-nullable doit contenir une valeur autre que Null lors de la fermeture du constructeur. Envisagez dÔÇÖajouter le modificateur ┬½┬árequired┬á┬╗ ou de d├®clarer le champ comme pouvant accepter la valeur Null. [D:\Users\nair\Bureau\medcompa1, avant refactoring\MedCompanion\MedCompanion_j3wndi1g_wpftmp.csproj]
D:\Users\nair\Bureau\medcompa1, avant refactoring\MedCompanion\Converters\ValueConverters.cs(114,24): warning CS8603: Existence possible d'un retour de r├®f├®rence null. [D:\Users\nair\Bureau\medcompa1, avant refactoring\MedCompanion\MedCompanion_j3wndi1g_wpftmp.csproj]
D:\Users\nair\Bureau\medcompa1, avant refactoring\MedCompanion\Dialogs\CreateLetterWithAIDialog.xaml.cs(16,25): warning CS8618: Le propri├®t├® ┬½┬áSelectedMCC┬á┬╗ non-nullable doit contenir une valeur autre que Null lors de la fermeture du constructeur. Envisagez dÔÇÖajouter le modificateur ┬½┬árequired┬á┬╗ ou de d├®clarer le propri├®t├® comme pouvant accepter la valeur Null. [D:\Users\nair\Bureau\medcompa1, avant refactoring\MedCompanion\MedCompanion_j3wndi1g_wpftmp.csproj]
D:\Users\nair\Bureau\medcompa1, avant refactoring\MedCompanion\Dialogs\CreateLetterWithAIDialog.xaml.cs(17,23): warning CS8618: Le propri├®t├® ┬½┬áUserRequest┬á┬╗ non-nullable doit contenir une valeur autre que Null lors de la fermeture du constructeur. Envisagez dÔÇÖajouter le modificateur ┬½┬árequired┬á┬╗ ou de d├®clarer le propri├®t├® comme pouvant accepter la valeur Null. [D:\Users\nair\Bureau\medcompa1, avant refactoring\MedCompanion\MedCompanion_j3wndi1g_wpftmp.csproj]
D:\Users\nair\Bureau\medcompa1, avant refactoring\MedCompanion\Dialogs\CreateLetterWithAIDialog.xaml.cs(18,37): warning CS8618: Le propri├®t├® ┬½┬áAnalysis┬á┬╗ non-nullable doit contenir une valeur autre que Null lors de la fermeture du constructeur. Envisagez dÔÇÖajouter le modificateur ┬½┬árequired┬á┬╗ ou de d├®clarer le propri├®t├® comme pouvant accepter la valeur Null. [D:\Users\nair\Bureau\medcompa1, avant refactoring\MedCompanion\MedCompanion_j3wndi1g_wpftmp.csproj]
D:\Users\nair\Bureau\medcompa1, avant refactoring\MedCompanion\Dialogs\CreateLetterWithAIDialog.xaml.cs(20,40): warning CS8618: Le propri├®t├® ┬½┬áOptions┬á┬╗ non-nullable doit contenir une valeur autre que Null lors de la fermeture du constructeur. Envisagez dÔÇÖajouter le modificateur ┬½┬árequired┬á┬╗ ou de d├®clarer le propri├®t├® comme pouvant accepter la valeur Null. [D:\Users\nair\Bureau\medcompa1, avant refactoring\MedCompanion\MedCompanion_j3wndi1g_wpftmp.csproj]
D:\Users\nair\Bureau\medcompa1, avant refactoring\MedCompanion\Dialogs\CreateLetterWithAIDialog.xaml.cs(128,32): warning CS8600: Conversion de litt├®ral ayant une valeur null ou d'une ├®ventuelle valeur null en type non-nullable. [D:\Users\nair\Bureau\medcompa1, avant refactoring\MedCompanion\MedCompanion_j3wndi1g_wpftmp.csproj]
D:\Users\nair\Bureau\medcompa1, avant refactoring\MedCompanion\Dialogs\CreateLetterWithAIDialog.xaml.cs(131,29): warning CS8600: Conversion de litt├®ral ayant une valeur null ou d'une ├®ventuelle valeur null en type non-nullable. [D:\Users\nair\Bureau\medcompa1, avant refactoring\MedCompanion\MedCompanion_j3wndi1g_wpftmp.csproj]
D:\Users\nair\Bureau\medcompa1, avant refactoring\MedCompanion\Dialogs\CreateLetterWithAIDialog.xaml.cs(139,33): warning CS8600: Conversion de litt├®ral ayant une valeur null ou d'une ├®ventuelle valeur null en type non-nullable. [D:\Users\nair\Bureau\medcompa1, avant refactoring\MedCompanion\MedCompanion_j3wndi1g_wpftmp.csproj]
D:\Users\nair\Bureau\medcompa1, avant refactoring\MedCompanion\Dialogs\CreateLetterWithAIDialog.xaml.cs(142,33): warning CS8601: Existence possible d'une assignation de r├®f├®rence null. [D:\Users\nair\Bureau\medcompa1, avant refactoring\MedCompanion\MedCompanion_j3wndi1g_wpftmp.csproj]
D:\Users\nair\Bureau\medcompa1, avant refactoring\MedCompanion\Dialogs\CreateLetterWithAIDialog.xaml.cs(144,28): warning CS8601: Existence possible d'une assignation de r├®f├®rence null. [D:\Users\nair\Bureau\medcompa1, avant refactoring\MedCompanion\MedCompanion_j3wndi1g_wpftmp.csproj]
D:\Users\nair\Bureau\medcompa1, avant refactoring\MedCompanion\Dialogs\CreateLetterWithAIDialog.xaml.cs(145,30): warning CS8601: Existence possible d'une assignation de r├®f├®rence null. [D:\Users\nair\Bureau\medcompa1, avant refactoring\MedCompanion\MedCompanion_j3wndi1g_wpftmp.csproj]
D:\Users\nair\Bureau\medcompa1, avant refactoring\MedCompanion\Dialogs\CreateLetterWithAIDialog.xaml.cs(146,30): warning CS8601: Existence possible d'une assignation de r├®f├®rence null. [D:\Users\nair\Bureau\medcompa1, avant refactoring\MedCompanion\MedCompanion_j3wndi1g_wpftmp.csproj]
D:\Users\nair\Bureau\medcompa1, avant refactoring\MedCompanion\Dialogs\CreateLetterWithAIDialog.xaml.cs(147,37): warning CS8601: Existence possible d'une assignation de r├®f├®rence null. [D:\Users\nair\Bureau\medcompa1, avant refactoring\MedCompanion\MedCompanion_j3wndi1g_wpftmp.csproj]
D:\Users\nair\Bureau\medcompa1, avant refactoring\MedCompanion\Dialogs\CreateLetterWithAIDialog.xaml.cs(148,31): warning CS8601: Existence possible d'une assignation de r├®f├®rence null. [D:\Users\nair\Bureau\medcompa1, avant refactoring\MedCompanion\MedCompanion_j3wndi1g_wpftmp.csproj]
D:\Users\nair\Bureau\medcompa1, avant refactoring\MedCompanion\Dialogs\CreateLetterWithAIDialog.xaml.cs(199,35): warning CS8625: Impossible de convertir un litt├®ral ayant une valeur null en type r├®f├®rence non-nullable. [D:\Users\nair\Bureau\medcompa1, avant refactoring\MedCompanion\MedCompanion_j3wndi1g_wpftmp.csproj]
D:\Users\nair\Bureau\medcompa1, avant refactoring\MedCompanion\Dialogs\CreateLetterWithAIDialog.xaml.cs(201,32): warning CS8625: Impossible de convertir un litt├®ral ayant une valeur null en type r├®f├®rence non-nullable. [D:\Users\nair\Bureau\medcompa1, avant refactoring\MedCompanion\MedCompanion_j3wndi1g_wpftmp.csproj]
D:\Users\nair\Bureau\medcompa1, avant refactoring\MedCompanion\Dialogs\CreateLetterWithAIDialog.xaml.cs(247,44): warning CS8600: Conversion de litt├®ral ayant une valeur null ou d'une ├®ventuelle valeur null en type non-nullable. [D:\Users\nair\Bureau\medcompa1, avant refactoring\MedCompanion\MedCompanion_j3wndi1g_wpftmp.csproj]
D:\Users\nair\Bureau\medcompa1, avant refactoring\MedCompanion\Dialogs\CreateLetterWithAIDialog.xaml.cs(422,39): warning CS8625: Impossible de convertir un litt├®ral ayant une valeur null en type r├®f├®rence non-nullable. [D:\Users\nair\Bureau\medcompa1, avant refactoring\MedCompanion\MedCompanion_j3wndi1g_wpftmp.csproj]
D:\Users\nair\Bureau\medcompa1, avant refactoring\MedCompanion\Dialogs\CreateLetterWithAIDialog.xaml.cs(466,35): warning CS8625: Impossible de convertir un litt├®ral ayant une valeur null en type r├®f├®rence non-nullable. [D:\Users\nair\Bureau\medcompa1, avant refactoring\MedCompanion\MedCompanion_j3wndi1g_wpftmp.csproj]
D:\Users\nair\Bureau\medcompa1, avant refactoring\MedCompanion\MainWindow.LLM.cs(199,76): warning CS8604: Existence possible d'un argument de r├®f├®rence null pour le param├¿tre 'providerName' dans 'Task<(bool success, string message)> LLMServiceFactory.SwitchProviderAsync(string providerName, string? modelName = null)'. [D:\Users\nair\Bureau\medcompa1, avant refactoring\MedCompanion\MedCompanion_j3wndi1g_wpftmp.csproj]
D:\Users\nair\Bureau\medcompa1, avant refactoring\MedCompanion\OpenAIService.cs(28,16): warning CS8618: Le champ ┬½┬á_promptConfig┬á┬╗ non-nullable doit contenir une valeur autre que Null lors de la fermeture du constructeur. Envisagez dÔÇÖajouter le modificateur ┬½┬árequired┬á┬╗ ou de d├®clarer le champ comme pouvant accepter la valeur Null. [D:\Users\nair\Bureau\medcompa1, avant refactoring\MedCompanion\MedCompanion_j3wndi1g_wpftmp.csproj]
D:\Users\nair\Bureau\medcompa1, avant refactoring\MedCompanion\OpenAIService.cs(28,16): warning CS8618: Le champ ┬½┬á_cachedSystemPrompt┬á┬╗ non-nullable doit contenir une valeur autre que Null lors de la fermeture du constructeur. Envisagez dÔÇÖajouter le modificateur ┬½┬árequired┬á┬╗ ou de d├®clarer le champ comme pouvant accepter la valeur Null. [D:\Users\nair\Bureau\medcompa1, avant refactoring\MedCompanion\MedCompanion_j3wndi1g_wpftmp.csproj]
D:\Users\nair\Bureau\medcompa1, avant refactoring\MedCompanion\OpenAIService.cs(28,16): warning CS8618: Le champ ┬½┬á_cachedNoteStructurationPrompt┬á┬╗ non-nullable doit contenir une valeur autre que Null lors de la fermeture du constructeur. Envisagez dÔÇÖajouter le modificateur ┬½┬árequired┬á┬╗ ou de d├®clarer le champ comme pouvant accepter la valeur Null. [D:\Users\nair\Bureau\medcompa1, avant refactoring\MedCompanion\MedCompanion_j3wndi1g_wpftmp.csproj]
D:\Users\nair\Bureau\medcompa1, avant refactoring\MedCompanion\OpenAIService.cs(28,16): warning CS8618: Le champ ┬½┬á_cachedChatInteractionPrompt┬á┬╗ non-nullable doit contenir une valeur autre que Null lors de la fermeture du constructeur. Envisagez dÔÇÖajouter le modificateur ┬½┬árequired┬á┬╗ ou de d├®clarer le champ comme pouvant accepter la valeur Null. [D:\Users\nair\Bureau\medcompa1, avant refactoring\MedCompanion\MedCompanion_j3wndi1g_wpftmp.csproj]
D:\Users\nair\Bureau\medcompa1, avant refactoring\MedCompanion\Models\SemanticAnalysis.cs(181,24): warning CS8618: Le champ ┬½┬á_semanticConfidence┬á┬╗ non-nullable doit contenir une valeur autre que Null lors de la fermeture du constructeur. Envisagez dÔÇÖajouter le modificateur ┬½┬árequired┬á┬╗ ou de d├®clarer le champ comme pouvant accepter la valeur Null. [D:\Users\nair\Bureau\medcompa1, avant refactoring\MedCompanion\MedCompanion_j3wndi1g_wpftmp.csproj]
D:\Users\nair\Bureau\medcompa1, avant refactoring\MedCompanion\Models\SemanticAnalysis.cs(219,23): warning CS8618: Le propri├®t├® ┬½┬áDetectedLanguage┬á┬╗ non-nullable doit contenir une valeur autre que Null lors de la fermeture du constructeur. Envisagez dÔÇÖajouter le modificateur ┬½┬árequired┬á┬╗ ou de d├®clarer le propri├®t├® comme pouvant accepter la valeur Null. [D:\Users\nair\Bureau\medcompa1, avant refactoring\MedCompanion\MedCompanion_j3wndi1g_wpftmp.csproj]
D:\Users\nair\Bureau\medcompa1, avant refactoring\MedCompanion\Models\SemanticAnalysis.cs(225,23): warning CS8618: Le propri├®t├® ┬½┬áSource┬á┬╗ non-nullable doit contenir une valeur autre que Null lors de la fermeture du constructeur. Envisagez dÔÇÖajouter le modificateur ┬½┬árequired┬á┬╗ ou de d├®clarer le propri├®t├® comme pouvant accepter la valeur Null. [D:\Users\nair\Bureau\medcompa1, avant refactoring\MedCompanion\MedCompanion_j3wndi1g_wpftmp.csproj]
D:\Users\nair\Bureau\medcompa1, avant refactoring\MedCompanion\Models\SemanticAnalysis.cs(144,23): warning CS8618: Le propri├®t├® ┬½┬áLongueur┬á┬╗ non-nullable doit contenir une valeur autre que Null lors de la fermeture du constructeur. Envisagez dÔÇÖajouter le modificateur ┬½┬árequired┬á┬╗ ou de d├®clarer le propri├®t├® comme pouvant accepter la valeur Null. [D:\Users\nair\Bureau\medcompa1, avant refactoring\MedCompanion\MedCompanion_j3wndi1g_wpftmp.csproj]
D:\Users\nair\Bureau\medcompa1, avant refactoring\MedCompanion\Models\SemanticAnalysis.cs(146,24): warning CS8618: Le champ ┬½┬á_phrasesMoyennes┬á┬╗ non-nullable doit contenir une valeur autre que Null lors de la fermeture du constructeur. Envisagez dÔÇÖajouter le modificateur ┬½┬árequired┬á┬╗ ou de d├®clarer le champ comme pouvant accepter la valeur Null. [D:\Users\nair\Bureau\medcompa1, avant refactoring\MedCompanion\MedCompanion_j3wndi1g_wpftmp.csproj]
D:\Users\nair\Bureau\medcompa1, avant refactoring\MedCompanion\Models\SemanticAnalysis.cs(167,23): warning CS8618: Le propri├®t├® ┬½┬áPhrasesMoyennes┬á┬╗ non-nullable doit contenir une valeur autre que Null lors de la fermeture du constructeur. Envisagez dÔÇÖajouter le modificateur ┬½┬árequired┬á┬╗ ou de d├®clarer le propri├®t├® comme pouvant accepter la valeur Null. [D:\Users\nair\Bureau\medcompa1, avant refactoring\MedCompanion\MedCompanion_j3wndi1g_wpftmp.csproj]
D:\Users\nair\Bureau\medcompa1, avant refactoring\MedCompanion\Models\SemanticAnalysis.cs(173,23): warning CS8618: Le propri├®t├® ┬½┬áStructureRichesse┬á┬╗ non-nullable doit contenir une valeur autre que Null lors de la fermeture du constructeur. Envisagez dÔÇÖajouter le modificateur ┬½┬árequired┬á┬╗ ou de d├®clarer le propri├®t├® comme pouvant accepter la valeur Null. [D:\Users\nair\Bureau\medcompa1, avant refactoring\MedCompanion\MedCompanion_j3wndi1g_wpftmp.csproj]
D:\Users\nair\Bureau\medcompa1, avant refactoring\MedCompanion\Models\SemanticAnalysis.cs(101,16): warning CS8618: Le propri├®t├® ┬½┬áDocType┬á┬╗ non-nullable doit contenir une valeur autre que Null lors de la fermeture du constructeur. Envisagez dÔÇÖajouter le modificateur ┬½┬árequired┬á┬╗ ou de d├®clarer le propri├®t├® comme pouvant accepter la valeur Null. [D:\Users\nair\Bureau\medcompa1, avant refactoring\MedCompanion\MedCompanion_j3wndi1g_wpftmp.csproj]
D:\Users\nair\Bureau\medcompa1, avant refactoring\MedCompanion\Models\SemanticAnalysis.cs(101,16): warning CS8618: Le propri├®t├® ┬½┬áPublic┬á┬╗ non-nullable doit contenir une valeur autre que Null lors de la fermeture du constructeur. Envisagez dÔÇÖajouter le modificateur ┬½┬árequired┬á┬╗ ou de d├®clarer le propri├®t├® comme pouvant accepter la valeur Null. [D:\Users\nair\Bureau\medcompa1, avant refactoring\MedCompanion\MedCompanion_j3wndi1g_wpftmp.csproj]
D:\Users\nair\Bureau\medcompa1, avant refactoring\MedCompanion\Models\SemanticAnalysis.cs(101,16): warning CS8618: Le propri├®t├® ┬½┬áTone┬á┬╗ non-nullable doit contenir une valeur autre que Null lors de la fermeture du constructeur. Envisagez dÔÇÖajouter le modificateur ┬½┬árequired┬á┬╗ ou de d├®clarer le propri├®t├® comme pouvant accepter la valeur Null. [D:\Users\nair\Bureau\medcompa1, avant refactoring\MedCompanion\MedCompanion_j3wndi1g_wpftmp.csproj]
D:\Users\nair\Bureau\medcompa1, avant refactoring\MedCompanion\Models\SemanticAnalysis.cs(101,16): warning CS8618: Le propri├®t├® ┬½┬áAgeGroup┬á┬╗ non-nullable doit contenir une valeur autre que Null lors de la fermeture du constructeur. Envisagez dÔÇÖajouter le modificateur ┬½┬árequired┬á┬╗ ou de d├®clarer le propri├®t├® comme pouvant accepter la valeur Null. [D:\Users\nair\Bureau\medcompa1, avant refactoring\MedCompanion\MedCompanion_j3wndi1g_wpftmp.csproj]
D:\Users\nair\Bureau\medcompa1, avant refactoring\MedCompanion\Models\SemanticAnalysis.cs(101,16): warning CS8618: Le propri├®t├® ┬½┬áDetailLevel┬á┬╗ non-nullable doit contenir une valeur autre que Null lors de la fermeture du constructeur. Envisagez dÔÇÖajouter le modificateur ┬½┬árequired┬á┬╗ ou de d├®clarer le propri├®t├® comme pouvant accepter la valeur Null. [D:\Users\nair\Bureau\medcompa1, avant refactoring\MedCompanion\MedCompanion_j3wndi1g_wpftmp.csproj]
D:\Users\nair\Bureau\medcompa1, avant refactoring\MedCompanion\Models\SemanticAnalysis.cs(101,16): warning CS8618: Le propri├®t├® ┬½┬áContextSummary┬á┬╗ non-nullable doit contenir une valeur autre que Null lors de la fermeture du constructeur. Envisagez dÔÇÖajouter le modificateur ┬½┬árequired┬á┬╗ ou de d├®clarer le propri├®t├® comme pouvant accepter la valeur Null. [D:\Users\nair\Bureau\medcompa1, avant refactoring\MedCompanion\MedCompanion_j3wndi1g_wpftmp.csproj]
D:\Users\nair\Bureau\medcompa1, avant refactoring\MedCompanion\OpenAIService.cs(424,21): warning CS8620: Impossible d'utiliser l'argument de type '(string, string? userPrompt)' pour le param├¿tre 'item' de type '(string role, string content)' dans 'void List<(string role, string content)>.Add((string role, string content) item)'. En effet, il existe des diff├®rences dans l'acceptation des valeurs null par les types r├®f├®rence. [D:\Users\nair\Bureau\medcompa1, avant refactoring\MedCompanion\MedCompanion_j3wndi1g_wpftmp.csproj]
D:\Users\nair\Bureau\medcompa1, avant refactoring\MedCompanion\OpenAIService.cs(426,75): warning CS8604: Existence possible d'un argument de r├®f├®rence null pour le param├¿tre 'systemPrompt' dans 'Task<(bool success, string result, string? error)> ILLMService.ChatAsync(string systemPrompt, List<(string role, string content)> messages, int maxTokens = 1500)'. [D:\Users\nair\Bureau\medcompa1, avant refactoring\MedCompanion\MedCompanion_j3wndi1g_wpftmp.csproj]
D:\Users\nair\Bureau\medcompa1, avant refactoring\MedCompanion\MarkdownFlowDocumentConverter.cs(507,18): warning CS8602: D├®r├®f├®rencement d'une ├®ventuelle r├®f├®rence null. [D:\Users\nair\Bureau\medcompa1, avant refactoring\MedCompanion\MedCompanion_j3wndi1g_wpftmp.csproj]
D:\Users\nair\Bureau\medcompa1, avant refactoring\MedCompanion\MarkdownFlowDocumentConverter.cs(560,24): warning CS8603: Existence possible d'un retour de r├®f├®rence null. [D:\Users\nair\Bureau\medcompa1, avant refactoring\MedCompanion\MedCompanion_j3wndi1g_wpftmp.csproj]
D:\Users\nair\Bureau\medcompa1, avant refactoring\MedCompanion\Dialogs\MCCLibraryDialog.xaml.cs(183,13): warning CS8602: D├®r├®f├®rencement d'une ├®ventuelle r├®f├®rence null. [D:\Users\nair\Bureau\medcompa1, avant refactoring\MedCompanion\MedCompanion_j3wndi1g_wpftmp.csproj]
D:\Users\nair\Bureau\medcompa1, avant refactoring\MedCompanion\Dialogs\MCCSelectionDialog.xaml.cs(20,16): warning CS8618: Le propri├®t├® ┬½┬áSelectedMCC┬á┬╗ non-nullable doit contenir une valeur autre que Null lors de la fermeture du constructeur. Envisagez dÔÇÖajouter le modificateur ┬½┬árequired┬á┬╗ ou de d├®clarer le propri├®t├® comme pouvant accepter la valeur Null. [D:\Users\nair\Bureau\medcompa1, avant refactoring\MedCompanion\MedCompanion_j3wndi1g_wpftmp.csproj]
D:\Users\nair\Bureau\medcompa1, avant refactoring\MedCompanion\ViewModels\AttestationViewModel.cs(359,26): warning CS0219: La variable 'dialogAccepted' est assign├®e, mais sa valeur n'est jamais utilis├®e [D:\Users\nair\Bureau\medcompa1, avant refactoring\MedCompanion\MedCompanion_j3wndi1g_wpftmp.csproj]
D:\Users\nair\Bureau\medcompa1, avant refactoring\MedCompanion\ViewModels\AttestationViewModel.cs(333,28): warning CS1998: Cette m├®thode async n'a pas d'op├®rateur 'await' et elle s'ex├®cutera de fa├ºon synchrone. Utilisez l'op├®rateur 'await' pour attendre les appels d'API non bloquants ou 'await Task.Run(ÔÇª)' pour effectuer un travail utilisant le processeur sur un thread d'arri├¿re-plan. [D:\Users\nair\Bureau\medcompa1, avant refactoring\MedCompanion\MedCompanion_j3wndi1g_wpftmp.csproj]
D:\Users\nair\Bureau\medcompa1, avant refactoring\MedCompanion\Dialogs\MCCSelectionDialog.xaml.cs(297,27): warning CS8625: Impossible de convertir un litt├®ral ayant une valeur null en type r├®f├®rence non-nullable. [D:\Users\nair\Bureau\medcompa1, avant refactoring\MedCompanion\MedCompanion_j3wndi1g_wpftmp.csproj]
D:\Users\nair\Bureau\medcompa1, avant refactoring\MedCompanion\Models\GenerationFeedback.cs(54,16): warning CS8618: Le propri├®t├® ┬½┬áGenerationId┬á┬╗ non-nullable doit contenir une valeur autre que Null lors de la fermeture du constructeur. Envisagez dÔÇÖajouter le modificateur ┬½┬árequired┬á┬╗ ou de d├®clarer le propri├®t├® comme pouvant accepter la valeur Null. [D:\Users\nair\Bureau\medcompa1, avant refactoring\MedCompanion\MedCompanion_j3wndi1g_wpftmp.csproj]
D:\Users\nair\Bureau\medcompa1, avant refactoring\MedCompanion\Models\GenerationFeedback.cs(54,16): warning CS8618: Le propri├®t├® ┬½┬áMCCUsed┬á┬╗ non-nullable doit contenir une valeur autre que Null lors de la fermeture du constructeur. Envisagez dÔÇÖajouter le modificateur ┬½┬árequired┬á┬╗ ou de d├®clarer le propri├®t├® comme pouvant accepter la valeur Null. [D:\Users\nair\Bureau\medcompa1, avant refactoring\MedCompanion\MedCompanion_j3wndi1g_wpftmp.csproj]
D:\Users\nair\Bureau\medcompa1, avant refactoring\MedCompanion\Models\GenerationFeedback.cs(54,16): warning CS8618: Le propri├®t├® ┬½┬áComment┬á┬╗ non-nullable doit contenir une valeur autre que Null lors de la fermeture du constructeur. Envisagez dÔÇÖajouter le modificateur ┬½┬árequired┬á┬╗ ou de d├®clarer le propri├®t├® comme pouvant accepter la valeur Null. [D:\Users\nair\Bureau\medcompa1, avant refactoring\MedCompanion\MedCompanion_j3wndi1g_wpftmp.csproj]
D:\Users\nair\Bureau\medcompa1, avant refactoring\MedCompanion\Models\GenerationFeedback.cs(54,16): warning CS8618: Le propri├®t├® ┬½┬áPatientContext┬á┬╗ non-nullable doit contenir une valeur autre que Null lors de la fermeture du constructeur. Envisagez dÔÇÖajouter le modificateur ┬½┬árequired┬á┬╗ ou de d├®clarer le propri├®t├® comme pouvant accepter la valeur Null. [D:\Users\nair\Bureau\medcompa1, avant refactoring\MedCompanion\MedCompanion_j3wndi1g_wpftmp.csproj]
D:\Users\nair\Bureau\medcompa1, avant refactoring\MedCompanion\Models\GenerationFeedback.cs(63,16): warning CS8618: Le propri├®t├® ┬½┬áComment┬á┬╗ non-nullable doit contenir une valeur autre que Null lors de la fermeture du constructeur. Envisagez dÔÇÖajouter le modificateur ┬½┬árequired┬á┬╗ ou de d├®clarer le propri├®t├® comme pouvant accepter la valeur Null. [D:\Users\nair\Bureau\medcompa1, avant refactoring\MedCompanion\MedCompanion_j3wndi1g_wpftmp.csproj]
D:\Users\nair\Bureau\medcompa1, avant refactoring\MedCompanion\Models\GenerationFeedback.cs(63,16): warning CS8618: Le propri├®t├® ┬½┬áPatientContext┬á┬╗ non-nullable doit contenir une valeur autre que Null lors de la fermeture du constructeur. Envisagez dÔÇÖajouter le modificateur ┬½┬árequired┬á┬╗ ou de d├®clarer le propri├®t├® comme pouvant accepter la valeur Null. [D:\Users\nair\Bureau\medcompa1, avant refactoring\MedCompanion\MedCompanion_j3wndi1g_wpftmp.csproj]
D:\Users\nair\Bureau\medcompa1, avant refactoring\MedCompanion\Services\TemplateLibraryService.cs(68,20): warning CS8603: Existence possible d'un retour de r├®f├®rence null. [D:\Users\nair\Bureau\medcompa1, avant refactoring\MedCompanion\MedCompanion_j3wndi1g_wpftmp.csproj]
D:\Users\nair\Bureau\medcompa1, avant refactoring\MedCompanion\ViewModels\AttestationViewModel.cs(552,28): warning CS1998: Cette m├®thode async n'a pas d'op├®rateur 'await' et elle s'ex├®cutera de fa├ºon synchrone. Utilisez l'op├®rateur 'await' pour attendre les appels d'API non bloquants ou 'await Task.Run(ÔÇª)' pour effectuer un travail utilisant le processeur sur un thread d'arri├¿re-plan. [D:\Users\nair\Bureau\medcompa1, avant refactoring\MedCompanion\MedCompanion_j3wndi1g_wpftmp.csproj]
D:\Users\nair\Bureau\medcompa1, avant refactoring\MedCompanion\MainWindow.xaml.cs(131,9): warning CS4014: Dans la mesure o├╣ cet appel n'est pas attendu, l'ex├®cution de la m├®thode actuelle continue avant la fin de l'appel. Envisagez d'appliquer l'op├®rateur 'await' au r├®sultat de l'appel. [D:\Users\nair\Bureau\medcompa1, avant refactoring\MedCompanion\MedCompanion_j3wndi1g_wpftmp.csproj]
D:\Users\nair\Bureau\medcompa1, avant refactoring\MedCompanion\MainWindow.xaml.cs(106,44): warning CS8604: Existence possible d'un argument de r├®f├®rence null pour le param├¿tre 'anonymizationService' dans 'SimplePhase3TestDialog.SimplePhase3TestDialog(AnonymizationService anonymizationService)'. [D:\Users\nair\Bureau\medcompa1, avant refactoring\MedCompanion\MedCompanion_j3wndi1g_wpftmp.csproj]
D:\Users\nair\Bureau\medcompa1, avant refactoring\MedCompanion\MainWindow.xaml.cs(215,47): warning CS8622: La nullabilit├® des types r├®f├®rence dans le type du param├¿tre 'sender' de 'void MainWindow.OnNoteStatusChanged(object sender, string message)' ne correspond pas au d├®l├®gu├® cible 'EventHandler<string>' (probablement en raison des attributs de nullabilit├®). [D:\Users\nair\Bureau\medcompa1, avant refactoring\MedCompanion\MedCompanion_j3wndi1g_wpftmp.csproj]
D:\Users\nair\Bureau\medcompa1, avant refactoring\MedCompanion\MainWindow.xaml.cs(216,44): warning CS8622: La nullabilit├® des types r├®f├®rence dans le type du param├¿tre 'sender' de 'void MainWindow.OnNoteContentLoaded(object sender, (string filePath, string content) data)' ne correspond pas au d├®l├®gu├® cible 'EventHandler<(string filePath, string content)>' (probablement en raison des attributs de nullabilit├®). [D:\Users\nair\Bureau\medcompa1, avant refactoring\MedCompanion\MedCompanion_j3wndi1g_wpftmp.csproj]
D:\Users\nair\Bureau\medcompa1, avant refactoring\MedCompanion\MainWindow.xaml.cs(217,41): warning CS8622: La nullabilit├® des types r├®f├®rence dans le type du param├¿tre 'sender' de 'void MainWindow.OnNoteStructured(object sender, string markdown)' ne correspond pas au d├®l├®gu├® cible 'EventHandler<string>' (probablement en raison des attributs de nullabilit├®). [D:\Users\nair\Bureau\medcompa1, avant refactoring\MedCompanion\MedCompanion_j3wndi1g_wpftmp.csproj]
D:\Users\nair\Bureau\medcompa1, avant refactoring\MedCompanion\MainWindow.xaml.cs(218,44): warning CS8622: La nullabilit├® des types r├®f├®rence dans le type du param├¿tre 'sender' de 'void MainWindow.OnNoteSaveRequested(object sender, string? filePath)' ne correspond pas au d├®l├®gu├® cible 'EventHandler<string?>' (probablement en raison des attributs de nullabilit├®). [D:\Users\nair\Bureau\medcompa1, avant refactoring\MedCompanion\MedCompanion_j3wndi1g_wpftmp.csproj]
D:\Users\nair\Bureau\medcompa1, avant refactoring\MedCompanion\MainWindow.xaml.cs(219,46): warning CS8622: La nullabilit├® des types r├®f├®rence dans le type du param├¿tre 'sender' de 'void MainWindow.OnNoteDeleteRequested(object sender, string filePath)' ne correspond pas au d├®l├®gu├® cible 'EventHandler<string>' (probablement en raison des attributs de nullabilit├®). [D:\Users\nair\Bureau\medcompa1, avant refactoring\MedCompanion\MedCompanion_j3wndi1g_wpftmp.csproj]
D:\Users\nair\Bureau\medcompa1, avant refactoring\MedCompanion\MainWindow.xaml.cs(220,47): warning CS8622: La nullabilit├® des types r├®f├®rence dans le type du param├¿tre 'sender' de 'void MainWindow.OnNoteClearedAfterSave(object sender, EventArgs e)' ne correspond pas au d├®l├®gu├® cible 'EventHandler' (probablement en raison des attributs de nullabilit├®). [D:\Users\nair\Bureau\medcompa1, avant refactoring\MedCompanion\MedCompanion_j3wndi1g_wpftmp.csproj]
D:\Users\nair\Bureau\medcompa1, avant refactoring\MedCompanion\MainWindow.xaml.cs(221,54): warning CS8622: La nullabilit├® des types r├®f├®rence dans le type du param├¿tre 'sender' de 'void MainWindow.OnPatientListRefreshRequested(object sender, EventArgs e)' ne correspond pas au d├®l├®gu├® cible 'EventHandler' (probablement en raison des attributs de nullabilit├®). [D:\Users\nair\Bureau\medcompa1, avant refactoring\MedCompanion\MedCompanion_j3wndi1g_wpftmp.csproj]
D:\Users\nair\Bureau\medcompa1, avant refactoring\MedCompanion\MainWindow.xaml.cs(222,36): warning CS8622: La nullabilit├® des types r├®f├®rence dans le type du param├¿tre 'sender' de 'void MainWindow.OnNoteSaved(object sender, EventArgs e)' ne correspond pas au d├®l├®gu├® cible 'EventHandler' (probablement en raison des attributs de nullabilit├®). [D:\Users\nair\Bureau\medcompa1, avant refactoring\MedCompanion\MedCompanion_j3wndi1g_wpftmp.csproj]
D:\Users\nair\Bureau\medcompa1, avant refactoring\MedCompanion\MainWindow.xaml.cs(226,42): warning CS8622: La nullabilit├® des types r├®f├®rence dans le type du param├¿tre 'sender' de 'void MainWindow.NoteViewModel_PropertyChanged(object sender, PropertyChangedEventArgs e)' ne correspond pas au d├®l├®gu├® cible 'PropertyChangedEventHandler' (probablement en raison des attributs de nullabilit├®). [D:\Users\nair\Bureau\medcompa1, avant refactoring\MedCompanion\MedCompanion_j3wndi1g_wpftmp.csproj]
D:\Users\nair\Bureau\medcompa1, avant refactoring\MedCompanion\Services\TemplateExtractorService.cs(200,24): warning CS8619: La nullabilit├® des types r├®f├®rence dans la valeur de type '(bool, SemanticAnalysis?, string)' ne correspond pas au type cible '(bool success, SemanticAnalysis analysis, string error)'. [D:\Users\nair\Bureau\medcompa1, avant refactoring\MedCompanion\MedCompanion_j3wndi1g_wpftmp.csproj]
D:\Users\nair\Bureau\medcompa1, avant refactoring\MedCompanion\Services\TemplateExtractorService.cs(283,28): warning CS8619: La nullabilit├® des types r├®f├®rence dans la valeur de type '(bool, SemanticAnalysis?, string result)' ne correspond pas au type cible '(bool success, SemanticAnalysis analysis, string error)'. [D:\Users\nair\Bureau\medcompa1, avant refactoring\MedCompanion\MedCompanion_j3wndi1g_wpftmp.csproj]
D:\Users\nair\Bureau\medcompa1, avant refactoring\MedCompanion\Services\TemplateExtractorService.cs(312,28): warning CS8619: La nullabilit├® des types r├®f├®rence dans la valeur de type '(bool, SemanticAnalysis?, string)' ne correspond pas au type cible '(bool success, SemanticAnalysis analysis, string error)'. [D:\Users\nair\Bureau\medcompa1, avant refactoring\MedCompanion\MedCompanion_j3wndi1g_wpftmp.csproj]
D:\Users\nair\Bureau\medcompa1, avant refactoring\MedCompanion\Services\TemplateExtractorService.cs(319,24): warning CS8619: La nullabilit├® des types r├®f├®rence dans la valeur de type '(bool, SemanticAnalysis?, string)' ne correspond pas au type cible '(bool success, SemanticAnalysis analysis, string error)'. [D:\Users\nair\Bureau\medcompa1, avant refactoring\MedCompanion\MedCompanion_j3wndi1g_wpftmp.csproj]
D:\Users\nair\Bureau\medcompa1, avant refactoring\MedCompanion\Services\TemplateExtractorService.cs(323,24): warning CS8619: La nullabilit├® des types r├®f├®rence dans la valeur de type '(bool, SemanticAnalysis?, string)' ne correspond pas au type cible '(bool success, SemanticAnalysis analysis, string error)'. [D:\Users\nair\Bureau\medcompa1, avant refactoring\MedCompanion\MedCompanion_j3wndi1g_wpftmp.csproj]
D:\Users\nair\Bureau\medcompa1, avant refactoring\MedCompanion\Services\TemplateExtractorService.cs(337,24): warning CS8619: La nullabilit├® des types r├®f├®rence dans la valeur de type '(bool, Dictionary<string, string>?, string)' ne correspond pas au type cible '(bool success, Dictionary<string, string> sections, string error)'. [D:\Users\nair\Bureau\medcompa1, avant refactoring\MedCompanion\MedCompanion_j3wndi1g_wpftmp.csproj]
D:\Users\nair\Bureau\medcompa1, avant refactoring\MedCompanion\Services\TemplateExtractorService.cs(386,28): warning CS8619: La nullabilit├® des types r├®f├®rence dans la valeur de type '(bool, Dictionary<string, string>?, string result)' ne correspond pas au type cible '(bool success, Dictionary<string, string> sections, string error)'. [D:\Users\nair\Bureau\medcompa1, avant refactoring\MedCompanion\MedCompanion_j3wndi1g_wpftmp.csproj]
D:\Users\nair\Bureau\medcompa1, avant refactoring\MedCompanion\Services\TemplateExtractorService.cs(424,28): warning CS8619: La nullabilit├® des types r├®f├®rence dans la valeur de type '(bool, Dictionary<string, string>?, string)' ne correspond pas au type cible '(bool success, Dictionary<string, string> sections, string error)'. [D:\Users\nair\Bureau\medcompa1, avant refactoring\MedCompanion\MedCompanion_j3wndi1g_wpftmp.csproj]
D:\Users\nair\Bureau\medcompa1, avant refactoring\MedCompanion\Services\TemplateExtractorService.cs(431,24): warning CS8619: La nullabilit├® des types r├®f├®rence dans la valeur de type '(bool, Dictionary<string, string>?, string)' ne correspond pas au type cible '(bool success, Dictionary<string, string> sections, string error)'. [D:\Users\nair\Bureau\medcompa1, avant refactoring\MedCompanion\MedCompanion_j3wndi1g_wpftmp.csproj]
D:\Users\nair\Bureau\medcompa1, avant refactoring\MedCompanion\Services\TemplateExtractorService.cs(435,24): warning CS8619: La nullabilit├® des types r├®f├®rence dans la valeur de type '(bool, Dictionary<string, string>?, string)' ne correspond pas au type cible '(bool success, Dictionary<string, string> sections, string error)'. [D:\Users\nair\Bureau\medcompa1, avant refactoring\MedCompanion\MedCompanion_j3wndi1g_wpftmp.csproj]
D:\Users\nair\Bureau\medcompa1, avant refactoring\MedCompanion\Services\AnonymizationService.cs(152,82): warning CS1998: Cette m├®thode async n'a pas d'op├®rateur 'await' et elle s'ex├®cutera de fa├ºon synchrone. Utilisez l'op├®rateur 'await' pour attendre les appels d'API non bloquants ou 'await Task.Run(ÔÇª)' pour effectuer un travail utilisant le processeur sur un thread d'arri├¿re-plan. [D:\Users\nair\Bureau\medcompa1, avant refactoring\MedCompanion\MedCompanion_j3wndi1g_wpftmp.csproj]
D:\Users\nair\Bureau\medcompa1, avant refactoring\MedCompanion\Services\TemplateExtractorService.cs(448,24): warning CS8619: La nullabilit├® des types r├®f├®rence dans la valeur de type '(bool, MCCModel?, string)' ne correspond pas au type cible '(bool success, MCCModel mcc, string error)'. [D:\Users\nair\Bureau\medcompa1, avant refactoring\MedCompanion\MedCompanion_j3wndi1g_wpftmp.csproj]
D:\Users\nair\Bureau\medcompa1, avant refactoring\MedCompanion\Services\TemplateExtractorService.cs(460,28): warning CS8619: La nullabilit├® des types r├®f├®rence dans la valeur de type '(bool, MCCModel?, string)' ne correspond pas au type cible '(bool success, MCCModel mcc, string error)'. [D:\Users\nair\Bureau\medcompa1, avant refactoring\MedCompanion\MedCompanion_j3wndi1g_wpftmp.csproj]
D:\Users\nair\Bureau\medcompa1, avant refactoring\MedCompanion\Services\TemplateExtractorService.cs(470,28): warning CS8619: La nullabilit├® des types r├®f├®rence dans la valeur de type '(bool, MCCModel?, string)' ne correspond pas au type cible '(bool success, MCCModel mcc, string error)'. [D:\Users\nair\Bureau\medcompa1, avant refactoring\MedCompanion\MedCompanion_j3wndi1g_wpftmp.csproj]
D:\Users\nair\Bureau\medcompa1, avant refactoring\MedCompanion\Services\TemplateExtractorService.cs(480,28): warning CS8619: La nullabilit├® des types r├®f├®rence dans la valeur de type '(bool, MCCModel?, string)' ne correspond pas au type cible '(bool success, MCCModel mcc, string error)'. [D:\Users\nair\Bureau\medcompa1, avant refactoring\MedCompanion\MedCompanion_j3wndi1g_wpftmp.csproj]
D:\Users\nair\Bureau\medcompa1, avant refactoring\MedCompanion\Services\TemplateExtractorService.cs(508,24): warning CS8619: La nullabilit├® des types r├®f├®rence dans la valeur de type '(bool, MCCModel?, string)' ne correspond pas au type cible '(bool success, MCCModel mcc, string error)'. [D:\Users\nair\Bureau\medcompa1, avant refactoring\MedCompanion\MedCompanion_j3wndi1g_wpftmp.csproj]
D:\Users\nair\Bureau\medcompa1, avant refactoring\MedCompanion\Models\MCCModel.cs(120,16): warning CS8618: Le propri├®t├® ┬½┬áId┬á┬╗ non-nullable doit contenir une valeur autre que Null lors de la fermeture du constructeur. Envisagez dÔÇÖajouter le modificateur ┬½┬árequired┬á┬╗ ou de d├®clarer le propri├®t├® comme pouvant accepter la valeur Null. [D:\Users\nair\Bureau\medcompa1, avant refactoring\MedCompanion\MedCompanion_j3wndi1g_wpftmp.csproj]
D:\Users\nair\Bureau\medcompa1, avant refactoring\MedCompanion\Models\MCCModel.cs(120,16): warning CS8618: Le propri├®t├® ┬½┬áName┬á┬╗ non-nullable doit contenir une valeur autre que Null lors de la fermeture du constructeur. Envisagez dÔÇÖajouter le modificateur ┬½┬árequired┬á┬╗ ou de d├®clarer le propri├®t├® comme pouvant accepter la valeur Null. [D:\Users\nair\Bureau\medcompa1, avant refactoring\MedCompanion\MedCompanion_j3wndi1g_wpftmp.csproj]
D:\Users\nair\Bureau\medcompa1, avant refactoring\MedCompanion\Models\MCCModel.cs(120,16): warning CS8618: Le propri├®t├® ┬½┬áSemantic┬á┬╗ non-nullable doit contenir une valeur autre que Null lors de la fermeture du constructeur. Envisagez dÔÇÖajouter le modificateur ┬½┬árequired┬á┬╗ ou de d├®clarer le propri├®t├® comme pouvant accepter la valeur Null. [D:\Users\nair\Bureau\medcompa1, avant refactoring\MedCompanion\MedCompanion_j3wndi1g_wpftmp.csproj]
D:\Users\nair\Bureau\medcompa1, avant refactoring\MedCompanion\Models\MCCMatchResult.cs(31,25): warning CS8618: Le propri├®t├® ┬½┬áSelectedMCC┬á┬╗ non-nullable doit contenir une valeur autre que Null lors de la fermeture du constructeur. Envisagez dÔÇÖajouter le modificateur ┬½┬árequired┬á┬╗ ou de d├®clarer le propri├®t├® comme pouvant accepter la valeur Null. [D:\Users\nair\Bureau\medcompa1, avant refactoring\MedCompanion\MedCompanion_j3wndi1g_wpftmp.csproj]
D:\Users\nair\Bureau\medcompa1, avant refactoring\MedCompanion\Models\MCCMatchResult.cs(51,37): warning CS8618: Le propri├®t├® ┬½┬áAnalysis┬á┬╗ non-nullable doit contenir une valeur autre que Null lors de la fermeture du constructeur. Envisagez dÔÇÖajouter le modificateur ┬½┬árequired┬á┬╗ ou de d├®clarer le propri├®t├® comme pouvant accepter la valeur Null. [D:\Users\nair\Bureau\medcompa1, avant refactoring\MedCompanion\MedCompanion_j3wndi1g_wpftmp.csproj]
D:\Users\nair\Bureau\medcompa1, avant refactoring\MedCompanion\Models\MCCMatchResult.cs(71,23): warning CS8618: Le propri├®t├® ┬½┬áFailureReason┬á┬╗ non-nullable doit contenir une valeur autre que Null lors de la fermeture du constructeur. Envisagez dÔÇÖajouter le modificateur ┬½┬árequired┬á┬╗ ou de d├®clarer le propri├®t├® comme pouvant accepter la valeur Null. [D:\Users\nair\Bureau\medcompa1, avant refactoring\MedCompanion\MedCompanion_j3wndi1g_wpftmp.csproj]
D:\Users\nair\Bureau\medcompa1, avant refactoring\MedCompanion\Models\MCCMatchResult.cs(12,25): warning CS8618: Le propri├®t├® ┬½┬áMCC┬á┬╗ non-nullable doit contenir une valeur autre que Null lors de la fermeture du constructeur. Envisagez dÔÇÖajouter le modificateur ┬½┬árequired┬á┬╗ ou de d├®clarer le propri├®t├® comme pouvant accepter la valeur Null. [D:\Users\nair\Bureau\medcompa1, avant refactoring\MedCompanion\MedCompanion_j3wndi1g_wpftmp.csproj]
D:\Users\nair\Bureau\medcompa1, avant refactoring\MedCompanion\Models\MCCMatchResult.cs(15,43): warning CS8618: Le propri├®t├® ┬½┬áScoreBreakdown┬á┬╗ non-nullable doit contenir une valeur autre que Null lors de la fermeture du constructeur. Envisagez dÔÇÖajouter le modificateur ┬½┬árequired┬á┬╗ ou de d├®clarer le propri├®t├® comme pouvant accepter la valeur Null. [D:\Users\nair\Bureau\medcompa1, avant refactoring\MedCompanion\MedCompanion_j3wndi1g_wpftmp.csproj]
D:\Users\nair\Bureau\medcompa1, avant refactoring\MedCompanion\Services\AttestationService.cs(31,16): warning CS8618: Le champ ┬½┬á_cachedAttestationPrompt┬á┬╗ non-nullable doit contenir une valeur autre que Null lors de la fermeture du constructeur. Envisagez dÔÇÖajouter le modificateur ┬½┬árequired┬á┬╗ ou de d├®clarer le champ comme pouvant accepter la valeur Null. [D:\Users\nair\Bureau\medcompa1, avant refactoring\MedCompanion\MedCompanion_j3wndi1g_wpftmp.csproj]
D:\Users\nair\Bureau\medcompa1, avant refactoring\MedCompanion\Services\AttestationService.cs(31,16): warning CS8618: Le champ ┬½┬á_cachedSystemPrompt┬á┬╗ non-nullable doit contenir une valeur autre que Null lors de la fermeture du constructeur. Envisagez dÔÇÖajouter le modificateur ┬½┬árequired┬á┬╗ ou de d├®clarer le champ comme pouvant accepter la valeur Null. [D:\Users\nair\Bureau\medcompa1, avant refactoring\MedCompanion\MedCompanion_j3wndi1g_wpftmp.csproj]
D:\Users\nair\Bureau\medcompa1, avant refactoring\MedCompanion\MainWindow.xaml.cs(1055,16): warning CS8602: D├®r├®f├®rencement d'une ├®ventuelle r├®f├®rence null. [D:\Users\nair\Bureau\medcompa1, avant refactoring\MedCompanion\MedCompanion_j3wndi1g_wpftmp.csproj]
D:\Users\nair\Bureau\medcompa1, avant refactoring\MedCompanion\MainWindow.xaml.cs(1167,42): warning CS8602: D├®r├®f├®rencement d'une ├®ventuelle r├®f├®rence null. [D:\Users\nair\Bureau\medcompa1, avant refactoring\MedCompanion\MedCompanion_j3wndi1g_wpftmp.csproj]
D:\Users\nair\Bureau\medcompa1, avant refactoring\MedCompanion\MainWindow.xaml.cs(1187,68): warning CS8604: Existence possible d'un argument de r├®f├®rence null pour le param├¿tre 'text' dans 'string AnonymizationService.Deanonymize(string text, AnonymizationContext context)'. [D:\Users\nair\Bureau\medcompa1, avant refactoring\MedCompanion\MedCompanion_j3wndi1g_wpftmp.csproj]
D:\Users\nair\Bureau\medcompa1, avant refactoring\MedCompanion\MainWindow.xaml.cs(1213,28): warning CS8601: Existence possible d'une assignation de r├®f├®rence null. [D:\Users\nair\Bureau\medcompa1, avant refactoring\MedCompanion\MedCompanion_j3wndi1g_wpftmp.csproj]
D:\Users\nair\Bureau\medcompa1, avant refactoring\MedCompanion\MainWindow.xaml.cs(1214,37): warning CS8601: Existence possible d'une assignation de r├®f├®rence null. [D:\Users\nair\Bureau\medcompa1, avant refactoring\MedCompanion\MedCompanion_j3wndi1g_wpftmp.csproj]
D:\Users\nair\Bureau\medcompa1, avant refactoring\MedCompanion\MainWindow.xaml.cs(1221,28): warning CS8601: Existence possible d'une assignation de r├®f├®rence null. [D:\Users\nair\Bureau\medcompa1, avant refactoring\MedCompanion\MedCompanion_j3wndi1g_wpftmp.csproj]
D:\Users\nair\Bureau\medcompa1, avant refactoring\MedCompanion\MainWindow.xaml.cs(1222,37): warning CS8601: Existence possible d'une assignation de r├®f├®rence null. [D:\Users\nair\Bureau\medcompa1, avant refactoring\MedCompanion\MedCompanion_j3wndi1g_wpftmp.csproj]
D:\Users\nair\Bureau\medcompa1, avant refactoring\MedCompanion\Services\AttestationService.cs(626,32): warning CS8602: D├®r├®f├®rencement d'une ├®ventuelle r├®f├®rence null. [D:\Users\nair\Bureau\medcompa1, avant refactoring\MedCompanion\MedCompanion_j3wndi1g_wpftmp.csproj]
D:\Users\nair\Bureau\medcompa1, avant refactoring\MedCompanion\Dialogs\PAIAssistantDialog.xaml.cs(67,26): warning CS8601: Existence possible d'une assignation de r├®f├®rence null. [D:\Users\nair\Bureau\medcompa1, avant refactoring\MedCompanion\MedCompanion_j3wndi1g_wpftmp.csproj]
D:\Users\nair\Bureau\medcompa1, avant refactoring\MedCompanion\Services\BDPMService.cs(47,55): warning CS1998: Cette m├®thode async n'a pas d'op├®rateur 'await' et elle s'ex├®cutera de fa├ºon synchrone. Utilisez l'op├®rateur 'await' pour attendre les appels d'API non bloquants ou 'await Task.Run(ÔÇª)' pour effectuer un travail utilisant le processeur sur un thread d'arri├¿re-plan. [D:\Users\nair\Bureau\medcompa1, avant refactoring\MedCompanion\MedCompanion_j3wndi1g_wpftmp.csproj]
D:\Users\nair\Bureau\medcompa1, avant refactoring\MedCompanion\Dialogs\MDPHAssistantDialog.xaml.cs(1077,38): warning CS8604: Existence possible d'un argument de r├®f├®rence null pour le param├¿tre 'item' dans 'void List<string>.Add(string item)'. [D:\Users\nair\Bureau\medcompa1, avant refactoring\MedCompanion\MedCompanion_j3wndi1g_wpftmp.csproj]
D:\Users\nair\Bureau\medcompa1, avant refactoring\MedCompanion\Dialogs\ScannedFormEditorDialog.xaml.cs(1524,30): warning CS0618: 'XUnit.implicit operator XUnit(double)' est obsol├¿te┬á: 'In PDFsharp 6.1 implicit conversion from double is marked obsolete, because it led to misunderstandings and unexpected behavior. Provide the unit by XUnit.FromPoint() or use the new class XUnitPt instead.' [D:\Users\nair\Bureau\medcompa1, avant refactoring\MedCompanion\MedCompanion_j3wndi1g_wpftmp.csproj]
D:\Users\nair\Bureau\medcompa1, avant refactoring\MedCompanion\Dialogs\ScannedFormEditorDialog.xaml.cs(1525,31): warning CS0618: 'XUnit.implicit operator XUnit(double)' est obsol├¿te┬á: 'In PDFsharp 6.1 implicit conversion from double is marked obsolete, because it led to misunderstandings and unexpected behavior. Provide the unit by XUnit.FromPoint() or use the new class XUnitPt instead.' [D:\Users\nair\Bureau\medcompa1, avant refactoring\MedCompanion\MedCompanion_j3wndi1g_wpftmp.csproj]
D:\Users\nair\Bureau\medcompa1, avant refactoring\MedCompanion\Dialogs\ParametresDialog.xaml.cs(271,28): warning CS1998: Cette m├®thode async n'a pas d'op├®rateur 'await' et elle s'ex├®cutera de fa├ºon synchrone. Utilisez l'op├®rateur 'await' pour attendre les appels d'API non bloquants ou 'await Task.Run(ÔÇª)' pour effectuer un travail utilisant le processeur sur un thread d'arri├¿re-plan. [D:\Users\nair\Bureau\medcompa1, avant refactoring\MedCompanion\MedCompanion_j3wndi1g_wpftmp.csproj]
D:\Users\nair\Bureau\medcompa1, avant refactoring\MedCompanion\Views\Documents\DocumentsControl.xaml.cs(684,28): warning CS1998: Cette m├®thode async n'a pas d'op├®rateur 'await' et elle s'ex├®cutera de fa├ºon synchrone. Utilisez l'op├®rateur 'await' pour attendre les appels d'API non bloquants ou 'await Task.Run(ÔÇª)' pour effectuer un travail utilisant le processeur sur un thread d'arri├¿re-plan. [D:\Users\nair\Bureau\medcompa1, avant refactoring\MedCompanion\MedCompanion_j3wndi1g_wpftmp.csproj]
D:\Users\nair\Bureau\medcompa1, avant refactoring\MedCompanion\Services\DocxToPdfService.cs(14,16): warning CS8618: Le champ ┬½┬á_libreOfficePath┬á┬╗ non-nullable doit contenir une valeur autre que Null lors de la fermeture du constructeur. Envisagez dÔÇÖajouter le modificateur ┬½┬árequired┬á┬╗ ou de d├®clarer le champ comme pouvant accepter la valeur Null. [D:\Users\nair\Bureau\medcompa1, avant refactoring\MedCompanion\MedCompanion_j3wndi1g_wpftmp.csproj]
D:\Users\nair\Bureau\medcompa1, avant refactoring\MedCompanion\Services\FormulaireAssistantService.cs(60,43): warning CS8601: Existence possible d'une assignation de r├®f├®rence null. [D:\Users\nair\Bureau\medcompa1, avant refactoring\MedCompanion\MedCompanion_j3wndi1g_wpftmp.csproj]
D:\Users\nair\Bureau\medcompa1, avant refactoring\MedCompanion\Services\MarkdownToPdfService.cs(26,75): warning CS1998: Cette m├®thode async n'a pas d'op├®rateur 'await' et elle s'ex├®cutera de fa├ºon synchrone. Utilisez l'op├®rateur 'await' pour attendre les appels d'API non bloquants ou 'await Task.Run(ÔÇª)' pour effectuer un travail utilisant le processeur sur un thread d'arri├¿re-plan. [D:\Users\nair\Bureau\medcompa1, avant refactoring\MedCompanion\MedCompanion_j3wndi1g_wpftmp.csproj]
D:\Users\nair\Bureau\medcompa1, avant refactoring\MedCompanion\Services\LLM\LLMServiceFactory.cs(29,40): warning CS1998: Cette m├®thode async n'a pas d'op├®rateur 'await' et elle s'ex├®cutera de fa├ºon synchrone. Utilisez l'op├®rateur 'await' pour attendre les appels d'API non bloquants ou 'await Task.Run(ÔÇª)' pour effectuer un travail utilisant le processeur sur un thread d'arri├¿re-plan. [D:\Users\nair\Bureau\medcompa1, avant refactoring\MedCompanion\MedCompanion_j3wndi1g_wpftmp.csproj]
D:\Users\nair\Bureau\medcompa1, avant refactoring\MedCompanion\Dialogs\PatientListDialog.xaml.cs(165,28): warning CS1998: Cette m├®thode async n'a pas d'op├®rateur 'await' et elle s'ex├®cutera de fa├ºon synchrone. Utilisez l'op├®rateur 'await' pour attendre les appels d'API non bloquants ou 'await Task.Run(ÔÇª)' pour effectuer un travail utilisant le processeur sur un thread d'arri├¿re-plan. [D:\Users\nair\Bureau\medcompa1, avant refactoring\MedCompanion\MedCompanion_j3wndi1g_wpftmp.csproj]
D:\Users\nair\Bureau\medcompa1, avant refactoring\MedCompanion\Services\MarkdownToPdfService.cs(116,21): warning CS0618: 'ImageExtensions.Image(IContainer, string, ImageScaling)' est obsol├¿te┬á: 'This element has been changed since version 2023.5. Please use the Image method overload that returns the ImageDescriptor object.' [D:\Users\nair\Bureau\medcompa1, avant refactoring\MedCompanion\MedCompanion_j3wndi1g_wpftmp.csproj]
D:\Users\nair\Bureau\medcompa1, avant refactoring\MedCompanion\Services\MCCLibraryService.cs(153,20): warning CS8603: Existence possible d'un retour de r├®f├®rence null. [D:\Users\nair\Bureau\medcompa1, avant refactoring\MedCompanion\MedCompanion_j3wndi1g_wpftmp.csproj]
D:\Users\nair\Bureau\medcompa1, avant refactoring\MedCompanion\Services\MCCLibraryService.cs(251,28): warning CS8603: Existence possible d'un retour de r├®f├®rence null. [D:\Users\nair\Bureau\medcompa1, avant refactoring\MedCompanion\MedCompanion_j3wndi1g_wpftmp.csproj]
D:\Users\nair\Bureau\medcompa1, avant refactoring\MedCompanion\Services\MCCLibraryService.cs(272,24): warning CS8603: Existence possible d'un retour de r├®f├®rence null. [D:\Users\nair\Bureau\medcompa1, avant refactoring\MedCompanion\MedCompanion_j3wndi1g_wpftmp.csproj]
D:\Users\nair\Bureau\medcompa1, avant refactoring\MedCompanion\Services\MCCLibraryService.cs(277,24): warning CS8603: Existence possible d'un retour de r├®f├®rence null. [D:\Users\nair\Bureau\medcompa1, avant refactoring\MedCompanion\MedCompanion_j3wndi1g_wpftmp.csproj]
D:\Users\nair\Bureau\medcompa1, avant refactoring\MedCompanion\Services\LLMGatewayService.cs(181,59): warning CS8604: Existence possible d'un argument de r├®f├®rence null pour le param├¿tre 'systemPrompt' dans 'Task<(bool success, string result, string? error)> ILLMService.ChatAsync(string systemPrompt, List<(string role, string content)> messages, int maxTokens = 1500)'. [D:\Users\nair\Bureau\medcompa1, avant refactoring\MedCompanion\MedCompanion_j3wndi1g_wpftmp.csproj]
D:\Users\nair\Bureau\medcompa1, avant refactoring\MedCompanion\Services\LLMGatewayService.cs(193,89): warning CS8604: Existence possible d'un argument de r├®f├®rence null pour le param├¿tre 'text' dans 'Task<(string anonymizedText, AnonymizationContext context)> LLMGatewayService.AnonymizeInputAsync(string text, string? patientName)'. [D:\Users\nair\Bureau\medcompa1, avant refactoring\MedCompanion\MedCompanion_j3wndi1g_wpftmp.csproj]
D:\Users\nair\Bureau\medcompa1, avant refactoring\MedCompanion\Services\LLMGatewayService.cs(227,60): warning CS8604: Existence possible d'un argument de r├®f├®rence null pour le param├¿tre 'text' dans 'string LLMGatewayService.DeanonymizeOutput(string text, AnonymizationContext? context)'. [D:\Users\nair\Bureau\medcompa1, avant refactoring\MedCompanion\MedCompanion_j3wndi1g_wpftmp.csproj]
D:\Users\nair\Bureau\medcompa1, avant refactoring\MedCompanion\Services\PromptReformulationService.cs(115,24): warning CS8619: La nullabilit├® des types r├®f├®rence dans la valeur de type '(bool, LetterAnalysisResult?, string)' ne correspond pas au type cible '(bool success, LetterAnalysisResult result, string? error)'. [D:\Users\nair\Bureau\medcompa1, avant refactoring\MedCompanion\MedCompanion_j3wndi1g_wpftmp.csproj]
D:\Users\nair\Bureau\medcompa1, avant refactoring\MedCompanion\Services\PromptReformulationService.cs(202,28): warning CS8619: La nullabilit├® des types r├®f├®rence dans la valeur de type '(bool, LetterAnalysisResult?, string)' ne correspond pas au type cible '(bool success, LetterAnalysisResult result, string? error)'. [D:\Users\nair\Bureau\medcompa1, avant refactoring\MedCompanion\MedCompanion_j3wndi1g_wpftmp.csproj]
D:\Users\nair\Bureau\medcompa1, avant refactoring\MedCompanion\Services\PromptReformulationService.cs(220,32): warning CS8619: La nullabilit├® des types r├®f├®rence dans la valeur de type '(bool, LetterAnalysisResult?, string)' ne correspond pas au type cible '(bool success, LetterAnalysisResult result, string? error)'. [D:\Users\nair\Bureau\medcompa1, avant refactoring\MedCompanion\MedCompanion_j3wndi1g_wpftmp.csproj]
D:\Users\nair\Bureau\medcompa1, avant refactoring\MedCompanion\Services\PromptReformulationService.cs(245,24): warning CS8619: La nullabilit├® des types r├®f├®rence dans la valeur de type '(bool, LetterAnalysisResult?, string)' ne correspond pas au type cible '(bool success, LetterAnalysisResult result, string? error)'. [D:\Users\nair\Bureau\medcompa1, avant refactoring\MedCompanion\MedCompanion_j3wndi1g_wpftmp.csproj]
D:\Users\nair\Bureau\medcompa1, avant refactoring\MedCompanion\Services\MCCMatchingService.cs(246,25): warning CS8604: Existence possible d'un argument de r├®f├®rence null pour le param├¿tre 'patientContext' dans 'Task<(bool success, LetterAnalysisResult result, string? error)> PromptReformulationService.AnalyzeLetterRequestAsync(string userRequest, PatientContext patientContext = null, string? pseudonym = null, AnonymizationContext? anonContext = null, string? explicitRecipient = null)'. [D:\Users\nair\Bureau\medcompa1, avant refactoring\MedCompanion\MedCompanion_j3wndi1g_wpftmp.csproj]
D:\Users\nair\Bureau\medcompa1, avant refactoring\MedCompanion\Services\MCCMatchingService.cs(254,28): warning CS8619: La nullabilit├® des types r├®f├®rence dans la valeur de type '(bool, MCCMatchResult?, string)' ne correspond pas au type cible '(bool success, MCCMatchResult result, string error)'. [D:\Users\nair\Bureau\medcompa1, avant refactoring\MedCompanion\MedCompanion_j3wndi1g_wpftmp.csproj]
D:\Users\nair\Bureau\medcompa1, avant refactoring\MedCompanion\Services\MCCMatchingService.cs(311,28): warning CS8619: La nullabilit├® des types r├®f├®rence dans la valeur de type '(bool, MCCMatchResult, string?)' ne correspond pas au type cible '(bool success, MCCMatchResult result, string error)'. [D:\Users\nair\Bureau\medcompa1, avant refactoring\MedCompanion\MedCompanion_j3wndi1g_wpftmp.csproj]
D:\Users\nair\Bureau\medcompa1, avant refactoring\MedCompanion\Services\MCCMatchingService.cs(364,28): warning CS8619: La nullabilit├® des types r├®f├®rence dans la valeur de type '(bool, MCCMatchResult, string?)' ne correspond pas au type cible '(bool success, MCCMatchResult result, string error)'. [D:\Users\nair\Bureau\medcompa1, avant refactoring\MedCompanion\MedCompanion_j3wndi1g_wpftmp.csproj]
D:\Users\nair\Bureau\medcompa1, avant refactoring\MedCompanion\Services\MCCMatchingService.cs(378,28): warning CS8619: La nullabilit├® des types r├®f├®rence dans la valeur de type '(bool, MCCMatchResult, string?)' ne correspond pas au type cible '(bool success, MCCMatchResult result, string error)'. [D:\Users\nair\Bureau\medcompa1, avant refactoring\MedCompanion\MedCompanion_j3wndi1g_wpftmp.csproj]
D:\Users\nair\Bureau\medcompa1, avant refactoring\MedCompanion\Services\MCCMatchingService.cs(391,24): warning CS8619: La nullabilit├® des types r├®f├®rence dans la valeur de type '(bool, MCCMatchResult?, string)' ne correspond pas au type cible '(bool success, MCCMatchResult result, string error)'. [D:\Users\nair\Bureau\medcompa1, avant refactoring\MedCompanion\MedCompanion_j3wndi1g_wpftmp.csproj]
D:\Users\nair\Bureau\medcompa1, avant refactoring\MedCompanion\Services\PDFFormFillerService.cs(572,56): warning CS0618: 'PdfDocumentOpenMode.ReadOnly' est obsol├¿te┬á: 'ReadOnly is not implemented, use Import instead.' [D:\Users\nair\Bureau\medcompa1, avant refactoring\MedCompanion\MedCompanion_j3wndi1g_wpftmp.csproj]
D:\Users\nair\Bureau\medcompa1, avant refactoring\MedCompanion\Services\PDFFormFillerService.cs(664,69): warning CS8602: D├®r├®f├®rencement d'une ├®ventuelle r├®f├®rence null. [D:\Users\nair\Bureau\medcompa1, avant refactoring\MedCompanion\MedCompanion_j3wndi1g_wpftmp.csproj]
D:\Users\nair\Bureau\medcompa1, avant refactoring\MedCompanion\Services\PDFFormFillerService.cs(664,119): warning CS8602: D├®r├®f├®rencement d'une ├®ventuelle r├®f├®rence null. [D:\Users\nair\Bureau\medcompa1, avant refactoring\MedCompanion\MedCompanion_j3wndi1g_wpftmp.csproj]
D:\Users\nair\Bureau\medcompa1, avant refactoring\MedCompanion\ViewModels\CourriersViewModel.cs(44,44): warning CS0067: L'├®v├®nement 'CourriersViewModel.ShowInExplorerRequested' n'est jamais utilis├® [D:\Users\nair\Bureau\medcompa1, avant refactoring\MedCompanion\MedCompanion_j3wndi1g_wpftmp.csproj]
D:\Users\nair\Bureau\medcompa1, avant refactoring\MedCompanion\ViewModels\CourriersViewModel.cs(42,44): warning CS0067: L'├®v├®nement 'CourriersViewModel.FileOpenRequested' n'est jamais utilis├® [D:\Users\nair\Bureau\medcompa1, avant refactoring\MedCompanion\MedCompanion_j3wndi1g_wpftmp.csproj]
D:\Users\nair\Bureau\medcompa1, avant refactoring\MedCompanion\ViewModels\CourriersViewModel.cs(38,36): warning CS0067: L'├®v├®nement 'CourriersViewModel.LetterListRefreshRequested' n'est jamais utilis├® [D:\Users\nair\Bureau\medcompa1, avant refactoring\MedCompanion\MedCompanion_j3wndi1g_wpftmp.csproj]
D:\Users\nair\Bureau\medcompa1, avant refactoring\MedCompanion\Dialogs\ScannedFormImportDialog.xaml.cs(95,45): error CS1729: 'FormulaireAssistantService' ne contient pas de constructeur qui accepte des arguments 6 [D:\Users\nair\Bureau\medcompa1, avant refactoring\MedCompanion\MedCompanion_j3wndi1g_wpftmp.csproj]
D:\Users\nair\Bureau\medcompa1, avant refactoring\MedCompanion\Services\FormulaireAssistantService.cs(130,61): error CS0103: Le nom '_promptConfigService' n'existe pas dans le contexte actuel [D:\Users\nair\Bureau\medcompa1, avant refactoring\MedCompanion\MedCompanion_j3wndi1g_wpftmp.csproj]
D:\Users\nair\Bureau\medcompa1, avant refactoring\MedCompanion\Services\FormulaireAssistantService.cs(130,22): error CS8130: Impossible de d├®duire le type de la variable de d├®construction implicitement typ├®e 'anonymizedPrompt'. [D:\Users\nair\Bureau\medcompa1, avant refactoring\MedCompanion\MedCompanion_j3wndi1g_wpftmp.csproj]
D:\Users\nair\Bureau\medcompa1, avant refactoring\MedCompanion\Services\FormulaireAssistantService.cs(130,40): error CS8130: Impossible de d├®duire le type de la variable de d├®construction implicitement typ├®e 'anonContext'. [D:\Users\nair\Bureau\medcompa1, avant refactoring\MedCompanion\MedCompanion_j3wndi1g_wpftmp.csproj]
    148 Avertissement(s)
    4 Erreur(s)

Temps ├®coul├® 00:00:02.15
