  Identification des projets à restaurer...
  Tous les projets sont à jour pour la restauration.
D:\Users\nair\Bureau\medcompa1, avant refactoring\MedCompanion\ViewModels\AttestationViewModel.cs(136,23): warning CS0108: 'AttestationViewModel.StatusMessage' masque le membre hérité 'ViewModelBase.StatusMessage'. Utilisez le mot clé new si le masquage est intentionnel. [D:\Users\nair\Bureau\medcompa1, avant refactoring\MedCompanion\MedCompanion_lxuytueh_wpftmp.csproj]
D:\Users\nair\Bureau\medcompa1, avant refactoring\MedCompanion\Services\MCCMatchingService.cs(219,45): warning CS8625: Impossible de convertir un littéral ayant une valeur null en type référence non-nullable. [D:\Users\nair\Bureau\medcompa1, avant refactoring\MedCompanion\MedCompanion_lxuytueh_wpftmp.csproj]
D:\Users\nair\Bureau\medcompa1, avant refactoring\MedCompanion\Dialogs\CreateLetterWithAIDialog.xaml.cs(34,45): warning CS8625: Impossible de convertir un littéral ayant une valeur null en type référence non-nullable. [D:\Users\nair\Bureau\medcompa1, avant refactoring\MedCompanion\MedCompanion_lxuytueh_wpftmp.csproj]
D:\Users\nair\Bureau\medcompa1, avant refactoring\MedCompanion\Services\PromptReformulationService.cs(109,52): warning CS8625: Impossible de convertir un littéral ayant une valeur null en type référence non-nullable. [D:\Users\nair\Bureau\medcompa1, avant refactoring\MedCompanion\MedCompanion_lxuytueh_wpftmp.csproj]
D:\Users\nair\Bureau\medcompa1, avant refactoring\MedCompanion\LetterService.cs(34,16): warning CS8618: Le champ « _cachedSystemPrompt » non-nullable doit contenir une valeur autre que Null lors de la fermeture du constructeur. Envisagez d’ajouter le modificateur « required » ou de déclarer le champ comme pouvant accepter la valeur Null. [D:\Users\nair\Bureau\medcompa1, avant refactoring\MedCompanion\MedCompanion_lxuytueh_wpftmp.csproj]
D:\Users\nair\Bureau\medcompa1, avant refactoring\MedCompanion\LetterService.cs(34,16): warning CS8618: Le champ « _cachedLetterWithContextPrompt » non-nullable doit contenir une valeur autre que Null lors de la fermeture du constructeur. Envisagez d’ajouter le modificateur « required » ou de déclarer le champ comme pouvant accepter la valeur Null. [D:\Users\nair\Bureau\medcompa1, avant refactoring\MedCompanion\MedCompanion_lxuytueh_wpftmp.csproj]
D:\Users\nair\Bureau\medcompa1, avant refactoring\MedCompanion\LetterService.cs(34,16): warning CS8618: Le champ « _cachedLetterNoContextPrompt » non-nullable doit contenir une valeur autre que Null lors de la fermeture du constructeur. Envisagez d’ajouter le modificateur « required » ou de déclarer le champ comme pouvant accepter la valeur Null. [D:\Users\nair\Bureau\medcompa1, avant refactoring\MedCompanion\MedCompanion_lxuytueh_wpftmp.csproj]
D:\Users\nair\Bureau\medcompa1, avant refactoring\MedCompanion\LetterService.cs(34,16): warning CS8618: Le champ « _cachedTemplateAdaptationPrompt » non-nullable doit contenir une valeur autre que Null lors de la fermeture du constructeur. Envisagez d’ajouter le modificateur « required » ou de déclarer le champ comme pouvant accepter la valeur Null. [D:\Users\nair\Bureau\medcompa1, avant refactoring\MedCompanion\MedCompanion_lxuytueh_wpftmp.csproj]
D:\Users\nair\Bureau\medcompa1, avant refactoring\MedCompanion\Dialogs\CreateLetterWithAIDialog.xaml.cs(16,25): warning CS8618: Le propriété « SelectedMCC » non-nullable doit contenir une valeur autre que Null lors de la fermeture du constructeur. Envisagez d’ajouter le modificateur « required » ou de déclarer le propriété comme pouvant accepter la valeur Null. [D:\Users\nair\Bureau\medcompa1, avant refactoring\MedCompanion\MedCompanion_lxuytueh_wpftmp.csproj]
D:\Users\nair\Bureau\medcompa1, avant refactoring\MedCompanion\Dialogs\CreateLetterWithAIDialog.xaml.cs(17,23): warning CS8618: Le propriété « UserRequest » non-nullable doit contenir une valeur autre que Null lors de la fermeture du constructeur. Envisagez d’ajouter le modificateur « required » ou de déclarer le propriété comme pouvant accepter la valeur Null. [D:\Users\nair\Bureau\medcompa1, avant refactoring\MedCompanion\MedCompanion_lxuytueh_wpftmp.csproj]
D:\Users\nair\Bureau\medcompa1, avant refactoring\MedCompanion\Dialogs\CreateLetterWithAIDialog.xaml.cs(18,37): warning CS8618: Le propriété « Analysis » non-nullable doit contenir une valeur autre que Null lors de la fermeture du constructeur. Envisagez d’ajouter le modificateur « required » ou de déclarer le propriété comme pouvant accepter la valeur Null. [D:\Users\nair\Bureau\medcompa1, avant refactoring\MedCompanion\MedCompanion_lxuytueh_wpftmp.csproj]
D:\Users\nair\Bureau\medcompa1, avant refactoring\MedCompanion\Models\SemanticAnalysis.cs(181,24): warning CS8618: Le champ « _semanticConfidence » non-nullable doit contenir une valeur autre que Null lors de la fermeture du constructeur. Envisagez d’ajouter le modificateur « required » ou de déclarer le champ comme pouvant accepter la valeur Null. [D:\Users\nair\Bureau\medcompa1, avant refactoring\MedCompanion\MedCompanion_lxuytueh_wpftmp.csproj]
D:\Users\nair\Bureau\medcompa1, avant refactoring\MedCompanion\Models\SemanticAnalysis.cs(219,23): warning CS8618: Le propriété « DetectedLanguage » non-nullable doit contenir une valeur autre que Null lors de la fermeture du constructeur. Envisagez d’ajouter le modificateur « required » ou de déclarer le propriété comme pouvant accepter la valeur Null. [D:\Users\nair\Bureau\medcompa1, avant refactoring\MedCompanion\MedCompanion_lxuytueh_wpftmp.csproj]
D:\Users\nair\Bureau\medcompa1, avant refactoring\MedCompanion\Models\SemanticAnalysis.cs(225,23): warning CS8618: Le propriété « Source » non-nullable doit contenir une valeur autre que Null lors de la fermeture du constructeur. Envisagez d’ajouter le modificateur « required » ou de déclarer le propriété comme pouvant accepter la valeur Null. [D:\Users\nair\Bureau\medcompa1, avant refactoring\MedCompanion\MedCompanion_lxuytueh_wpftmp.csproj]
D:\Users\nair\Bureau\medcompa1, avant refactoring\MedCompanion\Models\SemanticAnalysis.cs(144,23): warning CS8618: Le propriété « Longueur » non-nullable doit contenir une valeur autre que Null lors de la fermeture du constructeur. Envisagez d’ajouter le modificateur « required » ou de déclarer le propriété comme pouvant accepter la valeur Null. [D:\Users\nair\Bureau\medcompa1, avant refactoring\MedCompanion\MedCompanion_lxuytueh_wpftmp.csproj]
D:\Users\nair\Bureau\medcompa1, avant refactoring\MedCompanion\Models\SemanticAnalysis.cs(146,24): warning CS8618: Le champ « _phrasesMoyennes » non-nullable doit contenir une valeur autre que Null lors de la fermeture du constructeur. Envisagez d’ajouter le modificateur « required » ou de déclarer le champ comme pouvant accepter la valeur Null. [D:\Users\nair\Bureau\medcompa1, avant refactoring\MedCompanion\MedCompanion_lxuytueh_wpftmp.csproj]
D:\Users\nair\Bureau\medcompa1, avant refactoring\MedCompanion\Models\SemanticAnalysis.cs(167,23): warning CS8618: Le propriété « PhrasesMoyennes » non-nullable doit contenir une valeur autre que Null lors de la fermeture du constructeur. Envisagez d’ajouter le modificateur « required » ou de déclarer le propriété comme pouvant accepter la valeur Null. [D:\Users\nair\Bureau\medcompa1, avant refactoring\MedCompanion\MedCompanion_lxuytueh_wpftmp.csproj]
D:\Users\nair\Bureau\medcompa1, avant refactoring\MedCompanion\Models\SemanticAnalysis.cs(173,23): warning CS8618: Le propriété « StructureRichesse » non-nullable doit contenir une valeur autre que Null lors de la fermeture du constructeur. Envisagez d’ajouter le modificateur « required » ou de déclarer le propriété comme pouvant accepter la valeur Null. [D:\Users\nair\Bureau\medcompa1, avant refactoring\MedCompanion\MedCompanion_lxuytueh_wpftmp.csproj]
D:\Users\nair\Bureau\medcompa1, avant refactoring\MedCompanion\OpenAIService.cs(25,16): warning CS8618: Le champ « _cachedSystemPrompt » non-nullable doit contenir une valeur autre que Null lors de la fermeture du constructeur. Envisagez d’ajouter le modificateur « required » ou de déclarer le champ comme pouvant accepter la valeur Null. [D:\Users\nair\Bureau\medcompa1, avant refactoring\MedCompanion\MedCompanion_lxuytueh_wpftmp.csproj]
D:\Users\nair\Bureau\medcompa1, avant refactoring\MedCompanion\OpenAIService.cs(25,16): warning CS8618: Le champ « _cachedNoteStructurationPrompt » non-nullable doit contenir une valeur autre que Null lors de la fermeture du constructeur. Envisagez d’ajouter le modificateur « required » ou de déclarer le champ comme pouvant accepter la valeur Null. [D:\Users\nair\Bureau\medcompa1, avant refactoring\MedCompanion\MedCompanion_lxuytueh_wpftmp.csproj]
D:\Users\nair\Bureau\medcompa1, avant refactoring\MedCompanion\OpenAIService.cs(25,16): warning CS8618: Le champ « _cachedChatInteractionPrompt » non-nullable doit contenir une valeur autre que Null lors de la fermeture du constructeur. Envisagez d’ajouter le modificateur « required » ou de déclarer le champ comme pouvant accepter la valeur Null. [D:\Users\nair\Bureau\medcompa1, avant refactoring\MedCompanion\MedCompanion_lxuytueh_wpftmp.csproj]
D:\Users\nair\Bureau\medcompa1, avant refactoring\MedCompanion\Models\SemanticAnalysis.cs(101,16): warning CS8618: Le propriété « DocType » non-nullable doit contenir une valeur autre que Null lors de la fermeture du constructeur. Envisagez d’ajouter le modificateur « required » ou de déclarer le propriété comme pouvant accepter la valeur Null. [D:\Users\nair\Bureau\medcompa1, avant refactoring\MedCompanion\MedCompanion_lxuytueh_wpftmp.csproj]
D:\Users\nair\Bureau\medcompa1, avant refactoring\MedCompanion\Models\SemanticAnalysis.cs(101,16): warning CS8618: Le propriété « Public » non-nullable doit contenir une valeur autre que Null lors de la fermeture du constructeur. Envisagez d’ajouter le modificateur « required » ou de déclarer le propriété comme pouvant accepter la valeur Null. [D:\Users\nair\Bureau\medcompa1, avant refactoring\MedCompanion\MedCompanion_lxuytueh_wpftmp.csproj]
D:\Users\nair\Bureau\medcompa1, avant refactoring\MedCompanion\Models\SemanticAnalysis.cs(101,16): warning CS8618: Le propriété « Tone » non-nullable doit contenir une valeur autre que Null lors de la fermeture du constructeur. Envisagez d’ajouter le modificateur « required » ou de déclarer le propriété comme pouvant accepter la valeur Null. [D:\Users\nair\Bureau\medcompa1, avant refactoring\MedCompanion\MedCompanion_lxuytueh_wpftmp.csproj]
D:\Users\nair\Bureau\medcompa1, avant refactoring\MedCompanion\Models\SemanticAnalysis.cs(101,16): warning CS8618: Le propriété « AgeGroup » non-nullable doit contenir une valeur autre que Null lors de la fermeture du constructeur. Envisagez d’ajouter le modificateur « required » ou de déclarer le propriété comme pouvant accepter la valeur Null. [D:\Users\nair\Bureau\medcompa1, avant refactoring\MedCompanion\MedCompanion_lxuytueh_wpftmp.csproj]
D:\Users\nair\Bureau\medcompa1, avant refactoring\MedCompanion\Models\SemanticAnalysis.cs(101,16): warning CS8618: Le propriété « DetailLevel » non-nullable doit contenir une valeur autre que Null lors de la fermeture du constructeur. Envisagez d’ajouter le modificateur « required » ou de déclarer le propriété comme pouvant accepter la valeur Null. [D:\Users\nair\Bureau\medcompa1, avant refactoring\MedCompanion\MedCompanion_lxuytueh_wpftmp.csproj]
D:\Users\nair\Bureau\medcompa1, avant refactoring\MedCompanion\Models\SemanticAnalysis.cs(101,16): warning CS8618: Le propriété « ContextSummary » non-nullable doit contenir une valeur autre que Null lors de la fermeture du constructeur. Envisagez d’ajouter le modificateur « required » ou de déclarer le propriété comme pouvant accepter la valeur Null. [D:\Users\nair\Bureau\medcompa1, avant refactoring\MedCompanion\MedCompanion_lxuytueh_wpftmp.csproj]
D:\Users\nair\Bureau\medcompa1, avant refactoring\MedCompanion\Models\GenerationFeedback.cs(54,16): warning CS8618: Le propriété « GenerationId » non-nullable doit contenir une valeur autre que Null lors de la fermeture du constructeur. Envisagez d’ajouter le modificateur « required » ou de déclarer le propriété comme pouvant accepter la valeur Null. [D:\Users\nair\Bureau\medcompa1, avant refactoring\MedCompanion\MedCompanion_lxuytueh_wpftmp.csproj]
D:\Users\nair\Bureau\medcompa1, avant refactoring\MedCompanion\Models\GenerationFeedback.cs(54,16): warning CS8618: Le propriété « MCCUsed » non-nullable doit contenir une valeur autre que Null lors de la fermeture du constructeur. Envisagez d’ajouter le modificateur « required » ou de déclarer le propriété comme pouvant accepter la valeur Null. [D:\Users\nair\Bureau\medcompa1, avant refactoring\MedCompanion\MedCompanion_lxuytueh_wpftmp.csproj]
D:\Users\nair\Bureau\medcompa1, avant refactoring\MedCompanion\Models\GenerationFeedback.cs(54,16): warning CS8618: Le propriété « Comment » non-nullable doit contenir une valeur autre que Null lors de la fermeture du constructeur. Envisagez d’ajouter le modificateur « required » ou de déclarer le propriété comme pouvant accepter la valeur Null. [D:\Users\nair\Bureau\medcompa1, avant refactoring\MedCompanion\MedCompanion_lxuytueh_wpftmp.csproj]
D:\Users\nair\Bureau\medcompa1, avant refactoring\MedCompanion\Models\GenerationFeedback.cs(54,16): warning CS8618: Le propriété « PatientContext » non-nullable doit contenir une valeur autre que Null lors de la fermeture du constructeur. Envisagez d’ajouter le modificateur « required » ou de déclarer le propriété comme pouvant accepter la valeur Null. [D:\Users\nair\Bureau\medcompa1, avant refactoring\MedCompanion\MedCompanion_lxuytueh_wpftmp.csproj]
D:\Users\nair\Bureau\medcompa1, avant refactoring\MedCompanion\Models\GenerationFeedback.cs(63,16): warning CS8618: Le propriété « Comment » non-nullable doit contenir une valeur autre que Null lors de la fermeture du constructeur. Envisagez d’ajouter le modificateur « required » ou de déclarer le propriété comme pouvant accepter la valeur Null. [D:\Users\nair\Bureau\medcompa1, avant refactoring\MedCompanion\MedCompanion_lxuytueh_wpftmp.csproj]
D:\Users\nair\Bureau\medcompa1, avant refactoring\MedCompanion\Models\GenerationFeedback.cs(63,16): warning CS8618: Le propriété « PatientContext » non-nullable doit contenir une valeur autre que Null lors de la fermeture du constructeur. Envisagez d’ajouter le modificateur « required » ou de déclarer le propriété comme pouvant accepter la valeur Null. [D:\Users\nair\Bureau\medcompa1, avant refactoring\MedCompanion\MedCompanion_lxuytueh_wpftmp.csproj]
D:\Users\nair\Bureau\medcompa1, avant refactoring\MedCompanion\Dialogs\CreateLetterWithAIDialog.xaml.cs(192,43): warning CS8625: Impossible de convertir un littéral ayant une valeur null en type référence non-nullable. [D:\Users\nair\Bureau\medcompa1, avant refactoring\MedCompanion\MedCompanion_lxuytueh_wpftmp.csproj]
D:\Users\nair\Bureau\medcompa1, avant refactoring\MedCompanion\Models\MCCModel.cs(115,16): warning CS8618: Le propriété « Id » non-nullable doit contenir une valeur autre que Null lors de la fermeture du constructeur. Envisagez d’ajouter le modificateur « required » ou de déclarer le propriété comme pouvant accepter la valeur Null. [D:\Users\nair\Bureau\medcompa1, avant refactoring\MedCompanion\MedCompanion_lxuytueh_wpftmp.csproj]
D:\Users\nair\Bureau\medcompa1, avant refactoring\MedCompanion\Models\MCCModel.cs(115,16): warning CS8618: Le propriété « Name » non-nullable doit contenir une valeur autre que Null lors de la fermeture du constructeur. Envisagez d’ajouter le modificateur « required » ou de déclarer le propriété comme pouvant accepter la valeur Null. [D:\Users\nair\Bureau\medcompa1, avant refactoring\MedCompanion\MedCompanion_lxuytueh_wpftmp.csproj]
D:\Users\nair\Bureau\medcompa1, avant refactoring\MedCompanion\Models\MCCModel.cs(115,16): warning CS8618: Le propriété « Semantic » non-nullable doit contenir une valeur autre que Null lors de la fermeture du constructeur. Envisagez d’ajouter le modificateur « required » ou de déclarer le propriété comme pouvant accepter la valeur Null. [D:\Users\nair\Bureau\medcompa1, avant refactoring\MedCompanion\MedCompanion_lxuytueh_wpftmp.csproj]
D:\Users\nair\Bureau\medcompa1, avant refactoring\MedCompanion\Models\MCCMatchResult.cs(92,31): warning CS8625: Impossible de convertir un littéral ayant une valeur null en type référence non-nullable. [D:\Users\nair\Bureau\medcompa1, avant refactoring\MedCompanion\MedCompanion_lxuytueh_wpftmp.csproj]
D:\Users\nair\Bureau\medcompa1, avant refactoring\MedCompanion\Models\MCCMatchResult.cs(20,25): warning CS8618: Le propriété « SelectedMCC » non-nullable doit contenir une valeur autre que Null lors de la fermeture du constructeur. Envisagez d’ajouter le modificateur « required » ou de déclarer le propriété comme pouvant accepter la valeur Null. [D:\Users\nair\Bureau\medcompa1, avant refactoring\MedCompanion\MedCompanion_lxuytueh_wpftmp.csproj]
D:\Users\nair\Bureau\medcompa1, avant refactoring\MedCompanion\Models\MCCMatchResult.cs(35,37): warning CS8618: Le propriété « Analysis » non-nullable doit contenir une valeur autre que Null lors de la fermeture du constructeur. Envisagez d’ajouter le modificateur « required » ou de déclarer le propriété comme pouvant accepter la valeur Null. [D:\Users\nair\Bureau\medcompa1, avant refactoring\MedCompanion\MedCompanion_lxuytueh_wpftmp.csproj]
D:\Users\nair\Bureau\medcompa1, avant refactoring\MedCompanion\Models\MCCMatchResult.cs(55,23): warning CS8618: Le propriété « FailureReason » non-nullable doit contenir une valeur autre que Null lors de la fermeture du constructeur. Envisagez d’ajouter le modificateur « required » ou de déclarer le propriété comme pouvant accepter la valeur Null. [D:\Users\nair\Bureau\medcompa1, avant refactoring\MedCompanion\MedCompanion_lxuytueh_wpftmp.csproj]
D:\Users\nair\Bureau\medcompa1, avant refactoring\MedCompanion\Dialogs\PatientListDialog.xaml.cs(54,51): warning CS1998: Cette méthode async n'a pas d'opérateur 'await' et elle s'exécutera de façon synchrone. Utilisez l'opérateur 'await' pour attendre les appels d'API non bloquants ou 'await Task.Run(…)' pour effectuer un travail utilisant le processeur sur un thread d'arrière-plan. [D:\Users\nair\Bureau\medcompa1, avant refactoring\MedCompanion\MedCompanion_lxuytueh_wpftmp.csproj]
D:\Users\nair\Bureau\medcompa1, avant refactoring\MedCompanion\Services\TemplateExtractorService.cs(200,24): warning CS8619: La nullabilité des types référence dans la valeur de type '(bool, SemanticAnalysis?, string)' ne correspond pas au type cible '(bool success, SemanticAnalysis analysis, string error)'. [D:\Users\nair\Bureau\medcompa1, avant refactoring\MedCompanion\MedCompanion_lxuytueh_wpftmp.csproj]
D:\Users\nair\Bureau\medcompa1, avant refactoring\MedCompanion\Services\TemplateExtractorService.cs(283,28): warning CS8619: La nullabilité des types référence dans la valeur de type '(bool, SemanticAnalysis?, string result)' ne correspond pas au type cible '(bool success, SemanticAnalysis analysis, string error)'. [D:\Users\nair\Bureau\medcompa1, avant refactoring\MedCompanion\MedCompanion_lxuytueh_wpftmp.csproj]
D:\Users\nair\Bureau\medcompa1, avant refactoring\MedCompanion\Services\TemplateExtractorService.cs(312,28): warning CS8619: La nullabilité des types référence dans la valeur de type '(bool, SemanticAnalysis?, string)' ne correspond pas au type cible '(bool success, SemanticAnalysis analysis, string error)'. [D:\Users\nair\Bureau\medcompa1, avant refactoring\MedCompanion\MedCompanion_lxuytueh_wpftmp.csproj]
D:\Users\nair\Bureau\medcompa1, avant refactoring\MedCompanion\Services\TemplateExtractorService.cs(319,24): warning CS8619: La nullabilité des types référence dans la valeur de type '(bool, SemanticAnalysis?, string)' ne correspond pas au type cible '(bool success, SemanticAnalysis analysis, string error)'. [D:\Users\nair\Bureau\medcompa1, avant refactoring\MedCompanion\MedCompanion_lxuytueh_wpftmp.csproj]
D:\Users\nair\Bureau\medcompa1, avant refactoring\MedCompanion\Services\TemplateExtractorService.cs(323,24): warning CS8619: La nullabilité des types référence dans la valeur de type '(bool, SemanticAnalysis?, string)' ne correspond pas au type cible '(bool success, SemanticAnalysis analysis, string error)'. [D:\Users\nair\Bureau\medcompa1, avant refactoring\MedCompanion\MedCompanion_lxuytueh_wpftmp.csproj]
D:\Users\nair\Bureau\medcompa1, avant refactoring\MedCompanion\Services\TemplateExtractorService.cs(337,24): warning CS8619: La nullabilité des types référence dans la valeur de type '(bool, Dictionary<string, string>?, string)' ne correspond pas au type cible '(bool success, Dictionary<string, string> sections, string error)'. [D:\Users\nair\Bureau\medcompa1, avant refactoring\MedCompanion\MedCompanion_lxuytueh_wpftmp.csproj]
D:\Users\nair\Bureau\medcompa1, avant refactoring\MedCompanion\Services\TemplateExtractorService.cs(386,28): warning CS8619: La nullabilité des types référence dans la valeur de type '(bool, Dictionary<string, string>?, string result)' ne correspond pas au type cible '(bool success, Dictionary<string, string> sections, string error)'. [D:\Users\nair\Bureau\medcompa1, avant refactoring\MedCompanion\MedCompanion_lxuytueh_wpftmp.csproj]
D:\Users\nair\Bureau\medcompa1, avant refactoring\MedCompanion\Services\TemplateExtractorService.cs(424,28): warning CS8619: La nullabilité des types référence dans la valeur de type '(bool, Dictionary<string, string>?, string)' ne correspond pas au type cible '(bool success, Dictionary<string, string> sections, string error)'. [D:\Users\nair\Bureau\medcompa1, avant refactoring\MedCompanion\MedCompanion_lxuytueh_wpftmp.csproj]
D:\Users\nair\Bureau\medcompa1, avant refactoring\MedCompanion\Services\TemplateExtractorService.cs(431,24): warning CS8619: La nullabilité des types référence dans la valeur de type '(bool, Dictionary<string, string>?, string)' ne correspond pas au type cible '(bool success, Dictionary<string, string> sections, string error)'. [D:\Users\nair\Bureau\medcompa1, avant refactoring\MedCompanion\MedCompanion_lxuytueh_wpftmp.csproj]
D:\Users\nair\Bureau\medcompa1, avant refactoring\MedCompanion\Services\TemplateExtractorService.cs(435,24): warning CS8619: La nullabilité des types référence dans la valeur de type '(bool, Dictionary<string, string>?, string)' ne correspond pas au type cible '(bool success, Dictionary<string, string> sections, string error)'. [D:\Users\nair\Bureau\medcompa1, avant refactoring\MedCompanion\MedCompanion_lxuytueh_wpftmp.csproj]
D:\Users\nair\Bureau\medcompa1, avant refactoring\MedCompanion\Services\TemplateExtractorService.cs(448,24): warning CS8619: La nullabilité des types référence dans la valeur de type '(bool, MCCModel?, string)' ne correspond pas au type cible '(bool success, MCCModel mcc, string error)'. [D:\Users\nair\Bureau\medcompa1, avant refactoring\MedCompanion\MedCompanion_lxuytueh_wpftmp.csproj]
D:\Users\nair\Bureau\medcompa1, avant refactoring\MedCompanion\Services\TemplateExtractorService.cs(460,28): warning CS8619: La nullabilité des types référence dans la valeur de type '(bool, MCCModel?, string)' ne correspond pas au type cible '(bool success, MCCModel mcc, string error)'. [D:\Users\nair\Bureau\medcompa1, avant refactoring\MedCompanion\MedCompanion_lxuytueh_wpftmp.csproj]
D:\Users\nair\Bureau\medcompa1, avant refactoring\MedCompanion\Services\TemplateExtractorService.cs(470,28): warning CS8619: La nullabilité des types référence dans la valeur de type '(bool, MCCModel?, string)' ne correspond pas au type cible '(bool success, MCCModel mcc, string error)'. [D:\Users\nair\Bureau\medcompa1, avant refactoring\MedCompanion\MedCompanion_lxuytueh_wpftmp.csproj]
D:\Users\nair\Bureau\medcompa1, avant refactoring\MedCompanion\Services\TemplateExtractorService.cs(480,28): warning CS8619: La nullabilité des types référence dans la valeur de type '(bool, MCCModel?, string)' ne correspond pas au type cible '(bool success, MCCModel mcc, string error)'. [D:\Users\nair\Bureau\medcompa1, avant refactoring\MedCompanion\MedCompanion_lxuytueh_wpftmp.csproj]
D:\Users\nair\Bureau\medcompa1, avant refactoring\MedCompanion\Services\TemplateExtractorService.cs(508,24): warning CS8619: La nullabilité des types référence dans la valeur de type '(bool, MCCModel?, string)' ne correspond pas au type cible '(bool success, MCCModel mcc, string error)'. [D:\Users\nair\Bureau\medcompa1, avant refactoring\MedCompanion\MedCompanion_lxuytueh_wpftmp.csproj]
D:\Users\nair\Bureau\medcompa1, avant refactoring\MedCompanion\MainWindow.LLM.cs(199,76): warning CS8604: Existence possible d'un argument de référence null pour le paramètre 'providerName' dans 'Task<(bool success, string message)> LLMServiceFactory.SwitchProviderAsync(string providerName, string? modelName = null)'. [D:\Users\nair\Bureau\medcompa1, avant refactoring\MedCompanion\MedCompanion_lxuytueh_wpftmp.csproj]
D:\Users\nair\Bureau\medcompa1, avant refactoring\MedCompanion\Services\AttestationService.cs(29,16): warning CS8618: Le champ « _cachedAttestationPrompt » non-nullable doit contenir une valeur autre que Null lors de la fermeture du constructeur. Envisagez d’ajouter le modificateur « required » ou de déclarer le champ comme pouvant accepter la valeur Null. [D:\Users\nair\Bureau\medcompa1, avant refactoring\MedCompanion\MedCompanion_lxuytueh_wpftmp.csproj]
D:\Users\nair\Bureau\medcompa1, avant refactoring\MedCompanion\Services\AttestationService.cs(29,16): warning CS8618: Le champ « _cachedSystemPrompt » non-nullable doit contenir une valeur autre que Null lors de la fermeture du constructeur. Envisagez d’ajouter le modificateur « required » ou de déclarer le champ comme pouvant accepter la valeur Null. [D:\Users\nair\Bureau\medcompa1, avant refactoring\MedCompanion\MedCompanion_lxuytueh_wpftmp.csproj]
D:\Users\nair\Bureau\medcompa1, avant refactoring\MedCompanion\Services\BDPMService.cs(47,55): warning CS1998: Cette méthode async n'a pas d'opérateur 'await' et elle s'exécutera de façon synchrone. Utilisez l'opérateur 'await' pour attendre les appels d'API non bloquants ou 'await Task.Run(…)' pour effectuer un travail utilisant le processeur sur un thread d'arrière-plan. [D:\Users\nair\Bureau\medcompa1, avant refactoring\MedCompanion\MedCompanion_lxuytueh_wpftmp.csproj]
D:\Users\nair\Bureau\medcompa1, avant refactoring\MedCompanion\Services\RichTextBoxService.cs(31,30): warning CS0168: La variable 'ex' est déclarée, mais jamais utilisée [D:\Users\nair\Bureau\medcompa1, avant refactoring\MedCompanion\MedCompanion_lxuytueh_wpftmp.csproj]
D:\Users\nair\Bureau\medcompa1, avant refactoring\MedCompanion\Services\RichTextBoxService.cs(126,30): warning CS0168: La variable 'ex' est déclarée, mais jamais utilisée [D:\Users\nair\Bureau\medcompa1, avant refactoring\MedCompanion\MedCompanion_lxuytueh_wpftmp.csproj]
D:\Users\nair\Bureau\medcompa1, avant refactoring\MedCompanion\ViewModels\AttestationViewModel.cs(360,26): warning CS0219: La variable 'dialogAccepted' est assignée, mais sa valeur n'est jamais utilisée [D:\Users\nair\Bureau\medcompa1, avant refactoring\MedCompanion\MedCompanion_lxuytueh_wpftmp.csproj]
D:\Users\nair\Bureau\medcompa1, avant refactoring\MedCompanion\ViewModels\AttestationViewModel.cs(334,28): warning CS1998: Cette méthode async n'a pas d'opérateur 'await' et elle s'exécutera de façon synchrone. Utilisez l'opérateur 'await' pour attendre les appels d'API non bloquants ou 'await Task.Run(…)' pour effectuer un travail utilisant le processeur sur un thread d'arrière-plan. [D:\Users\nair\Bureau\medcompa1, avant refactoring\MedCompanion\MedCompanion_lxuytueh_wpftmp.csproj]
D:\Users\nair\Bureau\medcompa1, avant refactoring\MedCompanion\Services\RichTextBoxService.cs(193,30): warning CS0168: La variable 'ex' est déclarée, mais jamais utilisée [D:\Users\nair\Bureau\medcompa1, avant refactoring\MedCompanion\MedCompanion_lxuytueh_wpftmp.csproj]
D:\Users\nair\Bureau\medcompa1, avant refactoring\MedCompanion\ViewModels\AttestationViewModel.cs(488,28): warning CS1998: Cette méthode async n'a pas d'opérateur 'await' et elle s'exécutera de façon synchrone. Utilisez l'opérateur 'await' pour attendre les appels d'API non bloquants ou 'await Task.Run(…)' pour effectuer un travail utilisant le processeur sur un thread d'arrière-plan. [D:\Users\nair\Bureau\medcompa1, avant refactoring\MedCompanion\MedCompanion_lxuytueh_wpftmp.csproj]
D:\Users\nair\Bureau\medcompa1, avant refactoring\MedCompanion\ViewModels\AttestationViewModel.cs(554,28): warning CS1998: Cette méthode async n'a pas d'opérateur 'await' et elle s'exécutera de façon synchrone. Utilisez l'opérateur 'await' pour attendre les appels d'API non bloquants ou 'await Task.Run(…)' pour effectuer un travail utilisant le processeur sur un thread d'arrière-plan. [D:\Users\nair\Bureau\medcompa1, avant refactoring\MedCompanion\MedCompanion_lxuytueh_wpftmp.csproj]
D:\Users\nair\Bureau\medcompa1, avant refactoring\MedCompanion\Dialogs\MDPHAssistantDialog.xaml.cs(370,13): error CS0103: Le nom 'PdfPreviousPageButton' n'existe pas dans le contexte actuel [D:\Users\nair\Bureau\medcompa1, avant refactoring\MedCompanion\MedCompanion_lxuytueh_wpftmp.csproj]
D:\Users\nair\Bureau\medcompa1, avant refactoring\MedCompanion\Dialogs\MDPHAssistantDialog.xaml.cs(371,13): error CS0103: Le nom 'PdfNextPageButton' n'existe pas dans le contexte actuel [D:\Users\nair\Bureau\medcompa1, avant refactoring\MedCompanion\MedCompanion_lxuytueh_wpftmp.csproj]
D:\Users\nair\Bureau\medcompa1, avant refactoring\MedCompanion\Dialogs\MDPHAssistantDialog.xaml.cs(372,13): error CS0103: Le nom 'PdfZoomInButton' n'existe pas dans le contexte actuel [D:\Users\nair\Bureau\medcompa1, avant refactoring\MedCompanion\MedCompanion_lxuytueh_wpftmp.csproj]
D:\Users\nair\Bureau\medcompa1, avant refactoring\MedCompanion\Dialogs\MDPHAssistantDialog.xaml.cs(373,13): error CS0103: Le nom 'PdfZoomOutButton' n'existe pas dans le contexte actuel [D:\Users\nair\Bureau\medcompa1, avant refactoring\MedCompanion\MedCompanion_lxuytueh_wpftmp.csproj]
D:\Users\nair\Bureau\medcompa1, avant refactoring\MedCompanion\Dialogs\MDPHAssistantDialog.xaml.cs(390,13): error CS0103: Le nom 'PdfPreviousPageButton' n'existe pas dans le contexte actuel [D:\Users\nair\Bureau\medcompa1, avant refactoring\MedCompanion\MedCompanion_lxuytueh_wpftmp.csproj]
D:\Users\nair\Bureau\medcompa1, avant refactoring\MedCompanion\Dialogs\MDPHAssistantDialog.xaml.cs(391,13): error CS0103: Le nom 'PdfNextPageButton' n'existe pas dans le contexte actuel [D:\Users\nair\Bureau\medcompa1, avant refactoring\MedCompanion\MedCompanion_lxuytueh_wpftmp.csproj]
D:\Users\nair\Bureau\medcompa1, avant refactoring\MedCompanion\Dialogs\MDPHAssistantDialog.xaml.cs(392,13): error CS0103: Le nom 'PdfZoomInButton' n'existe pas dans le contexte actuel [D:\Users\nair\Bureau\medcompa1, avant refactoring\MedCompanion\MedCompanion_lxuytueh_wpftmp.csproj]
D:\Users\nair\Bureau\medcompa1, avant refactoring\MedCompanion\Dialogs\MDPHAssistantDialog.xaml.cs(393,13): error CS0103: Le nom 'PdfZoomOutButton' n'existe pas dans le contexte actuel [D:\Users\nair\Bureau\medcompa1, avant refactoring\MedCompanion\MedCompanion_lxuytueh_wpftmp.csproj]
D:\Users\nair\Bureau\medcompa1, avant refactoring\MedCompanion\Services\PromptReformulationService.cs(112,24): warning CS8619: La nullabilité des types référence dans la valeur de type '(bool, LetterAnalysisResult?, string)' ne correspond pas au type cible '(bool success, LetterAnalysisResult result, string? error)'. [D:\Users\nair\Bureau\medcompa1, avant refactoring\MedCompanion\MedCompanion_lxuytueh_wpftmp.csproj]
D:\Users\nair\Bureau\medcompa1, avant refactoring\MedCompanion\Services\PromptReformulationService.cs(190,28): warning CS8619: La nullabilité des types référence dans la valeur de type '(bool, LetterAnalysisResult?, string)' ne correspond pas au type cible '(bool success, LetterAnalysisResult result, string? error)'. [D:\Users\nair\Bureau\medcompa1, avant refactoring\MedCompanion\MedCompanion_lxuytueh_wpftmp.csproj]
D:\Users\nair\Bureau\medcompa1, avant refactoring\MedCompanion\Services\PromptReformulationService.cs(208,32): warning CS8619: La nullabilité des types référence dans la valeur de type '(bool, LetterAnalysisResult?, string)' ne correspond pas au type cible '(bool success, LetterAnalysisResult result, string? error)'. [D:\Users\nair\Bureau\medcompa1, avant refactoring\MedCompanion\MedCompanion_lxuytueh_wpftmp.csproj]
D:\Users\nair\Bureau\medcompa1, avant refactoring\MedCompanion\Services\PromptReformulationService.cs(233,24): warning CS8619: La nullabilité des types référence dans la valeur de type '(bool, LetterAnalysisResult?, string)' ne correspond pas au type cible '(bool success, LetterAnalysisResult result, string? error)'. [D:\Users\nair\Bureau\medcompa1, avant refactoring\MedCompanion\MedCompanion_lxuytueh_wpftmp.csproj]
D:\Users\nair\Bureau\medcompa1, avant refactoring\MedCompanion\Dialogs\MDPHAssistantDialog.xaml.cs(694,9): error CS0103: Le nom 'PdfPageIndicator' n'existe pas dans le contexte actuel [D:\Users\nair\Bureau\medcompa1, avant refactoring\MedCompanion\MedCompanion_lxuytueh_wpftmp.csproj]
D:\Users\nair\Bureau\medcompa1, avant refactoring\MedCompanion\MainWindow.xaml.cs(313,47): warning CS8622: La nullabilité des types référence dans le type du paramètre 'sender' de 'void MainWindow.OnNoteStatusChanged(object sender, string message)' ne correspond pas au délégué cible 'EventHandler<string>' (probablement en raison des attributs de nullabilité). [D:\Users\nair\Bureau\medcompa1, avant refactoring\MedCompanion\MedCompanion_lxuytueh_wpftmp.csproj]
D:\Users\nair\Bureau\medcompa1, avant refactoring\MedCompanion\MainWindow.xaml.cs(314,44): warning CS8622: La nullabilité des types référence dans le type du paramètre 'sender' de 'void MainWindow.OnNoteContentLoaded(object sender, (string filePath, string content) data)' ne correspond pas au délégué cible 'EventHandler<(string filePath, string content)>' (probablement en raison des attributs de nullabilité). [D:\Users\nair\Bureau\medcompa1, avant refactoring\MedCompanion\MedCompanion_lxuytueh_wpftmp.csproj]
D:\Users\nair\Bureau\medcompa1, avant refactoring\MedCompanion\MainWindow.xaml.cs(315,41): warning CS8622: La nullabilité des types référence dans le type du paramètre 'sender' de 'void MainWindow.OnNoteStructured(object sender, string markdown)' ne correspond pas au délégué cible 'EventHandler<string>' (probablement en raison des attributs de nullabilité). [D:\Users\nair\Bureau\medcompa1, avant refactoring\MedCompanion\MedCompanion_lxuytueh_wpftmp.csproj]
D:\Users\nair\Bureau\medcompa1, avant refactoring\MedCompanion\MainWindow.xaml.cs(316,44): warning CS8622: La nullabilité des types référence dans le type du paramètre 'sender' de 'void MainWindow.OnNoteSaveRequested(object sender, string? filePath)' ne correspond pas au délégué cible 'EventHandler<string?>' (probablement en raison des attributs de nullabilité). [D:\Users\nair\Bureau\medcompa1, avant refactoring\MedCompanion\MedCompanion_lxuytueh_wpftmp.csproj]
D:\Users\nair\Bureau\medcompa1, avant refactoring\MedCompanion\MainWindow.xaml.cs(317,46): warning CS8622: La nullabilité des types référence dans le type du paramètre 'sender' de 'void MainWindow.OnNoteDeleteRequested(object sender, string filePath)' ne correspond pas au délégué cible 'EventHandler<string>' (probablement en raison des attributs de nullabilité). [D:\Users\nair\Bureau\medcompa1, avant refactoring\MedCompanion\MedCompanion_lxuytueh_wpftmp.csproj]
D:\Users\nair\Bureau\medcompa1, avant refactoring\MedCompanion\MainWindow.xaml.cs(318,52): warning CS8622: La nullabilité des types référence dans le type du paramètre 'sender' de 'void MainWindow.OnNotesListRefreshRequested(object sender, EventArgs e)' ne correspond pas au délégué cible 'EventHandler' (probablement en raison des attributs de nullabilité). [D:\Users\nair\Bureau\medcompa1, avant refactoring\MedCompanion\MedCompanion_lxuytueh_wpftmp.csproj]
D:\Users\nair\Bureau\medcompa1, avant refactoring\MedCompanion\MainWindow.xaml.cs(319,47): warning CS8622: La nullabilité des types référence dans le type du paramètre 'sender' de 'void MainWindow.OnNoteClearedAfterSave(object sender, EventArgs e)' ne correspond pas au délégué cible 'EventHandler' (probablement en raison des attributs de nullabilité). [D:\Users\nair\Bureau\medcompa1, avant refactoring\MedCompanion\MedCompanion_lxuytueh_wpftmp.csproj]
D:\Users\nair\Bureau\medcompa1, avant refactoring\MedCompanion\MainWindow.xaml.cs(320,54): warning CS8622: La nullabilité des types référence dans le type du paramètre 'sender' de 'void MainWindow.OnPatientListRefreshRequested(object sender, EventArgs e)' ne correspond pas au délégué cible 'EventHandler' (probablement en raison des attributs de nullabilité). [D:\Users\nair\Bureau\medcompa1, avant refactoring\MedCompanion\MedCompanion_lxuytueh_wpftmp.csproj]
D:\Users\nair\Bureau\medcompa1, avant refactoring\MedCompanion\MainWindow.xaml.cs(321,36): warning CS8622: La nullabilité des types référence dans le type du paramètre 'sender' de 'void MainWindow.OnNoteSaved(object sender, EventArgs e)' ne correspond pas au délégué cible 'EventHandler' (probablement en raison des attributs de nullabilité). [D:\Users\nair\Bureau\medcompa1, avant refactoring\MedCompanion\MedCompanion_lxuytueh_wpftmp.csproj]
D:\Users\nair\Bureau\medcompa1, avant refactoring\MedCompanion\MainWindow.xaml.cs(325,42): warning CS8622: La nullabilité des types référence dans le type du paramètre 'sender' de 'void MainWindow.NoteViewModel_PropertyChanged(object sender, PropertyChangedEventArgs e)' ne correspond pas au délégué cible 'PropertyChangedEventHandler' (probablement en raison des attributs de nullabilité). [D:\Users\nair\Bureau\medcompa1, avant refactoring\MedCompanion\MedCompanion_lxuytueh_wpftmp.csproj]
D:\Users\nair\Bureau\medcompa1, avant refactoring\MedCompanion\Services\MCCLibraryService.cs(143,20): warning CS8603: Existence possible d'un retour de référence null. [D:\Users\nair\Bureau\medcompa1, avant refactoring\MedCompanion\MedCompanion_lxuytueh_wpftmp.csproj]
D:\Users\nair\Bureau\medcompa1, avant refactoring\MedCompanion\Services\FormulaireAssistantService.cs(418,35): warning CS1998: Cette méthode async n'a pas d'opérateur 'await' et elle s'exécutera de façon synchrone. Utilisez l'opérateur 'await' pour attendre les appels d'API non bloquants ou 'await Task.Run(…)' pour effectuer un travail utilisant le processeur sur un thread d'arrière-plan. [D:\Users\nair\Bureau\medcompa1, avant refactoring\MedCompanion\MedCompanion_lxuytueh_wpftmp.csproj]
D:\Users\nair\Bureau\medcompa1, avant refactoring\MedCompanion\Services\MCCLibraryService.cs(238,28): warning CS8603: Existence possible d'un retour de référence null. [D:\Users\nair\Bureau\medcompa1, avant refactoring\MedCompanion\MedCompanion_lxuytueh_wpftmp.csproj]
D:\Users\nair\Bureau\medcompa1, avant refactoring\MedCompanion\Services\MCCLibraryService.cs(259,24): warning CS8603: Existence possible d'un retour de référence null. [D:\Users\nair\Bureau\medcompa1, avant refactoring\MedCompanion\MedCompanion_lxuytueh_wpftmp.csproj]
D:\Users\nair\Bureau\medcompa1, avant refactoring\MedCompanion\Services\MCCLibraryService.cs(264,24): warning CS8603: Existence possible d'un retour de référence null. [D:\Users\nair\Bureau\medcompa1, avant refactoring\MedCompanion\MedCompanion_lxuytueh_wpftmp.csproj]
D:\Users\nair\Bureau\medcompa1, avant refactoring\MedCompanion\Services\FormulaireAssistantService.cs(540,50): warning CS8604: Existence possible d'un argument de référence null pour le paramètre 'item' dans 'void List<string>.Add(string item)'. [D:\Users\nair\Bureau\medcompa1, avant refactoring\MedCompanion\MedCompanion_lxuytueh_wpftmp.csproj]
D:\Users\nair\Bureau\medcompa1, avant refactoring\MedCompanion\Services\FormulaireAssistantService.cs(545,50): warning CS8604: Existence possible d'un argument de référence null pour le paramètre 'item' dans 'void List<string>.Add(string item)'. [D:\Users\nair\Bureau\medcompa1, avant refactoring\MedCompanion\MedCompanion_lxuytueh_wpftmp.csproj]
D:\Users\nair\Bureau\medcompa1, avant refactoring\MedCompanion\Services\PDFFormFillerService.cs(261,56): warning CS0618: 'PdfDocumentOpenMode.ReadOnly' est obsolète : 'ReadOnly is not implemented, use Import instead.' [D:\Users\nair\Bureau\medcompa1, avant refactoring\MedCompanion\MedCompanion_lxuytueh_wpftmp.csproj]
D:\Users\nair\Bureau\medcompa1, avant refactoring\MedCompanion\Services\MCCMatchingService.cs(238,88): warning CS8604: Existence possible d'un argument de référence null pour le paramètre 'patientContext' dans 'Task<(bool success, LetterAnalysisResult result, string? error)> PromptReformulationService.AnalyzeLetterRequestAsync(string userRequest, PatientContext patientContext = null)'. [D:\Users\nair\Bureau\medcompa1, avant refactoring\MedCompanion\MedCompanion_lxuytueh_wpftmp.csproj]
D:\Users\nair\Bureau\medcompa1, avant refactoring\MedCompanion\Services\MCCMatchingService.cs(243,28): warning CS8619: La nullabilité des types référence dans la valeur de type '(bool, MCCMatchResult?, string)' ne correspond pas au type cible '(bool success, MCCMatchResult result, string error)'. [D:\Users\nair\Bureau\medcompa1, avant refactoring\MedCompanion\MedCompanion_lxuytueh_wpftmp.csproj]
D:\Users\nair\Bureau\medcompa1, avant refactoring\MedCompanion\Services\MCCMatchingService.cs(300,28): warning CS8619: La nullabilité des types référence dans la valeur de type '(bool, MCCMatchResult, string?)' ne correspond pas au type cible '(bool success, MCCMatchResult result, string error)'. [D:\Users\nair\Bureau\medcompa1, avant refactoring\MedCompanion\MedCompanion_lxuytueh_wpftmp.csproj]
D:\Users\nair\Bureau\medcompa1, avant refactoring\MedCompanion\Services\MCCMatchingService.cs(343,28): warning CS8619: La nullabilité des types référence dans la valeur de type '(bool, MCCMatchResult, string?)' ne correspond pas au type cible '(bool success, MCCMatchResult result, string error)'. [D:\Users\nair\Bureau\medcompa1, avant refactoring\MedCompanion\MedCompanion_lxuytueh_wpftmp.csproj]
D:\Users\nair\Bureau\medcompa1, avant refactoring\MedCompanion\Services\MCCMatchingService.cs(356,28): warning CS8619: La nullabilité des types référence dans la valeur de type '(bool, MCCMatchResult, string?)' ne correspond pas au type cible '(bool success, MCCMatchResult result, string error)'. [D:\Users\nair\Bureau\medcompa1, avant refactoring\MedCompanion\MedCompanion_lxuytueh_wpftmp.csproj]
D:\Users\nair\Bureau\medcompa1, avant refactoring\MedCompanion\Services\MCCMatchingService.cs(368,24): warning CS8619: La nullabilité des types référence dans la valeur de type '(bool, MCCMatchResult?, string)' ne correspond pas au type cible '(bool success, MCCMatchResult result, string error)'. [D:\Users\nair\Bureau\medcompa1, avant refactoring\MedCompanion\MedCompanion_lxuytueh_wpftmp.csproj]
D:\Users\nair\Bureau\medcompa1, avant refactoring\MedCompanion\MainWindow.xaml.cs(1944,33): warning CS8602: Déréférencement d'une éventuelle référence null. [D:\Users\nair\Bureau\medcompa1, avant refactoring\MedCompanion\MedCompanion_lxuytueh_wpftmp.csproj]
D:\Users\nair\Bureau\medcompa1, avant refactoring\MedCompanion\MainWindow.xaml.cs(1936,28): warning CS1998: Cette méthode async n'a pas d'opérateur 'await' et elle s'exécutera de façon synchrone. Utilisez l'opérateur 'await' pour attendre les appels d'API non bloquants ou 'await Task.Run(…)' pour effectuer un travail utilisant le processeur sur un thread d'arrière-plan. [D:\Users\nair\Bureau\medcompa1, avant refactoring\MedCompanion\MedCompanion_lxuytueh_wpftmp.csproj]
D:\Users\nair\Bureau\medcompa1, avant refactoring\MedCompanion\MainWindow.xaml.cs(2067,28): warning CS8601: Existence possible d'une assignation de référence null. [D:\Users\nair\Bureau\medcompa1, avant refactoring\MedCompanion\MedCompanion_lxuytueh_wpftmp.csproj]
D:\Users\nair\Bureau\medcompa1, avant refactoring\MedCompanion\MainWindow.xaml.cs(2068,37): warning CS8601: Existence possible d'une assignation de référence null. [D:\Users\nair\Bureau\medcompa1, avant refactoring\MedCompanion\MedCompanion_lxuytueh_wpftmp.csproj]
D:\Users\nair\Bureau\medcompa1, avant refactoring\MedCompanion\MainWindow.xaml.cs(2075,28): warning CS8601: Existence possible d'une assignation de référence null. [D:\Users\nair\Bureau\medcompa1, avant refactoring\MedCompanion\MedCompanion_lxuytueh_wpftmp.csproj]
D:\Users\nair\Bureau\medcompa1, avant refactoring\MedCompanion\MainWindow.xaml.cs(2076,37): warning CS8601: Existence possible d'une assignation de référence null. [D:\Users\nair\Bureau\medcompa1, avant refactoring\MedCompanion\MedCompanion_lxuytueh_wpftmp.csproj]
D:\Users\nair\Bureau\medcompa1, avant refactoring\MedCompanion\ViewModels\NoteViewModel.cs(147,36): warning CS0067: L'événement 'NoteViewModel.NotesListRefreshRequested' n'est jamais utilisé [D:\Users\nair\Bureau\medcompa1, avant refactoring\MedCompanion\MedCompanion_lxuytueh_wpftmp.csproj]
D:\Users\nair\Bureau\medcompa1, avant refactoring\MedCompanion\Views\Ordonnances\OrdonnancesControl.xaml.cs(22,36): warning CS0067: L'événement 'OrdonnancesControl.OrdonnancesListRefreshRequested' n'est jamais utilisé [D:\Users\nair\Bureau\medcompa1, avant refactoring\MedCompanion\MedCompanion_lxuytueh_wpftmp.csproj]
D:\Users\nair\Bureau\medcompa1, avant refactoring\MedCompanion\ViewModels\AttestationViewModel.cs(39,44): warning CS0067: L'événement 'AttestationViewModel.FileDeleteRequested' n'est jamais utilisé [D:\Users\nair\Bureau\medcompa1, avant refactoring\MedCompanion\MedCompanion_lxuytueh_wpftmp.csproj]
D:\Users\nair\Bureau\medcompa1, avant refactoring\MedCompanion\MainWindow.Documents.cs(25,21): warning CS0414: Le champ 'MainWindow._lastGeneratedLetterRequest' est assigné, mais sa valeur n'est jamais utilisée [D:\Users\nair\Bureau\medcompa1, avant refactoring\MedCompanion\MedCompanion_lxuytueh_wpftmp.csproj]

ÉCHEC de la build.

D:\Users\nair\Bureau\medcompa1, avant refactoring\MedCompanion\ViewModels\AttestationViewModel.cs(136,23): warning CS0108: 'AttestationViewModel.StatusMessage' masque le membre hérité 'ViewModelBase.StatusMessage'. Utilisez le mot clé new si le masquage est intentionnel. [D:\Users\nair\Bureau\medcompa1, avant refactoring\MedCompanion\MedCompanion_lxuytueh_wpftmp.csproj]
D:\Users\nair\Bureau\medcompa1, avant refactoring\MedCompanion\Services\MCCMatchingService.cs(219,45): warning CS8625: Impossible de convertir un littéral ayant une valeur null en type référence non-nullable. [D:\Users\nair\Bureau\medcompa1, avant refactoring\MedCompanion\MedCompanion_lxuytueh_wpftmp.csproj]
D:\Users\nair\Bureau\medcompa1, avant refactoring\MedCompanion\Dialogs\CreateLetterWithAIDialog.xaml.cs(34,45): warning CS8625: Impossible de convertir un littéral ayant une valeur null en type référence non-nullable. [D:\Users\nair\Bureau\medcompa1, avant refactoring\MedCompanion\MedCompanion_lxuytueh_wpftmp.csproj]
D:\Users\nair\Bureau\medcompa1, avant refactoring\MedCompanion\Services\PromptReformulationService.cs(109,52): warning CS8625: Impossible de convertir un littéral ayant une valeur null en type référence non-nullable. [D:\Users\nair\Bureau\medcompa1, avant refactoring\MedCompanion\MedCompanion_lxuytueh_wpftmp.csproj]
D:\Users\nair\Bureau\medcompa1, avant refactoring\MedCompanion\LetterService.cs(34,16): warning CS8618: Le champ « _cachedSystemPrompt » non-nullable doit contenir une valeur autre que Null lors de la fermeture du constructeur. Envisagez d’ajouter le modificateur « required » ou de déclarer le champ comme pouvant accepter la valeur Null. [D:\Users\nair\Bureau\medcompa1, avant refactoring\MedCompanion\MedCompanion_lxuytueh_wpftmp.csproj]
D:\Users\nair\Bureau\medcompa1, avant refactoring\MedCompanion\LetterService.cs(34,16): warning CS8618: Le champ « _cachedLetterWithContextPrompt » non-nullable doit contenir une valeur autre que Null lors de la fermeture du constructeur. Envisagez d’ajouter le modificateur « required » ou de déclarer le champ comme pouvant accepter la valeur Null. [D:\Users\nair\Bureau\medcompa1, avant refactoring\MedCompanion\MedCompanion_lxuytueh_wpftmp.csproj]
D:\Users\nair\Bureau\medcompa1, avant refactoring\MedCompanion\LetterService.cs(34,16): warning CS8618: Le champ « _cachedLetterNoContextPrompt » non-nullable doit contenir une valeur autre que Null lors de la fermeture du constructeur. Envisagez d’ajouter le modificateur « required » ou de déclarer le champ comme pouvant accepter la valeur Null. [D:\Users\nair\Bureau\medcompa1, avant refactoring\MedCompanion\MedCompanion_lxuytueh_wpftmp.csproj]
D:\Users\nair\Bureau\medcompa1, avant refactoring\MedCompanion\LetterService.cs(34,16): warning CS8618: Le champ « _cachedTemplateAdaptationPrompt » non-nullable doit contenir une valeur autre que Null lors de la fermeture du constructeur. Envisagez d’ajouter le modificateur « required » ou de déclarer le champ comme pouvant accepter la valeur Null. [D:\Users\nair\Bureau\medcompa1, avant refactoring\MedCompanion\MedCompanion_lxuytueh_wpftmp.csproj]
D:\Users\nair\Bureau\medcompa1, avant refactoring\MedCompanion\Dialogs\CreateLetterWithAIDialog.xaml.cs(16,25): warning CS8618: Le propriété « SelectedMCC » non-nullable doit contenir une valeur autre que Null lors de la fermeture du constructeur. Envisagez d’ajouter le modificateur « required » ou de déclarer le propriété comme pouvant accepter la valeur Null. [D:\Users\nair\Bureau\medcompa1, avant refactoring\MedCompanion\MedCompanion_lxuytueh_wpftmp.csproj]
D:\Users\nair\Bureau\medcompa1, avant refactoring\MedCompanion\Dialogs\CreateLetterWithAIDialog.xaml.cs(17,23): warning CS8618: Le propriété « UserRequest » non-nullable doit contenir une valeur autre que Null lors de la fermeture du constructeur. Envisagez d’ajouter le modificateur « required » ou de déclarer le propriété comme pouvant accepter la valeur Null. [D:\Users\nair\Bureau\medcompa1, avant refactoring\MedCompanion\MedCompanion_lxuytueh_wpftmp.csproj]
D:\Users\nair\Bureau\medcompa1, avant refactoring\MedCompanion\Dialogs\CreateLetterWithAIDialog.xaml.cs(18,37): warning CS8618: Le propriété « Analysis » non-nullable doit contenir une valeur autre que Null lors de la fermeture du constructeur. Envisagez d’ajouter le modificateur « required » ou de déclarer le propriété comme pouvant accepter la valeur Null. [D:\Users\nair\Bureau\medcompa1, avant refactoring\MedCompanion\MedCompanion_lxuytueh_wpftmp.csproj]
D:\Users\nair\Bureau\medcompa1, avant refactoring\MedCompanion\Models\SemanticAnalysis.cs(181,24): warning CS8618: Le champ « _semanticConfidence » non-nullable doit contenir une valeur autre que Null lors de la fermeture du constructeur. Envisagez d’ajouter le modificateur « required » ou de déclarer le champ comme pouvant accepter la valeur Null. [D:\Users\nair\Bureau\medcompa1, avant refactoring\MedCompanion\MedCompanion_lxuytueh_wpftmp.csproj]
D:\Users\nair\Bureau\medcompa1, avant refactoring\MedCompanion\Models\SemanticAnalysis.cs(219,23): warning CS8618: Le propriété « DetectedLanguage » non-nullable doit contenir une valeur autre que Null lors de la fermeture du constructeur. Envisagez d’ajouter le modificateur « required » ou de déclarer le propriété comme pouvant accepter la valeur Null. [D:\Users\nair\Bureau\medcompa1, avant refactoring\MedCompanion\MedCompanion_lxuytueh_wpftmp.csproj]
D:\Users\nair\Bureau\medcompa1, avant refactoring\MedCompanion\Models\SemanticAnalysis.cs(225,23): warning CS8618: Le propriété « Source » non-nullable doit contenir une valeur autre que Null lors de la fermeture du constructeur. Envisagez d’ajouter le modificateur « required » ou de déclarer le propriété comme pouvant accepter la valeur Null. [D:\Users\nair\Bureau\medcompa1, avant refactoring\MedCompanion\MedCompanion_lxuytueh_wpftmp.csproj]
D:\Users\nair\Bureau\medcompa1, avant refactoring\MedCompanion\Models\SemanticAnalysis.cs(144,23): warning CS8618: Le propriété « Longueur » non-nullable doit contenir une valeur autre que Null lors de la fermeture du constructeur. Envisagez d’ajouter le modificateur « required » ou de déclarer le propriété comme pouvant accepter la valeur Null. [D:\Users\nair\Bureau\medcompa1, avant refactoring\MedCompanion\MedCompanion_lxuytueh_wpftmp.csproj]
D:\Users\nair\Bureau\medcompa1, avant refactoring\MedCompanion\Models\SemanticAnalysis.cs(146,24): warning CS8618: Le champ « _phrasesMoyennes » non-nullable doit contenir une valeur autre que Null lors de la fermeture du constructeur. Envisagez d’ajouter le modificateur « required » ou de déclarer le champ comme pouvant accepter la valeur Null. [D:\Users\nair\Bureau\medcompa1, avant refactoring\MedCompanion\MedCompanion_lxuytueh_wpftmp.csproj]
D:\Users\nair\Bureau\medcompa1, avant refactoring\MedCompanion\Models\SemanticAnalysis.cs(167,23): warning CS8618: Le propriété « PhrasesMoyennes » non-nullable doit contenir une valeur autre que Null lors de la fermeture du constructeur. Envisagez d’ajouter le modificateur « required » ou de déclarer le propriété comme pouvant accepter la valeur Null. [D:\Users\nair\Bureau\medcompa1, avant refactoring\MedCompanion\MedCompanion_lxuytueh_wpftmp.csproj]
D:\Users\nair\Bureau\medcompa1, avant refactoring\MedCompanion\Models\SemanticAnalysis.cs(173,23): warning CS8618: Le propriété « StructureRichesse » non-nullable doit contenir une valeur autre que Null lors de la fermeture du constructeur. Envisagez d’ajouter le modificateur « required » ou de déclarer le propriété comme pouvant accepter la valeur Null. [D:\Users\nair\Bureau\medcompa1, avant refactoring\MedCompanion\MedCompanion_lxuytueh_wpftmp.csproj]
D:\Users\nair\Bureau\medcompa1, avant refactoring\MedCompanion\OpenAIService.cs(25,16): warning CS8618: Le champ « _cachedSystemPrompt » non-nullable doit contenir une valeur autre que Null lors de la fermeture du constructeur. Envisagez d’ajouter le modificateur « required » ou de déclarer le champ comme pouvant accepter la valeur Null. [D:\Users\nair\Bureau\medcompa1, avant refactoring\MedCompanion\MedCompanion_lxuytueh_wpftmp.csproj]
D:\Users\nair\Bureau\medcompa1, avant refactoring\MedCompanion\OpenAIService.cs(25,16): warning CS8618: Le champ « _cachedNoteStructurationPrompt » non-nullable doit contenir une valeur autre que Null lors de la fermeture du constructeur. Envisagez d’ajouter le modificateur « required » ou de déclarer le champ comme pouvant accepter la valeur Null. [D:\Users\nair\Bureau\medcompa1, avant refactoring\MedCompanion\MedCompanion_lxuytueh_wpftmp.csproj]
D:\Users\nair\Bureau\medcompa1, avant refactoring\MedCompanion\OpenAIService.cs(25,16): warning CS8618: Le champ « _cachedChatInteractionPrompt » non-nullable doit contenir une valeur autre que Null lors de la fermeture du constructeur. Envisagez d’ajouter le modificateur « required » ou de déclarer le champ comme pouvant accepter la valeur Null. [D:\Users\nair\Bureau\medcompa1, avant refactoring\MedCompanion\MedCompanion_lxuytueh_wpftmp.csproj]
D:\Users\nair\Bureau\medcompa1, avant refactoring\MedCompanion\Models\SemanticAnalysis.cs(101,16): warning CS8618: Le propriété « DocType » non-nullable doit contenir une valeur autre que Null lors de la fermeture du constructeur. Envisagez d’ajouter le modificateur « required » ou de déclarer le propriété comme pouvant accepter la valeur Null. [D:\Users\nair\Bureau\medcompa1, avant refactoring\MedCompanion\MedCompanion_lxuytueh_wpftmp.csproj]
D:\Users\nair\Bureau\medcompa1, avant refactoring\MedCompanion\Models\SemanticAnalysis.cs(101,16): warning CS8618: Le propriété « Public » non-nullable doit contenir une valeur autre que Null lors de la fermeture du constructeur. Envisagez d’ajouter le modificateur « required » ou de déclarer le propriété comme pouvant accepter la valeur Null. [D:\Users\nair\Bureau\medcompa1, avant refactoring\MedCompanion\MedCompanion_lxuytueh_wpftmp.csproj]
D:\Users\nair\Bureau\medcompa1, avant refactoring\MedCompanion\Models\SemanticAnalysis.cs(101,16): warning CS8618: Le propriété « Tone » non-nullable doit contenir une valeur autre que Null lors de la fermeture du constructeur. Envisagez d’ajouter le modificateur « required » ou de déclarer le propriété comme pouvant accepter la valeur Null. [D:\Users\nair\Bureau\medcompa1, avant refactoring\MedCompanion\MedCompanion_lxuytueh_wpftmp.csproj]
D:\Users\nair\Bureau\medcompa1, avant refactoring\MedCompanion\Models\SemanticAnalysis.cs(101,16): warning CS8618: Le propriété « AgeGroup » non-nullable doit contenir une valeur autre que Null lors de la fermeture du constructeur. Envisagez d’ajouter le modificateur « required » ou de déclarer le propriété comme pouvant accepter la valeur Null. [D:\Users\nair\Bureau\medcompa1, avant refactoring\MedCompanion\MedCompanion_lxuytueh_wpftmp.csproj]
D:\Users\nair\Bureau\medcompa1, avant refactoring\MedCompanion\Models\SemanticAnalysis.cs(101,16): warning CS8618: Le propriété « DetailLevel » non-nullable doit contenir une valeur autre que Null lors de la fermeture du constructeur. Envisagez d’ajouter le modificateur « required » ou de déclarer le propriété comme pouvant accepter la valeur Null. [D:\Users\nair\Bureau\medcompa1, avant refactoring\MedCompanion\MedCompanion_lxuytueh_wpftmp.csproj]
D:\Users\nair\Bureau\medcompa1, avant refactoring\MedCompanion\Models\SemanticAnalysis.cs(101,16): warning CS8618: Le propriété « ContextSummary » non-nullable doit contenir une valeur autre que Null lors de la fermeture du constructeur. Envisagez d’ajouter le modificateur « required » ou de déclarer le propriété comme pouvant accepter la valeur Null. [D:\Users\nair\Bureau\medcompa1, avant refactoring\MedCompanion\MedCompanion_lxuytueh_wpftmp.csproj]
D:\Users\nair\Bureau\medcompa1, avant refactoring\MedCompanion\Models\GenerationFeedback.cs(54,16): warning CS8618: Le propriété « GenerationId » non-nullable doit contenir une valeur autre que Null lors de la fermeture du constructeur. Envisagez d’ajouter le modificateur « required » ou de déclarer le propriété comme pouvant accepter la valeur Null. [D:\Users\nair\Bureau\medcompa1, avant refactoring\MedCompanion\MedCompanion_lxuytueh_wpftmp.csproj]
D:\Users\nair\Bureau\medcompa1, avant refactoring\MedCompanion\Models\GenerationFeedback.cs(54,16): warning CS8618: Le propriété « MCCUsed » non-nullable doit contenir une valeur autre que Null lors de la fermeture du constructeur. Envisagez d’ajouter le modificateur « required » ou de déclarer le propriété comme pouvant accepter la valeur Null. [D:\Users\nair\Bureau\medcompa1, avant refactoring\MedCompanion\MedCompanion_lxuytueh_wpftmp.csproj]
D:\Users\nair\Bureau\medcompa1, avant refactoring\MedCompanion\Models\GenerationFeedback.cs(54,16): warning CS8618: Le propriété « Comment » non-nullable doit contenir une valeur autre que Null lors de la fermeture du constructeur. Envisagez d’ajouter le modificateur « required » ou de déclarer le propriété comme pouvant accepter la valeur Null. [D:\Users\nair\Bureau\medcompa1, avant refactoring\MedCompanion\MedCompanion_lxuytueh_wpftmp.csproj]
D:\Users\nair\Bureau\medcompa1, avant refactoring\MedCompanion\Models\GenerationFeedback.cs(54,16): warning CS8618: Le propriété « PatientContext » non-nullable doit contenir une valeur autre que Null lors de la fermeture du constructeur. Envisagez d’ajouter le modificateur « required » ou de déclarer le propriété comme pouvant accepter la valeur Null. [D:\Users\nair\Bureau\medcompa1, avant refactoring\MedCompanion\MedCompanion_lxuytueh_wpftmp.csproj]
D:\Users\nair\Bureau\medcompa1, avant refactoring\MedCompanion\Models\GenerationFeedback.cs(63,16): warning CS8618: Le propriété « Comment » non-nullable doit contenir une valeur autre que Null lors de la fermeture du constructeur. Envisagez d’ajouter le modificateur « required » ou de déclarer le propriété comme pouvant accepter la valeur Null. [D:\Users\nair\Bureau\medcompa1, avant refactoring\MedCompanion\MedCompanion_lxuytueh_wpftmp.csproj]
D:\Users\nair\Bureau\medcompa1, avant refactoring\MedCompanion\Models\GenerationFeedback.cs(63,16): warning CS8618: Le propriété « PatientContext » non-nullable doit contenir une valeur autre que Null lors de la fermeture du constructeur. Envisagez d’ajouter le modificateur « required » ou de déclarer le propriété comme pouvant accepter la valeur Null. [D:\Users\nair\Bureau\medcompa1, avant refactoring\MedCompanion\MedCompanion_lxuytueh_wpftmp.csproj]
D:\Users\nair\Bureau\medcompa1, avant refactoring\MedCompanion\Dialogs\CreateLetterWithAIDialog.xaml.cs(192,43): warning CS8625: Impossible de convertir un littéral ayant une valeur null en type référence non-nullable. [D:\Users\nair\Bureau\medcompa1, avant refactoring\MedCompanion\MedCompanion_lxuytueh_wpftmp.csproj]
D:\Users\nair\Bureau\medcompa1, avant refactoring\MedCompanion\Models\MCCModel.cs(115,16): warning CS8618: Le propriété « Id » non-nullable doit contenir une valeur autre que Null lors de la fermeture du constructeur. Envisagez d’ajouter le modificateur « required » ou de déclarer le propriété comme pouvant accepter la valeur Null. [D:\Users\nair\Bureau\medcompa1, avant refactoring\MedCompanion\MedCompanion_lxuytueh_wpftmp.csproj]
D:\Users\nair\Bureau\medcompa1, avant refactoring\MedCompanion\Models\MCCModel.cs(115,16): warning CS8618: Le propriété « Name » non-nullable doit contenir une valeur autre que Null lors de la fermeture du constructeur. Envisagez d’ajouter le modificateur « required » ou de déclarer le propriété comme pouvant accepter la valeur Null. [D:\Users\nair\Bureau\medcompa1, avant refactoring\MedCompanion\MedCompanion_lxuytueh_wpftmp.csproj]
D:\Users\nair\Bureau\medcompa1, avant refactoring\MedCompanion\Models\MCCModel.cs(115,16): warning CS8618: Le propriété « Semantic » non-nullable doit contenir une valeur autre que Null lors de la fermeture du constructeur. Envisagez d’ajouter le modificateur « required » ou de déclarer le propriété comme pouvant accepter la valeur Null. [D:\Users\nair\Bureau\medcompa1, avant refactoring\MedCompanion\MedCompanion_lxuytueh_wpftmp.csproj]
D:\Users\nair\Bureau\medcompa1, avant refactoring\MedCompanion\Models\MCCMatchResult.cs(92,31): warning CS8625: Impossible de convertir un littéral ayant une valeur null en type référence non-nullable. [D:\Users\nair\Bureau\medcompa1, avant refactoring\MedCompanion\MedCompanion_lxuytueh_wpftmp.csproj]
D:\Users\nair\Bureau\medcompa1, avant refactoring\MedCompanion\Models\MCCMatchResult.cs(20,25): warning CS8618: Le propriété « SelectedMCC » non-nullable doit contenir une valeur autre que Null lors de la fermeture du constructeur. Envisagez d’ajouter le modificateur « required » ou de déclarer le propriété comme pouvant accepter la valeur Null. [D:\Users\nair\Bureau\medcompa1, avant refactoring\MedCompanion\MedCompanion_lxuytueh_wpftmp.csproj]
D:\Users\nair\Bureau\medcompa1, avant refactoring\MedCompanion\Models\MCCMatchResult.cs(35,37): warning CS8618: Le propriété « Analysis » non-nullable doit contenir une valeur autre que Null lors de la fermeture du constructeur. Envisagez d’ajouter le modificateur « required » ou de déclarer le propriété comme pouvant accepter la valeur Null. [D:\Users\nair\Bureau\medcompa1, avant refactoring\MedCompanion\MedCompanion_lxuytueh_wpftmp.csproj]
D:\Users\nair\Bureau\medcompa1, avant refactoring\MedCompanion\Models\MCCMatchResult.cs(55,23): warning CS8618: Le propriété « FailureReason » non-nullable doit contenir une valeur autre que Null lors de la fermeture du constructeur. Envisagez d’ajouter le modificateur « required » ou de déclarer le propriété comme pouvant accepter la valeur Null. [D:\Users\nair\Bureau\medcompa1, avant refactoring\MedCompanion\MedCompanion_lxuytueh_wpftmp.csproj]
D:\Users\nair\Bureau\medcompa1, avant refactoring\MedCompanion\Dialogs\PatientListDialog.xaml.cs(54,51): warning CS1998: Cette méthode async n'a pas d'opérateur 'await' et elle s'exécutera de façon synchrone. Utilisez l'opérateur 'await' pour attendre les appels d'API non bloquants ou 'await Task.Run(…)' pour effectuer un travail utilisant le processeur sur un thread d'arrière-plan. [D:\Users\nair\Bureau\medcompa1, avant refactoring\MedCompanion\MedCompanion_lxuytueh_wpftmp.csproj]
D:\Users\nair\Bureau\medcompa1, avant refactoring\MedCompanion\Services\TemplateExtractorService.cs(200,24): warning CS8619: La nullabilité des types référence dans la valeur de type '(bool, SemanticAnalysis?, string)' ne correspond pas au type cible '(bool success, SemanticAnalysis analysis, string error)'. [D:\Users\nair\Bureau\medcompa1, avant refactoring\MedCompanion\MedCompanion_lxuytueh_wpftmp.csproj]
D:\Users\nair\Bureau\medcompa1, avant refactoring\MedCompanion\Services\TemplateExtractorService.cs(283,28): warning CS8619: La nullabilité des types référence dans la valeur de type '(bool, SemanticAnalysis?, string result)' ne correspond pas au type cible '(bool success, SemanticAnalysis analysis, string error)'. [D:\Users\nair\Bureau\medcompa1, avant refactoring\MedCompanion\MedCompanion_lxuytueh_wpftmp.csproj]
D:\Users\nair\Bureau\medcompa1, avant refactoring\MedCompanion\Services\TemplateExtractorService.cs(312,28): warning CS8619: La nullabilité des types référence dans la valeur de type '(bool, SemanticAnalysis?, string)' ne correspond pas au type cible '(bool success, SemanticAnalysis analysis, string error)'. [D:\Users\nair\Bureau\medcompa1, avant refactoring\MedCompanion\MedCompanion_lxuytueh_wpftmp.csproj]
D:\Users\nair\Bureau\medcompa1, avant refactoring\MedCompanion\Services\TemplateExtractorService.cs(319,24): warning CS8619: La nullabilité des types référence dans la valeur de type '(bool, SemanticAnalysis?, string)' ne correspond pas au type cible '(bool success, SemanticAnalysis analysis, string error)'. [D:\Users\nair\Bureau\medcompa1, avant refactoring\MedCompanion\MedCompanion_lxuytueh_wpftmp.csproj]
D:\Users\nair\Bureau\medcompa1, avant refactoring\MedCompanion\Services\TemplateExtractorService.cs(323,24): warning CS8619: La nullabilité des types référence dans la valeur de type '(bool, SemanticAnalysis?, string)' ne correspond pas au type cible '(bool success, SemanticAnalysis analysis, string error)'. [D:\Users\nair\Bureau\medcompa1, avant refactoring\MedCompanion\MedCompanion_lxuytueh_wpftmp.csproj]
D:\Users\nair\Bureau\medcompa1, avant refactoring\MedCompanion\Services\TemplateExtractorService.cs(337,24): warning CS8619: La nullabilité des types référence dans la valeur de type '(bool, Dictionary<string, string>?, string)' ne correspond pas au type cible '(bool success, Dictionary<string, string> sections, string error)'. [D:\Users\nair\Bureau\medcompa1, avant refactoring\MedCompanion\MedCompanion_lxuytueh_wpftmp.csproj]
D:\Users\nair\Bureau\medcompa1, avant refactoring\MedCompanion\Services\TemplateExtractorService.cs(386,28): warning CS8619: La nullabilité des types référence dans la valeur de type '(bool, Dictionary<string, string>?, string result)' ne correspond pas au type cible '(bool success, Dictionary<string, string> sections, string error)'. [D:\Users\nair\Bureau\medcompa1, avant refactoring\MedCompanion\MedCompanion_lxuytueh_wpftmp.csproj]
D:\Users\nair\Bureau\medcompa1, avant refactoring\MedCompanion\Services\TemplateExtractorService.cs(424,28): warning CS8619: La nullabilité des types référence dans la valeur de type '(bool, Dictionary<string, string>?, string)' ne correspond pas au type cible '(bool success, Dictionary<string, string> sections, string error)'. [D:\Users\nair\Bureau\medcompa1, avant refactoring\MedCompanion\MedCompanion_lxuytueh_wpftmp.csproj]
D:\Users\nair\Bureau\medcompa1, avant refactoring\MedCompanion\Services\TemplateExtractorService.cs(431,24): warning CS8619: La nullabilité des types référence dans la valeur de type '(bool, Dictionary<string, string>?, string)' ne correspond pas au type cible '(bool success, Dictionary<string, string> sections, string error)'. [D:\Users\nair\Bureau\medcompa1, avant refactoring\MedCompanion\MedCompanion_lxuytueh_wpftmp.csproj]
D:\Users\nair\Bureau\medcompa1, avant refactoring\MedCompanion\Services\TemplateExtractorService.cs(435,24): warning CS8619: La nullabilité des types référence dans la valeur de type '(bool, Dictionary<string, string>?, string)' ne correspond pas au type cible '(bool success, Dictionary<string, string> sections, string error)'. [D:\Users\nair\Bureau\medcompa1, avant refactoring\MedCompanion\MedCompanion_lxuytueh_wpftmp.csproj]
D:\Users\nair\Bureau\medcompa1, avant refactoring\MedCompanion\Services\TemplateExtractorService.cs(448,24): warning CS8619: La nullabilité des types référence dans la valeur de type '(bool, MCCModel?, string)' ne correspond pas au type cible '(bool success, MCCModel mcc, string error)'. [D:\Users\nair\Bureau\medcompa1, avant refactoring\MedCompanion\MedCompanion_lxuytueh_wpftmp.csproj]
D:\Users\nair\Bureau\medcompa1, avant refactoring\MedCompanion\Services\TemplateExtractorService.cs(460,28): warning CS8619: La nullabilité des types référence dans la valeur de type '(bool, MCCModel?, string)' ne correspond pas au type cible '(bool success, MCCModel mcc, string error)'. [D:\Users\nair\Bureau\medcompa1, avant refactoring\MedCompanion\MedCompanion_lxuytueh_wpftmp.csproj]
D:\Users\nair\Bureau\medcompa1, avant refactoring\MedCompanion\Services\TemplateExtractorService.cs(470,28): warning CS8619: La nullabilité des types référence dans la valeur de type '(bool, MCCModel?, string)' ne correspond pas au type cible '(bool success, MCCModel mcc, string error)'. [D:\Users\nair\Bureau\medcompa1, avant refactoring\MedCompanion\MedCompanion_lxuytueh_wpftmp.csproj]
D:\Users\nair\Bureau\medcompa1, avant refactoring\MedCompanion\Services\TemplateExtractorService.cs(480,28): warning CS8619: La nullabilité des types référence dans la valeur de type '(bool, MCCModel?, string)' ne correspond pas au type cible '(bool success, MCCModel mcc, string error)'. [D:\Users\nair\Bureau\medcompa1, avant refactoring\MedCompanion\MedCompanion_lxuytueh_wpftmp.csproj]
D:\Users\nair\Bureau\medcompa1, avant refactoring\MedCompanion\Services\TemplateExtractorService.cs(508,24): warning CS8619: La nullabilité des types référence dans la valeur de type '(bool, MCCModel?, string)' ne correspond pas au type cible '(bool success, MCCModel mcc, string error)'. [D:\Users\nair\Bureau\medcompa1, avant refactoring\MedCompanion\MedCompanion_lxuytueh_wpftmp.csproj]
D:\Users\nair\Bureau\medcompa1, avant refactoring\MedCompanion\MainWindow.LLM.cs(199,76): warning CS8604: Existence possible d'un argument de référence null pour le paramètre 'providerName' dans 'Task<(bool success, string message)> LLMServiceFactory.SwitchProviderAsync(string providerName, string? modelName = null)'. [D:\Users\nair\Bureau\medcompa1, avant refactoring\MedCompanion\MedCompanion_lxuytueh_wpftmp.csproj]
D:\Users\nair\Bureau\medcompa1, avant refactoring\MedCompanion\Services\AttestationService.cs(29,16): warning CS8618: Le champ « _cachedAttestationPrompt » non-nullable doit contenir une valeur autre que Null lors de la fermeture du constructeur. Envisagez d’ajouter le modificateur « required » ou de déclarer le champ comme pouvant accepter la valeur Null. [D:\Users\nair\Bureau\medcompa1, avant refactoring\MedCompanion\MedCompanion_lxuytueh_wpftmp.csproj]
D:\Users\nair\Bureau\medcompa1, avant refactoring\MedCompanion\Services\AttestationService.cs(29,16): warning CS8618: Le champ « _cachedSystemPrompt » non-nullable doit contenir une valeur autre que Null lors de la fermeture du constructeur. Envisagez d’ajouter le modificateur « required » ou de déclarer le champ comme pouvant accepter la valeur Null. [D:\Users\nair\Bureau\medcompa1, avant refactoring\MedCompanion\MedCompanion_lxuytueh_wpftmp.csproj]
D:\Users\nair\Bureau\medcompa1, avant refactoring\MedCompanion\Services\BDPMService.cs(47,55): warning CS1998: Cette méthode async n'a pas d'opérateur 'await' et elle s'exécutera de façon synchrone. Utilisez l'opérateur 'await' pour attendre les appels d'API non bloquants ou 'await Task.Run(…)' pour effectuer un travail utilisant le processeur sur un thread d'arrière-plan. [D:\Users\nair\Bureau\medcompa1, avant refactoring\MedCompanion\MedCompanion_lxuytueh_wpftmp.csproj]
D:\Users\nair\Bureau\medcompa1, avant refactoring\MedCompanion\Services\RichTextBoxService.cs(31,30): warning CS0168: La variable 'ex' est déclarée, mais jamais utilisée [D:\Users\nair\Bureau\medcompa1, avant refactoring\MedCompanion\MedCompanion_lxuytueh_wpftmp.csproj]
D:\Users\nair\Bureau\medcompa1, avant refactoring\MedCompanion\Services\RichTextBoxService.cs(126,30): warning CS0168: La variable 'ex' est déclarée, mais jamais utilisée [D:\Users\nair\Bureau\medcompa1, avant refactoring\MedCompanion\MedCompanion_lxuytueh_wpftmp.csproj]
D:\Users\nair\Bureau\medcompa1, avant refactoring\MedCompanion\ViewModels\AttestationViewModel.cs(360,26): warning CS0219: La variable 'dialogAccepted' est assignée, mais sa valeur n'est jamais utilisée [D:\Users\nair\Bureau\medcompa1, avant refactoring\MedCompanion\MedCompanion_lxuytueh_wpftmp.csproj]
D:\Users\nair\Bureau\medcompa1, avant refactoring\MedCompanion\ViewModels\AttestationViewModel.cs(334,28): warning CS1998: Cette méthode async n'a pas d'opérateur 'await' et elle s'exécutera de façon synchrone. Utilisez l'opérateur 'await' pour attendre les appels d'API non bloquants ou 'await Task.Run(…)' pour effectuer un travail utilisant le processeur sur un thread d'arrière-plan. [D:\Users\nair\Bureau\medcompa1, avant refactoring\MedCompanion\MedCompanion_lxuytueh_wpftmp.csproj]
D:\Users\nair\Bureau\medcompa1, avant refactoring\MedCompanion\Services\RichTextBoxService.cs(193,30): warning CS0168: La variable 'ex' est déclarée, mais jamais utilisée [D:\Users\nair\Bureau\medcompa1, avant refactoring\MedCompanion\MedCompanion_lxuytueh_wpftmp.csproj]
D:\Users\nair\Bureau\medcompa1, avant refactoring\MedCompanion\ViewModels\AttestationViewModel.cs(488,28): warning CS1998: Cette méthode async n'a pas d'opérateur 'await' et elle s'exécutera de façon synchrone. Utilisez l'opérateur 'await' pour attendre les appels d'API non bloquants ou 'await Task.Run(…)' pour effectuer un travail utilisant le processeur sur un thread d'arrière-plan. [D:\Users\nair\Bureau\medcompa1, avant refactoring\MedCompanion\MedCompanion_lxuytueh_wpftmp.csproj]
D:\Users\nair\Bureau\medcompa1, avant refactoring\MedCompanion\ViewModels\AttestationViewModel.cs(554,28): warning CS1998: Cette méthode async n'a pas d'opérateur 'await' et elle s'exécutera de façon synchrone. Utilisez l'opérateur 'await' pour attendre les appels d'API non bloquants ou 'await Task.Run(…)' pour effectuer un travail utilisant le processeur sur un thread d'arrière-plan. [D:\Users\nair\Bureau\medcompa1, avant refactoring\MedCompanion\MedCompanion_lxuytueh_wpftmp.csproj]
D:\Users\nair\Bureau\medcompa1, avant refactoring\MedCompanion\Services\PromptReformulationService.cs(112,24): warning CS8619: La nullabilité des types référence dans la valeur de type '(bool, LetterAnalysisResult?, string)' ne correspond pas au type cible '(bool success, LetterAnalysisResult result, string? error)'. [D:\Users\nair\Bureau\medcompa1, avant refactoring\MedCompanion\MedCompanion_lxuytueh_wpftmp.csproj]
D:\Users\nair\Bureau\medcompa1, avant refactoring\MedCompanion\Services\PromptReformulationService.cs(190,28): warning CS8619: La nullabilité des types référence dans la valeur de type '(bool, LetterAnalysisResult?, string)' ne correspond pas au type cible '(bool success, LetterAnalysisResult result, string? error)'. [D:\Users\nair\Bureau\medcompa1, avant refactoring\MedCompanion\MedCompanion_lxuytueh_wpftmp.csproj]
D:\Users\nair\Bureau\medcompa1, avant refactoring\MedCompanion\Services\PromptReformulationService.cs(208,32): warning CS8619: La nullabilité des types référence dans la valeur de type '(bool, LetterAnalysisResult?, string)' ne correspond pas au type cible '(bool success, LetterAnalysisResult result, string? error)'. [D:\Users\nair\Bureau\medcompa1, avant refactoring\MedCompanion\MedCompanion_lxuytueh_wpftmp.csproj]
D:\Users\nair\Bureau\medcompa1, avant refactoring\MedCompanion\Services\PromptReformulationService.cs(233,24): warning CS8619: La nullabilité des types référence dans la valeur de type '(bool, LetterAnalysisResult?, string)' ne correspond pas au type cible '(bool success, LetterAnalysisResult result, string? error)'. [D:\Users\nair\Bureau\medcompa1, avant refactoring\MedCompanion\MedCompanion_lxuytueh_wpftmp.csproj]
D:\Users\nair\Bureau\medcompa1, avant refactoring\MedCompanion\MainWindow.xaml.cs(313,47): warning CS8622: La nullabilité des types référence dans le type du paramètre 'sender' de 'void MainWindow.OnNoteStatusChanged(object sender, string message)' ne correspond pas au délégué cible 'EventHandler<string>' (probablement en raison des attributs de nullabilité). [D:\Users\nair\Bureau\medcompa1, avant refactoring\MedCompanion\MedCompanion_lxuytueh_wpftmp.csproj]
D:\Users\nair\Bureau\medcompa1, avant refactoring\MedCompanion\MainWindow.xaml.cs(314,44): warning CS8622: La nullabilité des types référence dans le type du paramètre 'sender' de 'void MainWindow.OnNoteContentLoaded(object sender, (string filePath, string content) data)' ne correspond pas au délégué cible 'EventHandler<(string filePath, string content)>' (probablement en raison des attributs de nullabilité). [D:\Users\nair\Bureau\medcompa1, avant refactoring\MedCompanion\MedCompanion_lxuytueh_wpftmp.csproj]
D:\Users\nair\Bureau\medcompa1, avant refactoring\MedCompanion\MainWindow.xaml.cs(315,41): warning CS8622: La nullabilité des types référence dans le type du paramètre 'sender' de 'void MainWindow.OnNoteStructured(object sender, string markdown)' ne correspond pas au délégué cible 'EventHandler<string>' (probablement en raison des attributs de nullabilité). [D:\Users\nair\Bureau\medcompa1, avant refactoring\MedCompanion\MedCompanion_lxuytueh_wpftmp.csproj]
D:\Users\nair\Bureau\medcompa1, avant refactoring\MedCompanion\MainWindow.xaml.cs(316,44): warning CS8622: La nullabilité des types référence dans le type du paramètre 'sender' de 'void MainWindow.OnNoteSaveRequested(object sender, string? filePath)' ne correspond pas au délégué cible 'EventHandler<string?>' (probablement en raison des attributs de nullabilité). [D:\Users\nair\Bureau\medcompa1, avant refactoring\MedCompanion\MedCompanion_lxuytueh_wpftmp.csproj]
D:\Users\nair\Bureau\medcompa1, avant refactoring\MedCompanion\MainWindow.xaml.cs(317,46): warning CS8622: La nullabilité des types référence dans le type du paramètre 'sender' de 'void MainWindow.OnNoteDeleteRequested(object sender, string filePath)' ne correspond pas au délégué cible 'EventHandler<string>' (probablement en raison des attributs de nullabilité). [D:\Users\nair\Bureau\medcompa1, avant refactoring\MedCompanion\MedCompanion_lxuytueh_wpftmp.csproj]
D:\Users\nair\Bureau\medcompa1, avant refactoring\MedCompanion\MainWindow.xaml.cs(318,52): warning CS8622: La nullabilité des types référence dans le type du paramètre 'sender' de 'void MainWindow.OnNotesListRefreshRequested(object sender, EventArgs e)' ne correspond pas au délégué cible 'EventHandler' (probablement en raison des attributs de nullabilité). [D:\Users\nair\Bureau\medcompa1, avant refactoring\MedCompanion\MedCompanion_lxuytueh_wpftmp.csproj]
D:\Users\nair\Bureau\medcompa1, avant refactoring\MedCompanion\MainWindow.xaml.cs(319,47): warning CS8622: La nullabilité des types référence dans le type du paramètre 'sender' de 'void MainWindow.OnNoteClearedAfterSave(object sender, EventArgs e)' ne correspond pas au délégué cible 'EventHandler' (probablement en raison des attributs de nullabilité). [D:\Users\nair\Bureau\medcompa1, avant refactoring\MedCompanion\MedCompanion_lxuytueh_wpftmp.csproj]
D:\Users\nair\Bureau\medcompa1, avant refactoring\MedCompanion\MainWindow.xaml.cs(320,54): warning CS8622: La nullabilité des types référence dans le type du paramètre 'sender' de 'void MainWindow.OnPatientListRefreshRequested(object sender, EventArgs e)' ne correspond pas au délégué cible 'EventHandler' (probablement en raison des attributs de nullabilité). [D:\Users\nair\Bureau\medcompa1, avant refactoring\MedCompanion\MedCompanion_lxuytueh_wpftmp.csproj]
D:\Users\nair\Bureau\medcompa1, avant refactoring\MedCompanion\MainWindow.xaml.cs(321,36): warning CS8622: La nullabilité des types référence dans le type du paramètre 'sender' de 'void MainWindow.OnNoteSaved(object sender, EventArgs e)' ne correspond pas au délégué cible 'EventHandler' (probablement en raison des attributs de nullabilité). [D:\Users\nair\Bureau\medcompa1, avant refactoring\MedCompanion\MedCompanion_lxuytueh_wpftmp.csproj]
D:\Users\nair\Bureau\medcompa1, avant refactoring\MedCompanion\MainWindow.xaml.cs(325,42): warning CS8622: La nullabilité des types référence dans le type du paramètre 'sender' de 'void MainWindow.NoteViewModel_PropertyChanged(object sender, PropertyChangedEventArgs e)' ne correspond pas au délégué cible 'PropertyChangedEventHandler' (probablement en raison des attributs de nullabilité). [D:\Users\nair\Bureau\medcompa1, avant refactoring\MedCompanion\MedCompanion_lxuytueh_wpftmp.csproj]
D:\Users\nair\Bureau\medcompa1, avant refactoring\MedCompanion\Services\MCCLibraryService.cs(143,20): warning CS8603: Existence possible d'un retour de référence null. [D:\Users\nair\Bureau\medcompa1, avant refactoring\MedCompanion\MedCompanion_lxuytueh_wpftmp.csproj]
D:\Users\nair\Bureau\medcompa1, avant refactoring\MedCompanion\Services\FormulaireAssistantService.cs(418,35): warning CS1998: Cette méthode async n'a pas d'opérateur 'await' et elle s'exécutera de façon synchrone. Utilisez l'opérateur 'await' pour attendre les appels d'API non bloquants ou 'await Task.Run(…)' pour effectuer un travail utilisant le processeur sur un thread d'arrière-plan. [D:\Users\nair\Bureau\medcompa1, avant refactoring\MedCompanion\MedCompanion_lxuytueh_wpftmp.csproj]
D:\Users\nair\Bureau\medcompa1, avant refactoring\MedCompanion\Services\MCCLibraryService.cs(238,28): warning CS8603: Existence possible d'un retour de référence null. [D:\Users\nair\Bureau\medcompa1, avant refactoring\MedCompanion\MedCompanion_lxuytueh_wpftmp.csproj]
D:\Users\nair\Bureau\medcompa1, avant refactoring\MedCompanion\Services\MCCLibraryService.cs(259,24): warning CS8603: Existence possible d'un retour de référence null. [D:\Users\nair\Bureau\medcompa1, avant refactoring\MedCompanion\MedCompanion_lxuytueh_wpftmp.csproj]
D:\Users\nair\Bureau\medcompa1, avant refactoring\MedCompanion\Services\MCCLibraryService.cs(264,24): warning CS8603: Existence possible d'un retour de référence null. [D:\Users\nair\Bureau\medcompa1, avant refactoring\MedCompanion\MedCompanion_lxuytueh_wpftmp.csproj]
D:\Users\nair\Bureau\medcompa1, avant refactoring\MedCompanion\Services\FormulaireAssistantService.cs(540,50): warning CS8604: Existence possible d'un argument de référence null pour le paramètre 'item' dans 'void List<string>.Add(string item)'. [D:\Users\nair\Bureau\medcompa1, avant refactoring\MedCompanion\MedCompanion_lxuytueh_wpftmp.csproj]
D:\Users\nair\Bureau\medcompa1, avant refactoring\MedCompanion\Services\FormulaireAssistantService.cs(545,50): warning CS8604: Existence possible d'un argument de référence null pour le paramètre 'item' dans 'void List<string>.Add(string item)'. [D:\Users\nair\Bureau\medcompa1, avant refactoring\MedCompanion\MedCompanion_lxuytueh_wpftmp.csproj]
D:\Users\nair\Bureau\medcompa1, avant refactoring\MedCompanion\Services\PDFFormFillerService.cs(261,56): warning CS0618: 'PdfDocumentOpenMode.ReadOnly' est obsolète : 'ReadOnly is not implemented, use Import instead.' [D:\Users\nair\Bureau\medcompa1, avant refactoring\MedCompanion\MedCompanion_lxuytueh_wpftmp.csproj]
D:\Users\nair\Bureau\medcompa1, avant refactoring\MedCompanion\Services\MCCMatchingService.cs(238,88): warning CS8604: Existence possible d'un argument de référence null pour le paramètre 'patientContext' dans 'Task<(bool success, LetterAnalysisResult result, string? error)> PromptReformulationService.AnalyzeLetterRequestAsync(string userRequest, PatientContext patientContext = null)'. [D:\Users\nair\Bureau\medcompa1, avant refactoring\MedCompanion\MedCompanion_lxuytueh_wpftmp.csproj]
D:\Users\nair\Bureau\medcompa1, avant refactoring\MedCompanion\Services\MCCMatchingService.cs(243,28): warning CS8619: La nullabilité des types référence dans la valeur de type '(bool, MCCMatchResult?, string)' ne correspond pas au type cible '(bool success, MCCMatchResult result, string error)'. [D:\Users\nair\Bureau\medcompa1, avant refactoring\MedCompanion\MedCompanion_lxuytueh_wpftmp.csproj]
D:\Users\nair\Bureau\medcompa1, avant refactoring\MedCompanion\Services\MCCMatchingService.cs(300,28): warning CS8619: La nullabilité des types référence dans la valeur de type '(bool, MCCMatchResult, string?)' ne correspond pas au type cible '(bool success, MCCMatchResult result, string error)'. [D:\Users\nair\Bureau\medcompa1, avant refactoring\MedCompanion\MedCompanion_lxuytueh_wpftmp.csproj]
D:\Users\nair\Bureau\medcompa1, avant refactoring\MedCompanion\Services\MCCMatchingService.cs(343,28): warning CS8619: La nullabilité des types référence dans la valeur de type '(bool, MCCMatchResult, string?)' ne correspond pas au type cible '(bool success, MCCMatchResult result, string error)'. [D:\Users\nair\Bureau\medcompa1, avant refactoring\MedCompanion\MedCompanion_lxuytueh_wpftmp.csproj]
D:\Users\nair\Bureau\medcompa1, avant refactoring\MedCompanion\Services\MCCMatchingService.cs(356,28): warning CS8619: La nullabilité des types référence dans la valeur de type '(bool, MCCMatchResult, string?)' ne correspond pas au type cible '(bool success, MCCMatchResult result, string error)'. [D:\Users\nair\Bureau\medcompa1, avant refactoring\MedCompanion\MedCompanion_lxuytueh_wpftmp.csproj]
D:\Users\nair\Bureau\medcompa1, avant refactoring\MedCompanion\Services\MCCMatchingService.cs(368,24): warning CS8619: La nullabilité des types référence dans la valeur de type '(bool, MCCMatchResult?, string)' ne correspond pas au type cible '(bool success, MCCMatchResult result, string error)'. [D:\Users\nair\Bureau\medcompa1, avant refactoring\MedCompanion\MedCompanion_lxuytueh_wpftmp.csproj]
D:\Users\nair\Bureau\medcompa1, avant refactoring\MedCompanion\MainWindow.xaml.cs(1944,33): warning CS8602: Déréférencement d'une éventuelle référence null. [D:\Users\nair\Bureau\medcompa1, avant refactoring\MedCompanion\MedCompanion_lxuytueh_wpftmp.csproj]
D:\Users\nair\Bureau\medcompa1, avant refactoring\MedCompanion\MainWindow.xaml.cs(1936,28): warning CS1998: Cette méthode async n'a pas d'opérateur 'await' et elle s'exécutera de façon synchrone. Utilisez l'opérateur 'await' pour attendre les appels d'API non bloquants ou 'await Task.Run(…)' pour effectuer un travail utilisant le processeur sur un thread d'arrière-plan. [D:\Users\nair\Bureau\medcompa1, avant refactoring\MedCompanion\MedCompanion_lxuytueh_wpftmp.csproj]
D:\Users\nair\Bureau\medcompa1, avant refactoring\MedCompanion\MainWindow.xaml.cs(2067,28): warning CS8601: Existence possible d'une assignation de référence null. [D:\Users\nair\Bureau\medcompa1, avant refactoring\MedCompanion\MedCompanion_lxuytueh_wpftmp.csproj]
D:\Users\nair\Bureau\medcompa1, avant refactoring\MedCompanion\MainWindow.xaml.cs(2068,37): warning CS8601: Existence possible d'une assignation de référence null. [D:\Users\nair\Bureau\medcompa1, avant refactoring\MedCompanion\MedCompanion_lxuytueh_wpftmp.csproj]
D:\Users\nair\Bureau\medcompa1, avant refactoring\MedCompanion\MainWindow.xaml.cs(2075,28): warning CS8601: Existence possible d'une assignation de référence null. [D:\Users\nair\Bureau\medcompa1, avant refactoring\MedCompanion\MedCompanion_lxuytueh_wpftmp.csproj]
D:\Users\nair\Bureau\medcompa1, avant refactoring\MedCompanion\MainWindow.xaml.cs(2076,37): warning CS8601: Existence possible d'une assignation de référence null. [D:\Users\nair\Bureau\medcompa1, avant refactoring\MedCompanion\MedCompanion_lxuytueh_wpftmp.csproj]
D:\Users\nair\Bureau\medcompa1, avant refactoring\MedCompanion\ViewModels\NoteViewModel.cs(147,36): warning CS0067: L'événement 'NoteViewModel.NotesListRefreshRequested' n'est jamais utilisé [D:\Users\nair\Bureau\medcompa1, avant refactoring\MedCompanion\MedCompanion_lxuytueh_wpftmp.csproj]
D:\Users\nair\Bureau\medcompa1, avant refactoring\MedCompanion\Views\Ordonnances\OrdonnancesControl.xaml.cs(22,36): warning CS0067: L'événement 'OrdonnancesControl.OrdonnancesListRefreshRequested' n'est jamais utilisé [D:\Users\nair\Bureau\medcompa1, avant refactoring\MedCompanion\MedCompanion_lxuytueh_wpftmp.csproj]
D:\Users\nair\Bureau\medcompa1, avant refactoring\MedCompanion\ViewModels\AttestationViewModel.cs(39,44): warning CS0067: L'événement 'AttestationViewModel.FileDeleteRequested' n'est jamais utilisé [D:\Users\nair\Bureau\medcompa1, avant refactoring\MedCompanion\MedCompanion_lxuytueh_wpftmp.csproj]
D:\Users\nair\Bureau\medcompa1, avant refactoring\MedCompanion\MainWindow.Documents.cs(25,21): warning CS0414: Le champ 'MainWindow._lastGeneratedLetterRequest' est assigné, mais sa valeur n'est jamais utilisée [D:\Users\nair\Bureau\medcompa1, avant refactoring\MedCompanion\MedCompanion_lxuytueh_wpftmp.csproj]
D:\Users\nair\Bureau\medcompa1, avant refactoring\MedCompanion\Dialogs\MDPHAssistantDialog.xaml.cs(370,13): error CS0103: Le nom 'PdfPreviousPageButton' n'existe pas dans le contexte actuel [D:\Users\nair\Bureau\medcompa1, avant refactoring\MedCompanion\MedCompanion_lxuytueh_wpftmp.csproj]
D:\Users\nair\Bureau\medcompa1, avant refactoring\MedCompanion\Dialogs\MDPHAssistantDialog.xaml.cs(371,13): error CS0103: Le nom 'PdfNextPageButton' n'existe pas dans le contexte actuel [D:\Users\nair\Bureau\medcompa1, avant refactoring\MedCompanion\MedCompanion_lxuytueh_wpftmp.csproj]
D:\Users\nair\Bureau\medcompa1, avant refactoring\MedCompanion\Dialogs\MDPHAssistantDialog.xaml.cs(372,13): error CS0103: Le nom 'PdfZoomInButton' n'existe pas dans le contexte actuel [D:\Users\nair\Bureau\medcompa1, avant refactoring\MedCompanion\MedCompanion_lxuytueh_wpftmp.csproj]
D:\Users\nair\Bureau\medcompa1, avant refactoring\MedCompanion\Dialogs\MDPHAssistantDialog.xaml.cs(373,13): error CS0103: Le nom 'PdfZoomOutButton' n'existe pas dans le contexte actuel [D:\Users\nair\Bureau\medcompa1, avant refactoring\MedCompanion\MedCompanion_lxuytueh_wpftmp.csproj]
D:\Users\nair\Bureau\medcompa1, avant refactoring\MedCompanion\Dialogs\MDPHAssistantDialog.xaml.cs(390,13): error CS0103: Le nom 'PdfPreviousPageButton' n'existe pas dans le contexte actuel [D:\Users\nair\Bureau\medcompa1, avant refactoring\MedCompanion\MedCompanion_lxuytueh_wpftmp.csproj]
D:\Users\nair\Bureau\medcompa1, avant refactoring\MedCompanion\Dialogs\MDPHAssistantDialog.xaml.cs(391,13): error CS0103: Le nom 'PdfNextPageButton' n'existe pas dans le contexte actuel [D:\Users\nair\Bureau\medcompa1, avant refactoring\MedCompanion\MedCompanion_lxuytueh_wpftmp.csproj]
D:\Users\nair\Bureau\medcompa1, avant refactoring\MedCompanion\Dialogs\MDPHAssistantDialog.xaml.cs(392,13): error CS0103: Le nom 'PdfZoomInButton' n'existe pas dans le contexte actuel [D:\Users\nair\Bureau\medcompa1, avant refactoring\MedCompanion\MedCompanion_lxuytueh_wpftmp.csproj]
D:\Users\nair\Bureau\medcompa1, avant refactoring\MedCompanion\Dialogs\MDPHAssistantDialog.xaml.cs(393,13): error CS0103: Le nom 'PdfZoomOutButton' n'existe pas dans le contexte actuel [D:\Users\nair\Bureau\medcompa1, avant refactoring\MedCompanion\MedCompanion_lxuytueh_wpftmp.csproj]
D:\Users\nair\Bureau\medcompa1, avant refactoring\MedCompanion\Dialogs\MDPHAssistantDialog.xaml.cs(694,9): error CS0103: Le nom 'PdfPageIndicator' n'existe pas dans le contexte actuel [D:\Users\nair\Bureau\medcompa1, avant refactoring\MedCompanion\MedCompanion_lxuytueh_wpftmp.csproj]
    106 Avertissement(s)
    9 Erreur(s)

Temps écoulé 00:00:04.00
